Component: ARM Compiler 6.14 Tool: armlink [5db06800]

==============================================================================

Section Cross References

    startup_mimxrt1062.o(.text) refers to startup_mimxrt1062.o(.isr_vector) for __Vectors
    startup_mimxrt1062.o(.text) refers to system_mimxrt1062.o(.text.SystemInit) for SystemInit
    startup_mimxrt1062.o(.text) refers to entry.o(.ARM.Collect$$$$00000000) for __main
    startup_mimxrt1062.o(.text) refers to fsl_edma.o(.text.DMA0_DMA16_DriverIRQHandler) for DMA0_DMA16_DriverIRQHandler
    startup_mimxrt1062.o(.text) refers to fsl_edma.o(.text.DMA1_DMA17_DriverIRQHandler) for DMA1_DMA17_DriverIRQHandler
    startup_mimxrt1062.o(.text) refers to fsl_edma.o(.text.DMA2_DMA18_DriverIRQHandler) for DMA2_DMA18_DriverIRQHandler
    startup_mimxrt1062.o(.text) refers to fsl_edma.o(.text.DMA3_DMA19_DriverIRQHandler) for DMA3_DMA19_DriverIRQHandler
    startup_mimxrt1062.o(.text) refers to fsl_edma.o(.text.DMA4_DMA20_DriverIRQHandler) for DMA4_DMA20_DriverIRQHandler
    startup_mimxrt1062.o(.text) refers to fsl_edma.o(.text.DMA5_DMA21_DriverIRQHandler) for DMA5_DMA21_DriverIRQHandler
    startup_mimxrt1062.o(.text) refers to fsl_edma.o(.text.DMA6_DMA22_DriverIRQHandler) for DMA6_DMA22_DriverIRQHandler
    startup_mimxrt1062.o(.text) refers to fsl_edma.o(.text.DMA7_DMA23_DriverIRQHandler) for DMA7_DMA23_DriverIRQHandler
    startup_mimxrt1062.o(.text) refers to fsl_edma.o(.text.DMA8_DMA24_DriverIRQHandler) for DMA8_DMA24_DriverIRQHandler
    startup_mimxrt1062.o(.text) refers to fsl_edma.o(.text.DMA9_DMA25_DriverIRQHandler) for DMA9_DMA25_DriverIRQHandler
    startup_mimxrt1062.o(.text) refers to fsl_edma.o(.text.DMA10_DMA26_DriverIRQHandler) for DMA10_DMA26_DriverIRQHandler
    startup_mimxrt1062.o(.text) refers to fsl_edma.o(.text.DMA11_DMA27_DriverIRQHandler) for DMA11_DMA27_DriverIRQHandler
    startup_mimxrt1062.o(.text) refers to fsl_edma.o(.text.DMA12_DMA28_DriverIRQHandler) for DMA12_DMA28_DriverIRQHandler
    startup_mimxrt1062.o(.text) refers to fsl_edma.o(.text.DMA13_DMA29_DriverIRQHandler) for DMA13_DMA29_DriverIRQHandler
    startup_mimxrt1062.o(.text) refers to fsl_edma.o(.text.DMA14_DMA30_DriverIRQHandler) for DMA14_DMA30_DriverIRQHandler
    startup_mimxrt1062.o(.text) refers to fsl_edma.o(.text.DMA15_DMA31_DriverIRQHandler) for DMA15_DMA31_DriverIRQHandler
    startup_mimxrt1062.o(.text) refers to fsl_lpuart.o(.text.LPUART1_DriverIRQHandler) for LPUART1_DriverIRQHandler
    startup_mimxrt1062.o(.text) refers to fsl_lpuart.o(.text.LPUART2_DriverIRQHandler) for LPUART2_DriverIRQHandler
    startup_mimxrt1062.o(.text) refers to fsl_lpuart.o(.text.LPUART3_DriverIRQHandler) for LPUART3_DriverIRQHandler
    startup_mimxrt1062.o(.text) refers to fsl_lpuart.o(.text.LPUART4_DriverIRQHandler) for LPUART4_DriverIRQHandler
    startup_mimxrt1062.o(.text) refers to fsl_lpuart.o(.text.LPUART5_DriverIRQHandler) for LPUART5_DriverIRQHandler
    startup_mimxrt1062.o(.text) refers to fsl_lpuart.o(.text.LPUART6_DriverIRQHandler) for LPUART6_DriverIRQHandler
    startup_mimxrt1062.o(.text) refers to fsl_lpuart.o(.text.LPUART7_DriverIRQHandler) for LPUART7_DriverIRQHandler
    startup_mimxrt1062.o(.text) refers to fsl_lpuart.o(.text.LPUART8_DriverIRQHandler) for LPUART8_DriverIRQHandler
    startup_mimxrt1062.o(.text) refers to fsl_lpi2c.o(.text.LPI2C1_DriverIRQHandler) for LPI2C1_DriverIRQHandler
    startup_mimxrt1062.o(.text) refers to fsl_lpi2c.o(.text.LPI2C2_DriverIRQHandler) for LPI2C2_DriverIRQHandler
    startup_mimxrt1062.o(.text) refers to fsl_lpi2c.o(.text.LPI2C3_DriverIRQHandler) for LPI2C3_DriverIRQHandler
    startup_mimxrt1062.o(.text) refers to fsl_lpi2c.o(.text.LPI2C4_DriverIRQHandler) for LPI2C4_DriverIRQHandler
    startup_mimxrt1062.o(.text) refers to fsl_lpspi.o(.text.LPSPI1_DriverIRQHandler) for LPSPI1_DriverIRQHandler
    startup_mimxrt1062.o(.text) refers to fsl_lpspi.o(.text.LPSPI2_DriverIRQHandler) for LPSPI2_DriverIRQHandler
    startup_mimxrt1062.o(.text) refers to fsl_lpspi.o(.text.LPSPI3_DriverIRQHandler) for LPSPI3_DriverIRQHandler
    startup_mimxrt1062.o(.text) refers to fsl_lpspi.o(.text.LPSPI4_DriverIRQHandler) for LPSPI4_DriverIRQHandler
    startup_mimxrt1062.o(.text) refers to fsl_flexcan.o(.text.CAN1_DriverIRQHandler) for CAN1_DriverIRQHandler
    startup_mimxrt1062.o(.text) refers to fsl_flexcan.o(.text.CAN2_DriverIRQHandler) for CAN2_DriverIRQHandler
    startup_mimxrt1062.o(.text) refers to fsl_sai.o(.text.SAI1_DriverIRQHandler) for SAI1_DriverIRQHandler
    startup_mimxrt1062.o(.text) refers to fsl_sai.o(.text.SAI2_DriverIRQHandler) for SAI2_DriverIRQHandler
    startup_mimxrt1062.o(.text) refers to fsl_sai.o(.text.SAI3_RX_DriverIRQHandler) for SAI3_RX_DriverIRQHandler
    startup_mimxrt1062.o(.text) refers to fsl_sai.o(.text.SAI3_TX_DriverIRQHandler) for SAI3_TX_DriverIRQHandler
[...]
    ENC4_IRQHandler                          0x0000043d   Thumb Code     4  startup_mimxrt1062.o(.text)
    ENET2_1588_Timer_DriverIRQHandler        0x0000043d   Thumb Code     4  startup_mimxrt1062.o(.text)
    ENET_1588_Timer_DriverIRQHandler         0x0000043d   Thumb Code     4  startup_mimxrt1062.o(.text)
    EWM_IRQHandler                           0x0000043d   Thumb Code     4  startup_mimxrt1062.o(.text)
    FLEXRAM_IRQHandler                       0x0000043d   Thumb Code     4  startup_mimxrt1062.o(.text)
    FLEXSPI2_DriverIRQHandler                0x0000043d   Thumb Code     4  startup_mimxrt1062.o(.text)
    GPC_IRQHandler                           0x0000043d   Thumb Code     4  startup_mimxrt1062.o(.text)
    GPIO1_Combined_0_15_IRQHandler           0x0000043d   Thumb Code     4  startup_mimxrt1062.o(.text)
    GPIO1_Combined_16_31_IRQHandler          0x0000043d   Thumb Code     4  startup_mimxrt1062.o(.text)
    GPIO1_INT0_IRQHandler                    0x0000043d   Thumb Code     4  startup_mimxrt1062.o(.text)
    GPIO1_INT1_IRQHandler                    0x0000043d   Thumb Code     4  startup_mimxrt1062.o(.text)
    GPIO1_INT2_IRQHandler                    0x0000043d   Thumb Code     4  startup_mimxrt1062.o(.text)
    GPIO1_INT3_IRQHandler                    0x0000043d   Thumb Code     4  startup_mimxrt1062.o(.text)
    GPIO1_INT4_IRQHandler                    0x0000043d   Thumb Code     4  startup_mimxrt1062.o(.text)
    GPIO1_INT5_IRQHandler                    0x0000043d   Thumb Code     4  startup_mimxrt1062.o(.text)
    GPIO1_INT6_IRQHandler                    0x0000043d   Thumb Code     4  startup_mimxrt1062.o(.text)
    GPIO1_INT7_IRQHandler                    0x0000043d   Thumb Code     4  startup_mimxrt1062.o(.text)
    GPIO2_Combined_0_15_IRQHandler           0x0000043d   Thumb Code     4  startup_mimxrt1062.o(.text)
    GPIO2_Combined_16_31_IRQHandler          0x0000043d   Thumb Code     4  startup_mimxrt1062.o(.text)
    GPIO3_Combined_0_15_IRQHandler           0x0000043d   Thumb Code     4  startup_mimxrt1062.o(.text)
    GPIO3_Combined_16_31_IRQHandler          0x0000043d   Thumb Code     4  startup_mimxrt1062.o(.text)
    GPIO4_Combined_0_15_IRQHandler           0x0000043d   Thumb Code     4  startup_mimxrt1062.o(.text)
    GPIO4_Combined_16_31_IRQHandler          0x0000043d   Thumb Code     4  startup_mimxrt1062.o(.text)
    GPIO5_Combined_0_15_IRQHandler           0x0000043d   Thumb Code     4  startup_mimxrt1062.o(.text)
    GPIO5_Combined_16_31_IRQHandler          0x0000043d   Thumb Code     4  startup_mimxrt1062.o(.text)
    GPIO6_7_8_9_IRQHandler                   0x0000043d   Thumb Code     4  startup_mimxrt1062.o(.text)
    GPR_IRQ_IRQHandler                       0x0000043d   Thumb Code     4  startup_mimxrt1062.o(.text)
    GPT1_IRQHandler                          0x0000043d   Thumb Code     4  startup_mimxrt1062.o(.text)
    GPT2_IRQHandler                          0x0000043d   Thumb Code     4  startup_mimxrt1062.o(.text)
    KPP_IRQHandler                           0x0000043d   Thumb Code     4  startup_mimxrt1062.o(.text)
    LCDIF_IRQHandler                         0x0000043d   Thumb Code     4  startup_mimxrt1062.o(.text)
    MemManage_Handler                        0x0000043d   Thumb Code     4  startup_mimxrt1062.o(.text)
    PIT_IRQHandler                           0x0000043d   Thumb Code     4  startup_mimxrt1062.o(.text)
    PMU_EVENT_IRQHandler                     0x0000043d   Thumb Code     4  startup_mimxrt1062.o(.text)
    PWM1_0_IRQHandler                        0x0000043d   Thumb Code     4  startup_mimxrt1062.o(.text)
    PWM1_1_IRQHandler                        0x0000043d   Thumb Code     4  startup_mimxrt1062.o(.text)
    PWM1_2_IRQHandler                        0x0000043d   Thumb Code     4  startup_mimxrt1062.o(.text)
    PWM1_3_IRQHandler                        0x0000043d   Thumb Code     4  startup_mimxrt1062.o(.text)
    PWM1_FAULT_IRQHandler                    0x0000043d   Thumb Code     4  startup_mimxrt1062.o(.text)
    PWM2_0_IRQHandler                        0x0000043d   Thumb Code     4  startup_mimxrt1062.o(.text)
    PWM2_1_IRQHandler                        0x0000043d   Thumb Code     4  startup_mimxrt1062.o(.text)
    PWM2_2_IRQHandler                        0x0000043d   Thumb Code     4  startup_mimxrt1062.o(.text)
    PWM2_3_IRQHandler                        0x0000043d   Thumb Code     4  startup_mimxrt1062.o(.text)
    PWM2_FAULT_IRQHandler                    0x0000043d   Thumb Code     4  startup_mimxrt1062.o(.text)
    PWM3_0_IRQHandler                        0x0000043d   Thumb Code     4  startup_mimxrt1062.o(.text)
    PWM3_1_IRQHandler                        0x0000043d   Thumb Code     4  startup_mimxrt1062.o(.text)
    PWM3_2_IRQHandler                        0x0000043d   Thumb Code     4  startup_mimxrt1062.o(.text)
    PWM3_3_IRQHandler                        0x0000043d   Thumb Code     4  startup_mimxrt1062.o(.text)
    PWM3_FAULT_IRQHandler                    0x0000043d   Thumb Code     4  startup_mimxrt1062.o(.text)
    PWM4_0_IRQHandler                        0x0000043d   Thumb Code     4  startup_mimxrt1062.o(.text)
    PWM4_1_IRQHandler                        0x0000043d   Thumb Code     4  startup_mimxrt1062.o(.text)
    PWM4_2_IRQHandler                        0x0000043d   Thumb Code     4  startup_mimxrt1062.o(.text)
    PWM4_3_IRQHandler                        0x0000043d   Thumb Code     4  startup_mimxrt1062.o(.text)
    PWM4_FAULT_IRQHandler                    0x0000043d   Thumb Code     4  startup_mimxrt1062.o(.text)
    PXP_IRQHandler                           0x0000043d   Thumb Code     4  startup_mimxrt1062.o(.text)
    RTWDOG_IRQHandler                        0x0000043d   Thumb Code     4  startup_mimxrt1062.o(.text)
    Reserved115_IRQHandler                   0x0000043d   Thumb Code     4  startup_mimxrt1062.o(.text)
    Reserved143_IRQHandler                   0x0000043d   Thumb Code     4  startup_mimxrt1062.o(.text)
    Reserved144_IRQHandler                   0x0000043d   Thumb Code     4  startup_mimxrt1062.o(.text)
    Reserved171_IRQHandler                   0x0000043d   Thumb Code     4  startup_mimxrt1062.o(.text)
    Reserved68_IRQHandler                    0x0000043d   Thumb Code     4  startup_mimxrt1062.o(.text)
    Reserved78_IRQHandler                    0x0000043d   Thumb Code     4  startup_mimxrt1062.o(.text)
    Reserved86_IRQHandler                    0x0000043d   Thumb Code     4  startup_mimxrt1062.o(.text)
    Reserved87_IRQHandler                    0x0000043d   Thumb Code     4  startup_mimxrt1062.o(.text)
    SEMC_IRQHandler                          0x0000043d   Thumb Code     4  startup_mimxrt1062.o(.text)
    SJC_IRQHandler                           0x0000043d   Thumb Code     4  startup_mimxrt1062.o(.text)
    SNVS_HP_WRAPPER_IRQHandler               0x0000043d   Thumb Code     4  startup_mimxrt1062.o(.text)
    SNVS_HP_WRAPPER_TZ_IRQHandler            0x0000043d   Thumb Code     4  startup_mimxrt1062.o(.text)
    SNVS_LP_WRAPPER_IRQHandler               0x0000043d   Thumb Code     4  startup_mimxrt1062.o(.text)
    SRC_IRQHandler                           0x0000043d   Thumb Code     4  startup_mimxrt1062.o(.text)
    TEMP_LOW_HIGH_IRQHandler                 0x0000043d   Thumb Code     4  startup_mimxrt1062.o(.text)
    TEMP_PANIC_IRQHandler                    0x0000043d   Thumb Code     4  startup_mimxrt1062.o(.text)
    TMR1_IRQHandler                          0x0000043d   Thumb Code     4  startup_mimxrt1062.o(.text)
    TMR2_IRQHandler                          0x0000043d   Thumb Code     4  startup_mimxrt1062.o(.text)
    TMR3_IRQHandler                          0x0000043d   Thumb Code     4  startup_mimxrt1062.o(.text)
    TMR4_IRQHandler                          0x0000043d   Thumb Code     4  startup_mimxrt1062.o(.text)
    TRNG_IRQHandler                          0x0000043d   Thumb Code     4  startup_mimxrt1062.o(.text)
    TSC_DIG_IRQHandler                       0x0000043d   Thumb Code     4  startup_mimxrt1062.o(.text)
    USB_OTG1_IRQHandler                      0x0000043d   Thumb Code     4  startup_mimxrt1062.o(.text)
    USB_OTG2_IRQHandler                      0x0000043d   Thumb Code     4  startup_mimxrt1062.o(.text)
    USB_PHY1_IRQHandler                      0x0000043d   Thumb Code     4  startup_mimxrt1062.o(.text)
    USB_PHY2_IRQHandler                      0x0000043d   Thumb Code     4  startup_mimxrt1062.o(.text)
    UsageFault_Handler                       0x0000043d   Thumb Code     4  startup_mimxrt1062.o(.text)
    WDOG1_IRQHandler                         0x0000043d   Thumb Code     4  startup_mimxrt1062.o(.text)
    WDOG2_IRQHandler                         0x0000043d   Thumb Code     4  startup_mimxrt1062.o(.text)
    XBAR1_IRQ_0_1_IRQHandler                 0x0000043d   Thumb Code     4  startup_mimxrt1062.o(.text)
    XBAR1_IRQ_2_3_IRQHandler                 0x0000043d   Thumb Code     4  startup_mimxrt1062.o(.text)
    NMI_Handler                              0x00000441   Thumb Code     4  startup_mimxrt1062.o(.text)
    HardFault_Handler                        0x00000445   Thumb Code     4  startup_mimxrt1062.o(.text)
    SVC_Handler                              0x00000449   Thumb Code     4  startup_mimxrt1062.o(.text)
    PendSV_Handler                           0x0000044d   Thumb Code     4  startup_mimxrt1062.o(.text)
    SysTick_Handler                          0x00000451   Thumb Code     4  startup_mimxrt1062.o(.text)
    DMA0_DMA16_IRQHandler                    0x00000455   Thumb Code     4  startup_mimxrt1062.o(.text)
    DMA1_DMA17_IRQHandler                    0x00000459   Thumb Code     4  startup_mimxrt1062.o(.text)
    DMA2_DMA18_IRQHandler                    0x0000045d   Thumb Code     4  startup_mimxrt1062.o(.text)
    DMA3_DMA19_IRQHandler                    0x00000461   Thumb Code     4  startup_mimxrt1062.o(.text)
    DMA4_DMA20_IRQHandler                    0x00000465   Thumb Code     4  startup_mimxrt1062.o(.text)
    DMA5_DMA21_IRQHandler                    0x00000469   Thumb Code     4  startup_mimxrt1062.o(.text)
    DMA6_DMA22_IRQHandler                    0x0000046d   Thumb Code     4  startup_mimxrt1062.o(.text)
    DMA7_DMA23_IRQHandler                    0x00000471   Thumb Code     4  startup_mimxrt1062.o(.text)
    DMA8_DMA24_IRQHandler                    0x00000475   Thumb Code     4  startup_mimxrt1062.o(.text)
    DMA9_DMA25_IRQHandler                    0x00000479   Thumb Code     4  startup_mimxrt1062.o(.text)
    DMA10_DMA26_IRQHandler                   0x0000047d   Thumb Code     4  startup_mimxrt1062.o(.text)
    DMA11_DMA27_IRQHandler                   0x00000481   Thumb Code     4  startup_mimxrt1062.o(.text)
    DMA12_DMA28_IRQHandler                   0x00000485   Thumb Code     4  startup_mimxrt1062.o(.text)
    DMA13_DMA29_IRQHandler                   0x00000489   Thumb Code     4  startup_mimxrt1062.o(.text)
    DMA14_DMA30_IRQHandler                   0x0000048d   Thumb Code     4  startup_mimxrt1062.o(.text)
    DMA15_DMA31_IRQHandler                   0x00000491   Thumb Code     4  startup_mimxrt1062.o(.text)
    DMA_ERROR_IRQHandler                     0x00000495   Thumb Code     4  startup_mimxrt1062.o(.text)
    LPUART1_IRQHandler                       0x00000499   Thumb Code     4  startup_mimxrt1062.o(.text)
    LPUART2_IRQHandler                       0x0000049d   Thumb Code     4  startup_mimxrt1062.o(.text)
    LPUART3_IRQHandler                       0x000004a1   Thumb Code     4  startup_mimxrt1062.o(.text)
    LPUART4_IRQHandler                       0x000004a5   Thumb Code     4  startup_mimxrt1062.o(.text)
    LPUART5_IRQHandler                       0x000004a9   Thumb Code     4  startup_mimxrt1062.o(.text)
    LPUART6_IRQHandler                       0x000004ad   Thumb Code     4  startup_mimxrt1062.o(.text)
    LPUART7_IRQHandler                       0x000004b1   Thumb Code     4  startup_mimxrt1062.o(.text)
    LPUART8_IRQHandler                       0x000004b5   Thumb Code     4  startup_mimxrt1062.o(.text)
    LPI2C1_IRQHandler                        0x000004b9   Thumb Code     4  startup_mimxrt1062.o(.text)
    LPI2C2_IRQHandler                        0x000004bd   Thumb Code     4  startup_mimxrt1062.o(.text)
    LPI2C3_IRQHandler                        0x000004c1   Thumb Code     4  startup_mimxrt1062.o(.text)
    LPI2C4_IRQHandler                        0x000004c5   Thumb Code     4  startup_mimxrt1062.o(.text)
    LPSPI1_IRQHandler                        0x000004c9   Thumb Code     4  startup_mimxrt1062.o(.text)
    LPSPI2_IRQHandler                        0x000004cd   Thumb Code     4  startup_mimxrt1062.o(.text)
    LPSPI3_IRQHandler                        0x000004d1   Thumb Code     4  startup_mimxrt1062.o(.text)
    LPSPI4_IRQHandler                        0x000004d5   Thumb Code     4  startup_mimxrt1062.o(.text)
    CAN1_IRQHandler                          0x000004d9   Thumb Code     4  startup_mimxrt1062.o(.text)
    CAN2_IRQHandler                          0x000004dd   Thumb Code     4  startup_mimxrt1062.o(.text)
    SAI1_IRQHandler                          0x000004e1   Thumb Code     4  startup_mimxrt1062.o(.text)
    SAI2_IRQHandler                          0x000004e5   Thumb Code     4  startup_mimxrt1062.o(.text)
    SAI3_RX_IRQHandler                       0x000004e9   Thumb Code     4  startup_mimxrt1062.o(.text)
    SAI3_TX_IRQHandler                       0x000004ed   Thumb Code     4  startup_mimxrt1062.o(.text)
    SPDIF_IRQHandler                         0x000004f1   Thumb Code     4  startup_mimxrt1062.o(.text)
    FLEXIO1_IRQHandler                       0x000004f5   Thumb Code     4  startup_mimxrt1062.o(.text)
    FLEXIO2_IRQHandler                       0x000004f9   Thumb Code     4  startup_mimxrt1062.o(.text)
    FLEXSPI2_IRQHandler                      0x000004fd   Thumb Code     4  startup_mimxrt1062.o(.text)
    FLEXSPI_IRQHandler                       0x00000501   Thumb Code     4  startup_mimxrt1062.o(.text)
    USDHC1_IRQHandler                        0x00000505   Thumb Code     4  startup_mimxrt1062.o(.text)
    USDHC2_IRQHandler                        0x00000509   Thumb Code     4  startup_mimxrt1062.o(.text)
    ENET_IRQHandler                          0x0000050d   Thumb Code     4  startup_mimxrt1062.o(.text)
    ENET2_IRQHandler                         0x00000515   Thumb Code     4  startup_mimxrt1062.o(.text)
    ENET2_1588_Timer_IRQHandler              0x00000519   Thumb Code     4  startup_mimxrt1062.o(.text)
    CAN3_IRQHandler                          0x0000051d   Thumb Code     4  startup_mimxrt1062.o(.text)
    FLEXIO3_IRQHandler                       0x00000521   Thumb Code     4  startup_mimxrt1062.o(.text)
    __aeabi_uldivmod                         0x00000609   Thumb Code    98  uldiv.o(.text)
    ___aeabi_memcpy4$ret                     0x0000066b   Thumb Code     0  memcpy.o(.text)
    ___aeabi_memcpy8$ret                     0x0000066b   Thumb Code     0  memcpy.o(.text)
    __aeabi_memcpy                           0x0000066b   Thumb Code    40  memcpy.o(.text)
    memcpy                                   0x0000066b   Thumb Code     0  memcpy.o(.text)
    __aeabi_memset                           0x00000693   Thumb Code    14  memseta.o(.text)
    __aeabi_memset4                          0x00000693   Thumb Code     0  memseta.o(.text)
    __aeabi_memset8                          0x00000693   Thumb Code     0  memseta.o(.text)
    __aeabi_memclr                           0x000006a1   Thumb Code     4  memseta.o(.text)
    __aeabi_memclr4                          0x000006a1   Thumb Code     0  memseta.o(.text)
    __aeabi_memclr8                          0x000006a1   Thumb Code     0  memseta.o(.text)
    memset                                   0x000006a5   Thumb Code    18  memseta.o(.text)
    __aeabi_uidiv                            0x000006b7   Thumb Code     0  uidiv.o(.text)
    __aeabi_uidivmod                         0x000006b7   Thumb Code    44  uidiv.o(.text)
    __aeabi_llsl                             0x000006e3   Thumb Code    30  llshl.o(.text)
    _ll_shift_l                              0x000006e3   Thumb Code     0  llshl.o(.text)
    __aeabi_llsr                             0x00000701   Thumb Code    32  llushr.o(.text)
    _ll_ushift_r                             0x00000701   Thumb Code     0  llushr.o(.text)
    __scatterload                            0x00000721   Thumb Code    28  init.o(.text)
    __scatterload_rt2                        0x00000721   Thumb Code     0  init.o(.text)
    BOARD_BootClockRUN                       0x00000789   Thumb Code   842  clock_config.o(.text.BOARD_BootClockRUN)
    BOARD_ConfigMPU                          0x00000ad9   Thumb Code   436  board.o(.text.BOARD_ConfigMPU)
    BOARD_DebugConsoleSrcFreq                0x00000c91   Thumb Code    52  board.o(.text.BOARD_DebugConsoleSrcFreq)
    BOARD_InitPins                           0x00000cc9   Thumb Code   188  pin_mux.o(.text.BOARD_InitPins)
    CAN1_DriverIRQHandler                    0x00000d89   Thumb Code    36  fsl_flexcan.o(.text.CAN1_DriverIRQHandler)
    CAN2_DriverIRQHandler                    0x00000db1   Thumb Code    38  fsl_flexcan.o(.text.CAN2_DriverIRQHandler)
    CAN3_DriverIRQHandler                    0x00000dd9   Thumb Code    38  fsl_flexcan.o(.text.CAN3_DriverIRQHandler)
    CLOCK_GetAhbFreq                         0x00000ed1   Thumb Code    28  fsl_clock.o(.text.CLOCK_GetAhbFreq)
    CLOCK_GetFreq                            0x00000f11   Thumb Code   310  fsl_clock.o(.text.CLOCK_GetFreq)
    CLOCK_GetIpgFreq                         0x00001049   Thumb Code    28  fsl_clock.o(.text.CLOCK_GetIpgFreq)
    CLOCK_GetPerClkFreq                      0x000010c9   Thumb Code    40  fsl_clock.o(.text.CLOCK_GetPerClkFreq)
    CLOCK_GetPllFreq                         0x00001199   Thumb Code   584  fsl_clock.o(.text.CLOCK_GetPllFreq)
    CLOCK_GetSemcFreq                        0x00001409   Thumb Code    56  fsl_clock.o(.text.CLOCK_GetSemcFreq)
    CLOCK_GetSysPfdFreq                      0x00001441   Thumb Code    98  fsl_clock.o(.text.CLOCK_GetSysPfdFreq)
    CLOCK_GetUsb1PfdFreq                     0x000014a9   Thumb Code    98  fsl_clock.o(.text.CLOCK_GetUsb1PfdFreq)
    CLOCK_InitArmPll                         0x00001511   Thumb Code    70  fsl_clock.o(.text.CLOCK_InitArmPll)
    CLOCK_InitSysPfd                         0x00001559   Thumb Code    54  fsl_clock.o(.text.CLOCK_InitSysPfd)
    CLOCK_InitSysPll                         0x00001591   Thumb Code   110  fsl_clock.o(.text.CLOCK_InitSysPll)
    CLOCK_InitUsb1Pll                        0x00001601   Thumb Code    66  fsl_clock.o(.text.CLOCK_InitUsb1Pll)
    DCACHE_CleanByRange                      0x000018c9   Thumb Code     8  fsl_cache.o(.text.DCACHE_CleanByRange)
    DCACHE_InvalidateByRange                 0x000018d1   Thumb Code     8  fsl_cache.o(.text.DCACHE_InvalidateByRange)
    DMA0_DMA16_DriverIRQHandler              0x000018d9   Thumb Code    60  fsl_edma.o(.text.DMA0_DMA16_DriverIRQHandler)
    DMA10_DMA26_DriverIRQHandler             0x00001919   Thumb Code    60  fsl_edma.o(.text.DMA10_DMA26_DriverIRQHandler)
    DMA11_DMA27_DriverIRQHandler             0x00001959   Thumb Code    60  fsl_edma.o(.text.DMA11_DMA27_DriverIRQHandler)
    DMA12_DMA28_DriverIRQHandler             0x00001999   Thumb Code    60  fsl_edma.o(.text.DMA12_DMA28_DriverIRQHandler)
    DMA13_DMA29_DriverIRQHandler             0x000019d9   Thumb Code    60  fsl_edma.o(.text.DMA13_DMA29_DriverIRQHandler)
    DMA14_DMA30_DriverIRQHandler             0x00001a19   Thumb Code    60  fsl_edma.o(.text.DMA14_DMA30_DriverIRQHandler)
    DMA15_DMA31_DriverIRQHandler             0x00001a59   Thumb Code    60  fsl_edma.o(.text.DMA15_DMA31_DriverIRQHandler)
    DMA1_DMA17_DriverIRQHandler              0x00001a99   Thumb Code    60  fsl_edma.o(.text.DMA1_DMA17_DriverIRQHandler)
    DMA2_DMA18_DriverIRQHandler              0x00001ad9   Thumb Code    60  fsl_edma.o(.text.DMA2_DMA18_DriverIRQHandler)
    DMA3_DMA19_DriverIRQHandler              0x00001b19   Thumb Code    60  fsl_edma.o(.text.DMA3_DMA19_DriverIRQHandler)
    DMA4_DMA20_DriverIRQHandler              0x00001b59   Thumb Code    60  fsl_edma.o(.text.DMA4_DMA20_DriverIRQHandler)
    DMA5_DMA21_DriverIRQHandler              0x00001b99   Thumb Code    60  fsl_edma.o(.text.DMA5_DMA21_DriverIRQHandler)
    DMA6_DMA22_DriverIRQHandler              0x00001bd9   Thumb Code    60  fsl_edma.o(.text.DMA6_DMA22_DriverIRQHandler)
    DMA7_DMA23_DriverIRQHandler              0x00001c19   Thumb Code    60  fsl_edma.o(.text.DMA7_DMA23_DriverIRQHandler)
    DMA8_DMA24_DriverIRQHandler              0x00001c59   Thumb Code    60  fsl_edma.o(.text.DMA8_DMA24_DriverIRQHandler)
    DMA9_DMA25_DriverIRQHandler              0x00001c99   Thumb Code    60  fsl_edma.o(.text.DMA9_DMA25_DriverIRQHandler)
    EDMA_GetChannelStatusFlags               0x00001ce9   Thumb Code    38  fsl_edma.o(.text.EDMA_GetChannelStatusFlags)
    EDMA_HandleIRQ                           0x00001d11   Thumb Code   182  fsl_edma.o(.text.EDMA_HandleIRQ)
    ENET2_DriverIRQHandler                   0x00001dc9   Thumb Code    20  fsl_enet.o(.text.ENET2_DriverIRQHandler)
    ENET_1588_Timer_IRQHandler               0x00001de1   Thumb Code     6  fsl_enet.o(.text.ENET_1588_Timer_IRQHandler)
    ENET_CommonFrame0IRQHandler              0x00001de9   Thumb Code   136  fsl_enet.o(.text.ENET_CommonFrame0IRQHandler)
    ENET_DriverIRQHandler                    0x00001e71   Thumb Code    20  fsl_enet.o(.text.ENET_DriverIRQHandler)
    ENET_GetInstance                         0x00001e89   Thumb Code    40  fsl_enet.o(.text.ENET_GetInstance)
    FLEXIO1_DriverIRQHandler                 0x00001eb1   Thumb Code     8  fsl_flexio.o(.text.FLEXIO1_DriverIRQHandler)
    FLEXIO2_DriverIRQHandler                 0x00001eb9   Thumb Code     8  fsl_flexio.o(.text.FLEXIO2_DriverIRQHandler)
    FLEXIO3_DriverIRQHandler                 0x00001ec1   Thumb Code     8  fsl_flexio.o(.text.FLEXIO3_DriverIRQHandler)
    FLEXSPI_CheckAndClearError               0x00001f11   Thumb Code    84  fsl_flexspi.o(.text.FLEXSPI_CheckAndClearError)
    FLEXSPI_DriverIRQHandler                 0x00001f81   Thumb Code    30  fsl_flexspi.o(.text.FLEXSPI_DriverIRQHandler)
    FLEXSPI_TransferAbort                    0x00001fa1   Thumb Code    14  fsl_flexspi.o(.text.FLEXSPI_TransferAbort)
    FLEXSPI_TransferHandleIRQ                0x00001fb1   Thumb Code   354  fsl_flexspi.o(.text.FLEXSPI_TransferHandleIRQ)
    GPIO_PinInit                             0x00002161   Thumb Code   100  fsl_gpio.o(.text.GPIO_PinInit)
    GPIO_PinSetInterruptConfig               0x000021c9   Thumb Code   148  fsl_gpio.o(.text.GPIO_PinSetInterruptConfig)
    GPIO_PinWrite                            0x00002261   Thumb Code    18  fsl_gpio.o(.text.GPIO_PinWrite)
    LPI2C1_DriverIRQHandler                  0x000022f9   Thumb Code    16  fsl_lpi2c.o(.text.LPI2C1_DriverIRQHandler)
    LPI2C2_DriverIRQHandler                  0x00002309   Thumb Code    18  fsl_lpi2c.o(.text.LPI2C2_DriverIRQHandler)
    LPI2C3_DriverIRQHandler                  0x00002321   Thumb Code    18  fsl_lpi2c.o(.text.LPI2C3_DriverIRQHandler)
    LPI2C4_DriverIRQHandler                  0x00002339   Thumb Code    18  fsl_lpi2c.o(.text.LPI2C4_DriverIRQHandler)
    LPI2C_MasterCheckAndClearError           0x000023a9   Thumb Code    76  fsl_lpi2c.o(.text.LPI2C_MasterCheckAndClearError)
    LPI2C_MasterTransferAbort                0x00002439   Thumb Code    42  fsl_lpi2c.o(.text.LPI2C_MasterTransferAbort)
    LPI2C_MasterTransferHandleIRQ            0x00002469   Thumb Code   130  fsl_lpi2c.o(.text.LPI2C_MasterTransferHandleIRQ)
    LPI2C_SlaveTransferHandleIRQ             0x00002699   Thumb Code   358  fsl_lpi2c.o(.text.LPI2C_SlaveTransferHandleIRQ)
    LPSPI1_DriverIRQHandler                  0x00002801   Thumb Code    26  fsl_lpspi.o(.text.LPSPI1_DriverIRQHandler)
    LPSPI2_DriverIRQHandler                  0x00002821   Thumb Code    26  fsl_lpspi.o(.text.LPSPI2_DriverIRQHandler)
    LPSPI3_DriverIRQHandler                  0x00002841   Thumb Code    26  fsl_lpspi.o(.text.LPSPI3_DriverIRQHandler)
    LPSPI4_DriverIRQHandler                  0x00002861   Thumb Code    24  fsl_lpspi.o(.text.LPSPI4_DriverIRQHandler)
    LPSPI_MasterTransferHandleIRQ            0x00002a39   Thumb Code   288  fsl_lpspi.o(.text.LPSPI_MasterTransferHandleIRQ)
    LPSPI_SlaveTransferHandleIRQ             0x00002c59   Thumb Code   350  fsl_lpspi.o(.text.LPSPI_SlaveTransferHandleIRQ)
    LPUART1_DriverIRQHandler                 0x00002dc1   Thumb Code    38  fsl_lpuart.o(.text.LPUART1_DriverIRQHandler)
    LPUART2_DriverIRQHandler                 0x00002de9   Thumb Code    38  fsl_lpuart.o(.text.LPUART2_DriverIRQHandler)
    LPUART3_DriverIRQHandler                 0x00002e11   Thumb Code    38  fsl_lpuart.o(.text.LPUART3_DriverIRQHandler)
    LPUART4_DriverIRQHandler                 0x00002e39   Thumb Code    36  fsl_lpuart.o(.text.LPUART4_DriverIRQHandler)
    LPUART5_DriverIRQHandler                 0x00002e61   Thumb Code    38  fsl_lpuart.o(.text.LPUART5_DriverIRQHandler)
    LPUART6_DriverIRQHandler                 0x00002e89   Thumb Code    38  fsl_lpuart.o(.text.LPUART6_DriverIRQHandler)
    LPUART7_DriverIRQHandler                 0x00002eb1   Thumb Code    38  fsl_lpuart.o(.text.LPUART7_DriverIRQHandler)
    LPUART8_DriverIRQHandler                 0x00002ed9   Thumb Code    36  fsl_lpuart.o(.text.LPUART8_DriverIRQHandler)
    LPUART_GetDefaultConfig                  0x00002f01   Thumb Code    32  fsl_lpuart.o(.text.LPUART_GetDefaultConfig)
    LPUART_GetInstance                       0x00002f21   Thumb Code    64  fsl_lpuart.o(.text.LPUART_GetInstance)
    LPUART_GetStatusFlags                    0x00002f61   Thumb Code    14  fsl_lpuart.o(.text.LPUART_GetStatusFlags)
    LPUART_Init                              0x00002f71   Thumb Code   502  fsl_lpuart.o(.text.LPUART_Init)
    SAI1_DriverIRQHandler                    0x00003191   Thumb Code    64  fsl_sai.o(.text.SAI1_DriverIRQHandler)
    SAI2_DriverIRQHandler                    0x000031d1   Thumb Code    64  fsl_sai.o(.text.SAI2_DriverIRQHandler)
    SAI3_RX_DriverIRQHandler                 0x00003211   Thumb Code    30  fsl_sai.o(.text.SAI3_RX_DriverIRQHandler)
    SAI3_TX_DriverIRQHandler                 0x00003231   Thumb Code    30  fsl_sai.o(.text.SAI3_TX_DriverIRQHandler)
    SAI_RxEnable                             0x000032e9   Thumb Code    90  fsl_sai.o(.text.SAI_RxEnable)
    SAI_RxSoftwareReset                      0x00003361   Thumb Code    24  fsl_sai.o(.text.SAI_RxSoftwareReset)
    SAI_TransferAbortReceive                 0x00003379   Thumb Code    46  fsl_sai.o(.text.SAI_TransferAbortReceive)
    SAI_TransferAbortSend                    0x000033a9   Thumb Code    46  fsl_sai.o(.text.SAI_TransferAbortSend)
    SAI_TransferRxHandleIRQ                  0x000033d9   Thumb Code   256  fsl_sai.o(.text.SAI_TransferRxHandleIRQ)
    SAI_TransferTxHandleIRQ                  0x000034d9   Thumb Code   256  fsl_sai.o(.text.SAI_TransferTxHandleIRQ)
    SAI_TxEnable                             0x000035f9   Thumb Code    86  fsl_sai.o(.text.SAI_TxEnable)
    SAI_TxSoftwareReset                      0x00003669   Thumb Code    16  fsl_sai.o(.text.SAI_TxSoftwareReset)
    SDK_DelayAtLeastUs                       0x00003701   Thumb Code    28  fsl_common.o(.text.SDK_DelayAtLeastUs)
    SDMMCHOST_CardDetectInit                 0x00003721   Thumb Code    54  fsl_sdmmc_host.o(.text.SDMMCHOST_CardDetectInit)
    SDMMCHOST_ExecuteManualTuning            0x00003799   Thumb Code   238  fsl_sdmmc_host.o(.text.SDMMCHOST_ExecuteManualTuning)
    SDMMCHOST_ExecuteTuning                  0x00003971   Thumb Code    24  fsl_sdmmc_host.o(.text.SDMMCHOST_ExecuteTuning)
    SDMMCHOST_Init                           0x000039a9   Thumb Code    30  fsl_sdmmc_host.o(.text.SDMMCHOST_Init)
    SDMMCHOST_SetCardBusWidth                0x00003ab9   Thumb Code    26  fsl_sdmmc_host.o(.text.SDMMCHOST_SetCardBusWidth)
    SDMMCHOST_SetCardPower                   0x00003ae9   Thumb Code     2  fsl_sdmmc_host.o(.text.SDMMCHOST_SetCardPower)
    SDMMCHOST_SwitchToVoltage                0x00003af1   Thumb Code    18  fsl_sdmmc_host.o(.text.SDMMCHOST_SwitchToVoltage)
    SDMMCHOST_TransferFunction               0x00003b09   Thumb Code   124  fsl_sdmmc_host.o(.text.SDMMCHOST_TransferFunction)
    SDMMC_GoIdle                             0x00003bc1   Thumb Code    48  fsl_sdmmc_common.o(.text.SDMMC_GoIdle)
    SDMMC_OSADelay                           0x00003bf1   Thumb Code    22  fsl_sdmmc_osa.o(.text.SDMMC_OSADelay)
    SDMMC_SelectCard                         0x00003c09   Thumb Code    84  fsl_sdmmc_common.o(.text.SDMMC_SelectCard)
    SDMMC_SendApplicationCommand             0x00003c61   Thumb Code    88  fsl_sdmmc_common.o(.text.SDMMC_SendApplicationCommand)
    SDMMC_SetBlockSize                       0x00003cb9   Thumb Code    70  fsl_sdmmc_common.o(.text.SDMMC_SetBlockSize)
    SD_CardInit                              0x00003df1   Thumb Code   226  fsl_sd.o(.text.SD_CardInit)
    SD_HostInit                              0x00004261   Thumb Code    48  fsl_sd.o(.text.SD_HostInit)
    SD_ReadStatus                            0x00004399   Thumb Code   220  fsl_sd.o(.text.SD_ReadStatus)
    SD_SelectCard                            0x000045a1   Thumb Code    16  fsl_sd.o(.text.SD_SelectCard)
    SD_SetCardPower                          0x000048c9   Thumb Code    28  fsl_sd.o(.text.SD_SetCardPower)
    SPDIF_DriverIRQHandler                   0x00004b91   Thumb Code    66  fsl_spdif.o(.text.SPDIF_DriverIRQHandler)
    SPDIF_TransferAbortReceive               0x00004c01   Thumb Code    44  fsl_spdif.o(.text.SPDIF_TransferAbortReceive)
    SPDIF_TransferAbortSend                  0x00004c31   Thumb Code    38  fsl_spdif.o(.text.SPDIF_TransferAbortSend)
    SPDIF_TransferRxHandleIRQ                0x00004c59   Thumb Code   510  fsl_spdif.o(.text.SPDIF_TransferRxHandleIRQ)
    SPDIF_TransferTxHandleIRQ                0x00004e59   Thumb Code   260  fsl_spdif.o(.text.SPDIF_TransferTxHandleIRQ)
    SystemInit                               0x00004f71   Thumb Code   314  system_mimxrt1062.o(.text.SystemInit)
    SystemInitHook                           0x000050b1   Thumb Code     2  system_mimxrt1062.o(.text.SystemInitHook)
    USDHC1_DriverIRQHandler                  0x000050d1   Thumb Code    36  fsl_usdhc.o(.text.USDHC1_DriverIRQHandler)
    USDHC2_DriverIRQHandler                  0x000050f9   Thumb Code    38  fsl_usdhc.o(.text.USDHC2_DriverIRQHandler)
    USDHC_AdjustDelayForManualTuning         0x00005121   Thumb Code    20  fsl_usdhc.o(.text.USDHC_AdjustDelayForManualTuning)
    USDHC_EnableDDRMode                      0x00005199   Thumb Code    62  fsl_usdhc.o(.text.USDHC_EnableDDRMode)
    USDHC_EnableManualTuning                 0x00005211   Thumb Code    42  fsl_usdhc.o(.text.USDHC_EnableManualTuning)
    USDHC_EnableStandardTuning               0x00005241   Thumb Code    78  fsl_usdhc.o(.text.USDHC_EnableStandardTuning)
    USDHC_Init                               0x00005309   Thumb Code   126  fsl_usdhc.o(.text.USDHC_Init)
    USDHC_Reset                              0x00005521   Thumb Code    38  fsl_usdhc.o(.text.USDHC_Reset)
    USDHC_SendCommand                        0x00005549   Thumb Code   132  fsl_usdhc.o(.text.USDHC_SendCommand)
    USDHC_SetADMA1Descriptor                 0x000055d1   Thumb Code   174  fsl_usdhc.o(.text.USDHC_SetADMA1Descriptor)
    USDHC_SetADMA2Descriptor                 0x00005681   Thumb Code   252  fsl_usdhc.o(.text.USDHC_SetADMA2Descriptor)
    USDHC_SetAdmaTableConfig                 0x00005781   Thumb Code   134  fsl_usdhc.o(.text.USDHC_SetAdmaTableConfig)
    USDHC_SetCardActive                      0x00005809   Thumb Code    36  fsl_usdhc.o(.text.USDHC_SetCardActive)
    USDHC_SetDataConfig                      0x00005841   Thumb Code    48  fsl_usdhc.o(.text.USDHC_SetDataConfig)
    USDHC_SetInternalDmaConfig               0x00005871   Thumb Code    88  fsl_usdhc.o(.text.USDHC_SetInternalDmaConfig)
    USDHC_SetSdClock                         0x000058c9   Thumb Code   204  fsl_usdhc.o(.text.USDHC_SetSdClock)
    USDHC_TransferBlocking                   0x00005a71   Thumb Code   274  fsl_usdhc.o(.text.USDHC_TransferBlocking)
    bsp_led_ctl                              0x00005d99   Thumb Code    28  bsp_led.o(.text.bsp_led_ctl)
    bsp_led_init                             0x00005db9   Thumb Code    44  bsp_led.o(.text.bsp_led_init)
    bsp_lpuart_init                          0x00005de9   Thumb Code   226  bsp_lpuart.o(.text.bsp_lpuart_init)
    bsp_usdhc_host_init                      0x00005ed1   Thumb Code    66  bsp_usdhc.o(.text.bsp_usdhc_host_init)
    ccm_clock_list                           0x00005f19   Thumb Code   392  main.o(.text.ccm_clock_list)
    fputc                                    0x000060a1   Thumb Code    32  bsp_lpuart.o(.text.fputc)
    main                                     0x000060c1   Thumb Code   164  main.o(.text.main)
    sdcard_init                              0x00006169   Thumb Code    42  bsp_usdhc.o(.text.sdcard_init)
    sdcard_test                              0x00006199   Thumb Code     8  bsp_usdhc.o(.text.sdcard_test)
    __0printf$1                              0x000061b5   Thumb Code    22  printf1.o(i.__0printf$1)
    __1printf$1                              0x000061b5   Thumb Code     0  printf1.o(i.__0printf$1)
    __2printf                                0x000061b5   Thumb Code     0  printf1.o(i.__0printf$1)
    __scatterload_copy                       0x000061d5   Thumb Code    14  handlers.o(i.__scatterload_copy)
    __scatterload_null                       0x000061e3   Thumb Code     2  handlers.o(i.__scatterload_null)
    __scatterload_zeroinit                   0x000061e5   Thumb Code    14  handlers.o(i.__scatterload_zeroinit)
    SDMMC_TuningBlockPattern4Bit             0x0000634c   Data          64  fsl_sdmmc_common.o(.rodata.SDMMC_TuningBlockPattern4Bit)
    armPllConfig_BOARD_BootClockRUN          0x0000638c   Data           8  clock_config.o(.rodata.armPllConfig_BOARD_BootClockRUN)
    sysPllConfig_BOARD_BootClockRUN          0x0000655c   Data          20  clock_config.o(.rodata.sysPllConfig_BOARD_BootClockRUN)
    usb1PllConfig_BOARD_BootClockRUN         0x00006570   Data           2  clock_config.o(.rodata.usb1PllConfig_BOARD_BootClockRUN)
    Region$$Table$$Base                      0x00006574   Number         0  anon$$obj.o(Region$$Table)
    Region$$Table$$Limit                     0x00006594   Number         0  anon$$obj.o(Region$$Table)
    __stdout                                 0x20000000   Data           4  stdout.o(.data)
    SystemCoreClock                          0x20000004   Data           4  system_mimxrt1062.o(.data.SystemCoreClock)
    g_rtcXtalFreq                            0x20000018   Data           4  fsl_clock.o(.bss.g_rtcXtalFreq)
    g_sd                                     0x2000001c   Data         688  main.o(.bss.g_sd)
    g_xtalFreq                               0x200002cc   Data           4  fsl_clock.o(.bss.g_xtalFreq)
    Image$$ARM_LIB_HEAP$$ZI$$Base            0x200004d4   Number         0  anon$$obj.o ABSOLUTE
    Image$$ARM_LIB_HEAP$$ZI$$Limit           0x200008d4   Number         0  anon$$obj.o ABSOLUTE
    Image$$ARM_LIB_STACK$$ZI$$Limit          0x20020000   Number         0  anon$$obj.o ABSOLUTE



==============================================================================

Memory Map of the image

  Image Entry point : 0x00000401

  Load Region LR_m_text (Base: 0x00000000, Size: 0x000065a8, Max: 0x00020000, ABSOLUTE)

    Execution Region VECTOR_ROM (Exec base: 0x00000000, Load base: 0x00000000, Size: 0x00000400, Max: 0x00000400, ABSOLUTE, FIXED)

    Exec Addr    Load Addr    Size         Type   Attr      Idx    E Section Name        Object

    0x00000000   0x00000000   0x00000400   Data   RO            7    .isr_vector         startup_mimxrt1062.o


    Execution Region VECTOR_RAM (Exec base: 0x00000000, Load base: 0x00006594, Size: 0x00000000, Max: 0x00000000, ABSOLUTE)

    Exec Addr    Load Addr    Size         Type   Attr      Idx    E Section Name        Object

    0x00000000        -       0x00000000   Zero   RW            1    VECTOR_RAM.bss      anon$$obj.o


    Execution Region ER_m_text (Exec base: 0x00000400, Load base: 0x00000400, Size: 0x00006194, Max: 0x0001fc00, ABSOLUTE, FIXED)

    Exec Addr    Load Addr    Size         Type   Attr      Idx    E Section Name        Object

    0x00000400   0x00000400   0x00000000   Code   RO         4147  * .ARM.Collect$$$$00000000  mc_w.l(entry.o)
    0x00000400   0x00000400   0x00000004   Code   RO         4449    .ARM.Collect$$$$00000003  mc_w.l(entry4.o)
    0x00000404   0x00000404   0x00000004   Code   RO         4452    .ARM.Collect$$$$00000004  mc_w.l(entry5.o)
    0x00000408   0x00000408   0x00000000   Code   RO         4454    .ARM.Collect$$$$00000008  mc_w.l(entry7b.o)
    0x00000408   0x00000408   0x00000000   Code   RO         4456    .ARM.Collect$$$$0000000A  mc_w.l(entry8b.o)
    0x00000408   0x00000408   0x00000008   Code   RO         4457    .ARM.Collect$$$$0000000B  mc_w.l(entry9a.o)
    0x00000410   0x00000410   0x00000000   Code   RO         4459    .ARM.Collect$$$$0000000D  mc_w.l(entry10a.o)
    0x00000410   0x00000410   0x00000000   Code   RO         4461    .ARM.Collect$$$$0000000F  mc_w.l(entry11a.o)
    0x00000410   0x00000410   0x00000004   Code   RO         4450    .ARM.Collect$$$$00002714  mc_w.l(entry4.o)
    0x00000414   0x00000414   0x000001f4   Code   RO            6    .text               startup_mimxrt1062.o
    0x00000608   0x00000608   0x00000062   Code   RO         4150    .text               mc_w.l(uldiv.o)
    0x0000066a   0x0000066a   0x00000028   Code   RO         4152    .text               mc_w.l(memcpy.o)
    0x00000692   0x00000692   0x00000024   Code   RO         4156    .text               mc_w.l(memseta.o)
    0x000006b6   0x000006b6   0x0000002c   Code   RO         4464    .text               mc_w.l(uidiv.o)
    0x000006e2   0x000006e2   0x0000001e   Code   RO         4466    .text               mc_w.l(llshl.o)
    0x00000700   0x00000700   0x00000020   Code   RO         4468    .text               mc_w.l(llushr.o)
    0x00000720   0x00000720   0x00000024   Code   RO         4487    .text               mc_w.l(init.o)
    0x00000744   0x00000744   0x00000004   PAD
    0x00000748   0x00000748   0x0000001e   Code   RO         3701    .text.ARM_MPU_Disable  board.o
    0x00000766   0x00000766   0x00000002   PAD
    0x00000768   0x00000768   0x0000001e   Code   RO         3703    .text.ARM_MPU_Enable  board.o
    0x00000786   0x00000786   0x00000002   PAD
    0x00000788   0x00000788   0x0000034a   Code   RO         3721    .text.BOARD_BootClockRUN  clock_config.o
    0x00000ad2   0x00000ad2   0x00000006   PAD
    0x00000ad8   0x00000ad8   0x000001b4   Code   RO         3699    .text.BOARD_ConfigMPU  board.o
    0x00000c8c   0x00000c8c   0x00000004   PAD
    0x00000c90   0x00000c90   0x00000034   Code   RO         3691    .text.BOARD_DebugConsoleSrcFreq  board.o
    0x00000cc4   0x00000cc4   0x00000004   PAD
    0x00000cc8   0x00000cc8   0x000000bc   Code   RO         3744    .text.BOARD_InitPins  pin_mux.o
    0x00000d84   0x00000d84   0x00000004   PAD
    0x00000d88   0x00000d88   0x00000024   Code   RO         1092    .text.CAN1_DriverIRQHandler  fsl_flexcan.o
    0x00000dac   0x00000dac   0x00000004   PAD
    0x00000db0   0x00000db0   0x00000026   Code   RO         1094    .text.CAN2_DriverIRQHandler  fsl_flexcan.o
    0x00000dd6   0x00000dd6   0x00000002   PAD
    0x00000dd8   0x00000dd8   0x00000026   Code   RO         1096    .text.CAN3_DriverIRQHandler  fsl_flexcan.o
    0x00000dfe   0x00000dfe   0x00000002   PAD
    0x00000e00   0x00000e00   0x00000022   Code   RO         1991    .text.CLOCK_ControlGate  fsl_gpio.o
    0x00000e22   0x00000e22   0x00000006   PAD
    0x00000e28   0x00000e28   0x0000002c   Code   RO         2478    .text.CLOCK_ControlGate  fsl_lpuart.o
    0x00000e54   0x00000e54   0x00000004   PAD
    0x00000e58   0x00000e58   0x0000002c   Code   RO         3514    .text.CLOCK_ControlGate  fsl_usdhc.o
    0x00000e84   0x00000e84   0x00000004   PAD
    0x00000e88   0x00000e88   0x00000012   Code   RO         3752    .text.CLOCK_ControlGate  pin_mux.o
    0x00000e9a   0x00000e9a   0x00000006   PAD
    0x00000ea0   0x00000ea0   0x00000008   Code   RO         1983    .text.CLOCK_EnableClock  fsl_gpio.o
    0x00000ea8   0x00000ea8   0x0000000a   Code   RO         2402    .text.CLOCK_EnableClock  fsl_lpuart.o
    0x00000eb2   0x00000eb2   0x00000006   PAD
    0x00000eb8   0x00000eb8   0x0000000a   Code   RO         3436    .text.CLOCK_EnableClock  fsl_usdhc.o
    0x00000ec2   0x00000ec2   0x00000006   PAD
    0x00000ec8   0x00000ec8   0x00000008   Code   RO         3746    .text.CLOCK_EnableClock  pin_mux.o
    0x00000ed0   0x00000ed0   0x0000001c   Code   RO          204    .text.CLOCK_GetAhbFreq  fsl_clock.o
    0x00000eec   0x00000eec   0x00000004   PAD
    0x00000ef0   0x00000ef0   0x00000010   Code   RO         3667    .text.CLOCK_GetDiv  bsp_usdhc.o
    0x00000f00   0x00000f00   0x00000010   Code   RO         3695    .text.CLOCK_GetDiv  board.o
    0x00000f10   0x00000f10   0x00000136   Code   RO          220    .text.CLOCK_GetFreq  fsl_clock.o
    0x00001046   0x00001046   0x00000002   PAD
    0x00001048   0x00001048   0x0000001c   Code   RO          214    .text.CLOCK_GetIpgFreq  fsl_clock.o
    0x00001064   0x00001064   0x00000004   PAD
    0x00001068   0x00001068   0x00000010   Code   RO         3693    .text.CLOCK_GetMux  board.o
    0x00001078   0x00001078   0x00000024   Code   RO          218    .text.CLOCK_GetOscFreq  fsl_clock.o
    0x0000109c   0x0000109c   0x00000004   PAD
    0x000010a0   0x000010a0   0x00000024   Code   RO         3697    .text.CLOCK_GetOscFreq  board.o
    0x000010c4   0x000010c4   0x00000004   PAD
    0x000010c8   0x000010c8   0x00000028   Code   RO          216    .text.CLOCK_GetPerClkFreq  fsl_clock.o
    0x000010f0   0x000010f0   0x00000082   Code   RO          206    .text.CLOCK_GetPeriphClkFreq  fsl_clock.o
    0x00001172   0x00001172   0x00000006   PAD
    0x00001178   0x00001178   0x00000020   Code   RO          266    .text.CLOCK_GetPllBypassRefClk  fsl_clock.o
    0x00001198   0x00001198   0x00000248   Code   RO          222    .text.CLOCK_GetPllFreq  fsl_clock.o
    0x000013e0   0x000013e0   0x00000026   Code   RO          224    .text.CLOCK_GetPllUsb1SWFreq  fsl_clock.o
    0x00001406   0x00001406   0x00000002   PAD
    0x00001408   0x00001408   0x00000038   Code   RO          208    .text.CLOCK_GetSemcFreq  fsl_clock.o
    0x00001440   0x00001440   0x00000062   Code   RO          212    .text.CLOCK_GetSysPfdFreq  fsl_clock.o
    0x000014a2   0x000014a2   0x00000006   PAD
    0x000014a8   0x000014a8   0x00000062   Code   RO          210    .text.CLOCK_GetUsb1PfdFreq  fsl_clock.o
    0x0000150a   0x0000150a   0x00000006   PAD
    0x00001510   0x00001510   0x00000046   Code   RO          238    .text.CLOCK_InitArmPll  fsl_clock.o
    0x00001556   0x00001556   0x00000002   PAD
    0x00001558   0x00001558   0x00000036   Code   RO          270    .text.CLOCK_InitSysPfd  fsl_clock.o
    0x0000158e   0x0000158e   0x00000002   PAD
    0x00001590   0x00001590   0x0000006e   Code   RO          242    .text.CLOCK_InitSysPll  fsl_clock.o
    0x000015fe   0x000015fe   0x00000002   PAD
    0x00001600   0x00001600   0x00000042   Code   RO          234    .text.CLOCK_InitUsb1Pll  fsl_clock.o
    0x00001642   0x00001642   0x00000006   PAD
    0x00001648   0x00001648   0x00000014   Code   RO          268    .text.CLOCK_IsPllBypassed  fsl_clock.o
    0x0000165c   0x0000165c   0x00000004   PAD
    0x00001660   0x00001660   0x0000001c   Code   RO          264    .text.CLOCK_IsPllEnabled  fsl_clock.o
    0x0000167c   0x0000167c   0x00000004   PAD
    0x00001680   0x00001680   0x00000014   Code   RO         3677    .text.CLOCK_SetDiv  bsp_usdhc.o
    0x00001694   0x00001694   0x00000004   PAD
    0x00001698   0x00001698   0x00000054   Code   RO         3729    .text.CLOCK_SetDiv  clock_config.o
    0x000016ec   0x000016ec   0x00000004   PAD
    0x000016f0   0x000016f0   0x00000012   Code   RO         3679    .text.CLOCK_SetMux  bsp_usdhc.o
    0x00001702   0x00001702   0x00000006   PAD
    0x00001708   0x00001708   0x00000054   Code   RO         3727    .text.CLOCK_SetMux  clock_config.o
    0x0000175c   0x0000175c   0x00000004   PAD
    0x00001760   0x00001760   0x00000010   Code   RO         3723    .text.CLOCK_SetRtcXtalFreq  clock_config.o
    0x00001770   0x00001770   0x00000014   Code   RO         3725    .text.CLOCK_SetXtalFreq  clock_config.o
    0x00001784   0x00001784   0x00000004   PAD
    0x00001788   0x00001788   0x0000013c   Code   RO         3675    .text.CardInformationLog  bsp_usdhc.o
    0x000018c4   0x000018c4   0x00000004   PAD
    0x000018c8   0x000018c8   0x00000008   Code   RO          178    .text.DCACHE_CleanByRange  fsl_cache.o
    0x000018d0   0x000018d0   0x00000008   Code   RO          174    .text.DCACHE_InvalidateByRange  fsl_cache.o
    0x000018d8   0x000018d8   0x0000003c   Code   RO          677    .text.DMA0_DMA16_DriverIRQHandler  fsl_edma.o
    0x00001914   0x00001914   0x00000004   PAD
    0x00001918   0x00001918   0x0000003c   Code   RO          697    .text.DMA10_DMA26_DriverIRQHandler  fsl_edma.o
    0x00001954   0x00001954   0x00000004   PAD
    0x00001958   0x00001958   0x0000003c   Code   RO          699    .text.DMA11_DMA27_DriverIRQHandler  fsl_edma.o
    0x00001994   0x00001994   0x00000004   PAD
    0x00001998   0x00001998   0x0000003c   Code   RO          701    .text.DMA12_DMA28_DriverIRQHandler  fsl_edma.o
    0x000019d4   0x000019d4   0x00000004   PAD
    0x000019d8   0x000019d8   0x0000003c   Code   RO          703    .text.DMA13_DMA29_DriverIRQHandler  fsl_edma.o
    0x00001a14   0x00001a14   0x00000004   PAD
    0x00001a18   0x00001a18   0x0000003c   Code   RO          705    .text.DMA14_DMA30_DriverIRQHandler  fsl_edma.o
    0x00001a54   0x00001a54   0x00000004   PAD
    0x00001a58   0x00001a58   0x0000003c   Code   RO          707    .text.DMA15_DMA31_DriverIRQHandler  fsl_edma.o
    0x00001a94   0x00001a94   0x00000004   PAD
    0x00001a98   0x00001a98   0x0000003c   Code   RO          679    .text.DMA1_DMA17_DriverIRQHandler  fsl_edma.o
    0x00001ad4   0x00001ad4   0x00000004   PAD
    0x00001ad8   0x00001ad8   0x0000003c   Code   RO          681    .text.DMA2_DMA18_DriverIRQHandler  fsl_edma.o
    0x00001b14   0x00001b14   0x00000004   PAD
    0x00001b18   0x00001b18   0x0000003c   Code   RO          683    .text.DMA3_DMA19_DriverIRQHandler  fsl_edma.o
    0x00001b54   0x00001b54   0x00000004   PAD
    0x00001b58   0x00001b58   0x0000003c   Code   RO          685    .text.DMA4_DMA20_DriverIRQHandler  fsl_edma.o
    0x00001b94   0x00001b94   0x00000004   PAD
    0x00001b98   0x00001b98   0x0000003c   Code   RO          687    .text.DMA5_DMA21_DriverIRQHandler  fsl_edma.o
    0x00001bd4   0x00001bd4   0x00000004   PAD
    0x00001bd8   0x00001bd8   0x0000003c   Code   RO          689    .text.DMA6_DMA22_DriverIRQHandler  fsl_edma.o
    0x00001c14   0x00001c14   0x00000004   PAD
    0x00001c18   0x00001c18   0x0000003c   Code   RO          691    .text.DMA7_DMA23_DriverIRQHandler  fsl_edma.o
    0x00001c54   0x00001c54   0x00000004   PAD
    0x00001c58   0x00001c58   0x0000003c   Code   RO          693    .text.DMA8_DMA24_DriverIRQHandler  fsl_edma.o
    0x00001c94   0x00001c94   0x00000004   PAD
    0x00001c98   0x00001c98   0x0000003c   Code   RO          695    .text.DMA9_DMA25_DriverIRQHandler  fsl_edma.o
    0x00001cd4   0x00001cd4   0x00000004   PAD
    0x00001cd8   0x00001cd8   0x0000000a   Code   RO          351    .text.DelayLoop     fsl_common.o
    0x00001ce2   0x00001ce2   0x00000006   PAD
    0x00001ce8   0x00001ce8   0x00000026   Code   RO          643    .text.EDMA_GetChannelStatusFlags  fsl_edma.o
    0x00001d0e   0x00001d0e   0x00000002   PAD
    0x00001d10   0x00001d10   0x000000b6   Code   RO          675    .text.EDMA_HandleIRQ  fsl_edma.o
    0x00001dc6   0x00001dc6   0x00000002   PAD
    0x00001dc8   0x00001dc8   0x00000014   Code   RO          906    .text.ENET2_DriverIRQHandler  fsl_enet.o
    0x00001ddc   0x00001ddc   0x00000004   PAD
    0x00001de0   0x00001de0   0x00000006   Code   RO          902    .text.ENET_1588_Timer_IRQHandler  fsl_enet.o
    0x00001de6   0x00001de6   0x00000002   PAD
    0x00001de8   0x00001de8   0x00000088   Code   RO          894    .text.ENET_CommonFrame0IRQHandler  fsl_enet.o
    0x00001e70   0x00001e70   0x00000014   Code   RO          904    .text.ENET_DriverIRQHandler  fsl_enet.o
    0x00001e84   0x00001e84   0x00000004   PAD
    0x00001e88   0x00001e88   0x00000028   Code   RO          796    .text.ENET_GetInstance  fsl_enet.o
    0x00001eb0   0x00001eb0   0x00000008   Code   RO         1172    .text.FLEXIO1_DriverIRQHandler  fsl_flexio.o
    0x00001eb8   0x00001eb8   0x00000008   Code   RO         1176    .text.FLEXIO2_DriverIRQHandler  fsl_flexio.o
    0x00001ec0   0x00001ec0   0x00000008   Code   RO         1178    .text.FLEXIO3_DriverIRQHandler  fsl_flexio.o
    0x00001ec8   0x00001ec8   0x00000042   Code   RO         1168    .text.FLEXIO_CommonIRQHandler  fsl_flexio.o
    0x00001f0a   0x00001f0a   0x00000006   PAD
    0x00001f10   0x00001f10   0x00000054   Code   RO         1867    .text.FLEXSPI_CheckAndClearError  fsl_flexspi.o
    0x00001f64   0x00001f64   0x00000004   PAD
    0x00001f68   0x00001f68   0x00000008   Code   RO         1869    .text.FLEXSPI_ClearInterruptStatusFlags  fsl_flexspi.o
    0x00001f70   0x00001f70   0x0000000c   Code   RO         1913    .text.FLEXSPI_DisableInterrupts  fsl_flexspi.o
    0x00001f7c   0x00001f7c   0x00000004   PAD
    0x00001f80   0x00001f80   0x0000001e   Code   RO         1915    .text.FLEXSPI_DriverIRQHandler  fsl_flexspi.o
    0x00001f9e   0x00001f9e   0x00000002   PAD
    0x00001fa0   0x00001fa0   0x0000000e   Code   RO         1911    .text.FLEXSPI_TransferAbort  fsl_flexspi.o
    0x00001fae   0x00001fae   0x00000002   PAD
    0x00001fb0   0x00001fb0   0x00000162   Code   RO         1901    .text.FLEXSPI_TransferHandleIRQ  fsl_flexspi.o
    0x00002112   0x00002112   0x00000006   PAD
    0x00002118   0x00002118   0x00000044   Code   RO         1981    .text.GPIO_GetInstance  fsl_gpio.o
    0x0000215c   0x0000215c   0x00000004   PAD
    0x00002160   0x00002160   0x00000064   Code   RO         1979    .text.GPIO_PinInit  fsl_gpio.o
    0x000021c4   0x000021c4   0x00000004   PAD
    0x000021c8   0x000021c8   0x00000094   Code   RO         1989    .text.GPIO_PinSetInterruptConfig  fsl_gpio.o
    0x0000225c   0x0000225c   0x00000004   PAD
    0x00002260   0x00002260   0x00000012   Code   RO         1985    .text.GPIO_PinWrite  fsl_gpio.o
    0x00002272   0x00002272   0x00000006   PAD
    0x00002278   0x00002278   0x00000008   Code   RO         1987    .text.GPIO_SetPinInterruptConfig  fsl_gpio.o
    0x00002280   0x00002280   0x00000004   Code   RO         3750    .text.IOMUXC_SetPinConfig  pin_mux.o
    0x00002284   0x00002284   0x00000004   PAD
    0x00002288   0x00002288   0x0000000e   Code   RO         3748    .text.IOMUXC_SetPinMux  pin_mux.o
    0x00002296   0x00002296   0x00000002   PAD
    0x00002298   0x00002298   0x0000002e   Code   RO          180    .text.L1CACHE_CleanDCacheByRange  fsl_cache.o
    0x000022c6   0x000022c6   0x00000002   PAD
    0x000022c8   0x000022c8   0x0000002e   Code   RO          176    .text.L1CACHE_InvalidateDCacheByRange  fsl_cache.o
    0x000022f6   0x000022f6   0x00000002   PAD
    0x000022f8   0x000022f8   0x00000010   Code   RO         2156    .text.LPI2C1_DriverIRQHandler  fsl_lpi2c.o
    0x00002308   0x00002308   0x00000012   Code   RO         2160    .text.LPI2C2_DriverIRQHandler  fsl_lpi2c.o
    0x0000231a   0x0000231a   0x00000006   PAD
    0x00002320   0x00002320   0x00000012   Code   RO         2162    .text.LPI2C3_DriverIRQHandler  fsl_lpi2c.o
    0x00002332   0x00002332   0x00000006   PAD
    0x00002338   0x00002338   0x00000012   Code   RO         2164    .text.LPI2C4_DriverIRQHandler  fsl_lpi2c.o
    0x0000234a   0x0000234a   0x00000006   PAD
    0x00002350   0x00002350   0x00000056   Code   RO         2158    .text.LPI2C_CommonIRQHandler  fsl_lpi2c.o
    0x000023a6   0x000023a6   0x00000002   PAD
    0x000023a8   0x000023a8   0x0000004c   Code   RO         2058    .text.LPI2C_MasterCheckAndClearError  fsl_lpi2c.o
    0x000023f4   0x000023f4   0x00000004   PAD
    0x000023f8   0x000023f8   0x00000004   Code   RO         2060    .text.LPI2C_MasterClearStatusFlags  fsl_lpi2c.o
    0x000023fc   0x000023fc   0x00000004   PAD
    0x00002400   0x00002400   0x0000000a   Code   RO         2104    .text.LPI2C_MasterDisableInterrupts  fsl_lpi2c.o
    0x0000240a   0x0000240a   0x00000006   PAD
    0x00002410   0x00002410   0x0000001a   Code   RO         2122    .text.LPI2C_MasterGetFifoCounts  fsl_lpi2c.o
    0x0000242a   0x0000242a   0x00000006   PAD
    0x00002430   0x00002430   0x00000004   Code   RO         2064    .text.LPI2C_MasterGetStatusFlags  fsl_lpi2c.o
    0x00002434   0x00002434   0x00000004   PAD
    0x00002438   0x00002438   0x0000002a   Code   RO         2118    .text.LPI2C_MasterTransferAbort  fsl_lpi2c.o
    0x00002462   0x00002462   0x00000006   PAD
    0x00002468   0x00002468   0x00000082   Code   RO         2102    .text.LPI2C_MasterTransferHandleIRQ  fsl_lpi2c.o
    0x000024ea   0x000024ea   0x00000006   PAD
    0x000024f0   0x000024f0   0x00000162   Code   RO         2120    .text.LPI2C_RunTransferStateMachine  fsl_lpi2c.o
    0x00002652   0x00002652   0x00000006   PAD
    0x00002658   0x00002658   0x0000002a   Code   RO         2138    .text.LPI2C_SlaveCheckAndClearError  fsl_lpi2c.o
    0x00002682   0x00002682   0x00000006   PAD
    0x00002688   0x00002688   0x00000006   Code   RO         2134    .text.LPI2C_SlaveClearStatusFlags  fsl_lpi2c.o
    0x0000268e   0x0000268e   0x00000002   PAD
    0x00002690   0x00002690   0x00000006   Code   RO         2136    .text.LPI2C_SlaveGetStatusFlags  fsl_lpi2c.o
    0x00002696   0x00002696   0x00000002   PAD
    0x00002698   0x00002698   0x00000166   Code   RO         2144    .text.LPI2C_SlaveTransferHandleIRQ  fsl_lpi2c.o
    0x000027fe   0x000027fe   0x00000002   PAD
    0x00002800   0x00002800   0x0000001a   Code   RO         2313    .text.LPSPI1_DriverIRQHandler  fsl_lpspi.o
    0x0000281a   0x0000281a   0x00000006   PAD
    0x00002820   0x00002820   0x0000001a   Code   RO         2317    .text.LPSPI2_DriverIRQHandler  fsl_lpspi.o
    0x0000283a   0x0000283a   0x00000006   PAD
    0x00002840   0x00002840   0x0000001a   Code   RO         2319    .text.LPSPI3_DriverIRQHandler  fsl_lpspi.o
    0x0000285a   0x0000285a   0x00000006   PAD
    0x00002860   0x00002860   0x00000018   Code   RO         2321    .text.LPSPI4_DriverIRQHandler  fsl_lpspi.o
    0x00002878   0x00002878   0x00000004   Code   RO         2269    .text.LPSPI_ClearStatusFlags  fsl_lpspi.o
    0x0000287c   0x0000287c   0x00000004   PAD
    0x00002880   0x00002880   0x00000074   Code   RO         2273    .text.LPSPI_CombineWriteData  fsl_lpspi.o
    0x000028f4   0x000028f4   0x00000004   PAD
    0x000028f8   0x000028f8   0x00000028   Code   RO         2315    .text.LPSPI_CommonIRQHandler  fsl_lpspi.o
    0x00002920   0x00002920   0x0000000a   Code   RO         2285    .text.LPSPI_DisableInterrupts  fsl_lpspi.o
    0x0000292a   0x0000292a   0x00000006   PAD
    0x00002930   0x00002930   0x00000008   Code   RO         2291    .text.LPSPI_EnableInterrupts  fsl_lpspi.o
    0x00002938   0x00002938   0x00000008   Code   RO         2277    .text.LPSPI_GetRxFifoCount  fsl_lpspi.o
    0x00002940   0x00002940   0x00000004   Code   RO         2263    .text.LPSPI_GetStatusFlags  fsl_lpspi.o
    0x00002944   0x00002944   0x00000004   PAD
    0x00002948   0x00002948   0x00000008   Code   RO         2271    .text.LPSPI_GetTxFifoCount  fsl_lpspi.o
    0x00002950   0x00002950   0x00000008   Code   RO         2251    .text.LPSPI_IsMaster  fsl_lpspi.o
    0x00002958   0x00002958   0x00000028   Code   RO         2297    .text.LPSPI_MasterTransferComplete  fsl_lpspi.o
    0x00002980   0x00002980   0x000000b2   Code   RO         2289    .text.LPSPI_MasterTransferFillUpTxFifo  fsl_lpspi.o
    0x00002a32   0x00002a32   0x00000006   PAD
    0x00002a38   0x00002a38   0x00000120   Code   RO         2257    .text.LPSPI_MasterTransferHandleIRQ  fsl_lpspi.o
    0x00002b58   0x00002b58   0x00000004   Code   RO         2279    .text.LPSPI_ReadData  fsl_lpspi.o
    0x00002b5c   0x00002b5c   0x00000004   PAD
    0x00002b60   0x00002b60   0x0000005e   Code   RO         2281    .text.LPSPI_SeparateReadData  fsl_lpspi.o
    0x00002bbe   0x00002bbe   0x00000002   PAD
    0x00002bc0   0x00002bc0   0x00000032   Code   RO         2311    .text.LPSPI_SlaveTransferComplete  fsl_lpspi.o
    0x00002bf2   0x00002bf2   0x00000006   PAD
    0x00002bf8   0x00002bf8   0x0000005e   Code   RO         2305    .text.LPSPI_SlaveTransferFillUpTxFifo  fsl_lpspi.o
    0x00002c56   0x00002c56   0x00000002   PAD
    0x00002c58   0x00002c58   0x0000015e   Code   RO         2301    .text.LPSPI_SlaveTransferHandleIRQ  fsl_lpspi.o
    0x00002db6   0x00002db6   0x00000002   PAD
    0x00002db8   0x00002db8   0x00000004   Code   RO         2275    .text.LPSPI_WriteData  fsl_lpspi.o
    0x00002dbc   0x00002dbc   0x00000004   PAD
    0x00002dc0   0x00002dc0   0x00000026   Code   RO         2462    .text.LPUART1_DriverIRQHandler  fsl_lpuart.o
    0x00002de6   0x00002de6   0x00000002   PAD
    0x00002de8   0x00002de8   0x00000026   Code   RO         2464    .text.LPUART2_DriverIRQHandler  fsl_lpuart.o
    0x00002e0e   0x00002e0e   0x00000002   PAD
    0x00002e10   0x00002e10   0x00000026   Code   RO         2466    .text.LPUART3_DriverIRQHandler  fsl_lpuart.o
    0x00002e36   0x00002e36   0x00000002   PAD
    0x00002e38   0x00002e38   0x00000024   Code   RO         2468    .text.LPUART4_DriverIRQHandler  fsl_lpuart.o
    0x00002e5c   0x00002e5c   0x00000004   PAD
    0x00002e60   0x00002e60   0x00000026   Code   RO         2470    .text.LPUART5_DriverIRQHandler  fsl_lpuart.o
    0x00002e86   0x00002e86   0x00000002   PAD
    0x00002e88   0x00002e88   0x00000026   Code   RO         2472    .text.LPUART6_DriverIRQHandler  fsl_lpuart.o
    0x00002eae   0x00002eae   0x00000002   PAD
    0x00002eb0   0x00002eb0   0x00000026   Code   RO         2474    .text.LPUART7_DriverIRQHandler  fsl_lpuart.o
    0x00002ed6   0x00002ed6   0x00000002   PAD
    0x00002ed8   0x00002ed8   0x00000024   Code   RO         2476    .text.LPUART8_DriverIRQHandler  fsl_lpuart.o
    0x00002efc   0x00002efc   0x00000004   PAD
    0x00002f00   0x00002f00   0x00000020   Code   RO         2410    .text.LPUART_GetDefaultConfig  fsl_lpuart.o
    0x00002f20   0x00002f20   0x00000040   Code   RO         2396    .text.LPUART_GetInstance  fsl_lpuart.o
    0x00002f60   0x00002f60   0x0000000e   Code   RO         2424    .text.LPUART_GetStatusFlags  fsl_lpuart.o
    0x00002f6e   0x00002f6e   0x00000002   PAD
    0x00002f70   0x00002f70   0x000001f6   Code   RO         2400    .text.LPUART_Init   fsl_lpuart.o
    0x00003166   0x00003166   0x00000002   PAD
    0x00003168   0x00003168   0x00000012   Code   RO         2404    .text.LPUART_SoftwareReset  fsl_lpuart.o
    0x0000317a   0x0000317a   0x00000006   PAD
    0x00003180   0x00003180   0x0000000a   Code   RO         3653    .text.LPUART_WriteByte  bsp_lpuart.o
    0x0000318a   0x0000318a   0x00000006   PAD
    0x00003190   0x00003190   0x00000040   Code   RO         2958    .text.SAI1_DriverIRQHandler  fsl_sai.o
    0x000031d0   0x000031d0   0x00000040   Code   RO         2964    .text.SAI2_DriverIRQHandler  fsl_sai.o
    0x00003210   0x00003210   0x0000001e   Code   RO         2970    .text.SAI3_RX_DriverIRQHandler  fsl_sai.o
    0x0000322e   0x0000322e   0x00000002   PAD
    0x00003230   0x00003230   0x0000001e   Code   RO         2968    .text.SAI3_TX_DriverIRQHandler  fsl_sai.o
    0x0000324e   0x0000324e   0x00000002   PAD
    0x00003250   0x00003250   0x00000070   Code   RO         2916    .text.SAI_ReadNonBlocking  fsl_sai.o
    0x000032c0   0x000032c0   0x00000010   Code   RO         2838    .text.SAI_RxClearStatusFlags  fsl_sai.o
    0x000032d0   0x000032d0   0x00000014   Code   RO         2952    .text.SAI_RxDisableInterrupts  fsl_sai.o
    0x000032e4   0x000032e4   0x00000004   PAD
    0x000032e8   0x000032e8   0x0000005a   Code   RO         2828    .text.SAI_RxEnable  fsl_sai.o
    0x00003342   0x00003342   0x00000006   PAD
    0x00003348   0x00003348   0x00000018   Code   RO         2960    .text.SAI_RxGetEnabledInterruptStatus  fsl_sai.o
    0x00003360   0x00003360   0x00000018   Code   RO         2842    .text.SAI_RxSoftwareReset  fsl_sai.o
    0x00003378   0x00003378   0x0000002e   Code   RO         2950    .text.SAI_TransferAbortReceive  fsl_sai.o
    0x000033a6   0x000033a6   0x00000002   PAD
    0x000033a8   0x000033a8   0x0000002e   Code   RO         2946    .text.SAI_TransferAbortSend  fsl_sai.o
    0x000033d6   0x000033d6   0x00000002   PAD
    0x000033d8   0x000033d8   0x00000100   Code   RO         2928    .text.SAI_TransferRxHandleIRQ  fsl_sai.o
    0x000034d8   0x000034d8   0x00000100   Code   RO         2922    .text.SAI_TransferTxHandleIRQ  fsl_sai.o
    0x000035d8   0x000035d8   0x0000000c   Code   RO         2836    .text.SAI_TxClearStatusFlags  fsl_sai.o
    0x000035e4   0x000035e4   0x00000004   PAD
    0x000035e8   0x000035e8   0x00000010   Code   RO         2948    .text.SAI_TxDisableInterrupts  fsl_sai.o
    0x000035f8   0x000035f8   0x00000056   Code   RO         2826    .text.SAI_TxEnable  fsl_sai.o
    0x0000364e   0x0000364e   0x00000002   PAD
    0x00003650   0x00003650   0x00000016   Code   RO         2962    .text.SAI_TxGetEnabledInterruptStatus  fsl_sai.o
    0x00003666   0x00003666   0x00000002   PAD
    0x00003668   0x00003668   0x00000010   Code   RO         2840    .text.SAI_TxSoftwareReset  fsl_sai.o
    0x00003678   0x00003678   0x00000082   Code   RO         2910    .text.SAI_WriteNonBlocking  fsl_sai.o
    0x000036fa   0x000036fa   0x00000006   PAD
    0x00003700   0x00003700   0x0000001c   Code   RO          349    .text.SDK_DelayAtLeastUs  fsl_common.o
    0x0000371c   0x0000371c   0x00000004   PAD
    0x00003720   0x00003720   0x00000036   Code   RO         3800    .text.SDMMCHOST_CardDetectInit  fsl_sdmmc_host.o
    0x00003756   0x00003756   0x00000002   PAD
    0x00003758   0x00003758   0x0000000e   Code   RO         3996    .text.SDMMCHOST_EnableDDRMode  fsl_sd.o
    0x00003766   0x00003766   0x00000002   PAD
    0x00003768   0x00003768   0x0000002e   Code   RO         3818    .text.SDMMCHOST_ErrorRecovery  fsl_sdmmc_host.o
    0x00003796   0x00003796   0x00000002   PAD
    0x00003798   0x00003798   0x000000ee   Code   RO         3842    .text.SDMMCHOST_ExecuteManualTuning  fsl_sdmmc_host.o
    0x00003886   0x00003886   0x00000002   PAD
    0x00003888   0x00003888   0x000000e4   Code   RO         3852    .text.SDMMCHOST_ExecuteStdTuning  fsl_sdmmc_host.o
    0x0000396c   0x0000396c   0x00000004   PAD
    0x00003970   0x00003970   0x00000018   Code   RO         3850    .text.SDMMCHOST_ExecuteTuning  fsl_sdmmc_host.o
    0x00003988   0x00003988   0x0000000a   Code   RO         3986    .text.SDMMCHOST_ForceClockOn  fsl_sd.o
    0x00003992   0x00003992   0x00000006   PAD
    0x00003998   0x00003998   0x00000010   Code   RO         3984    .text.SDMMCHOST_GetSignalLineStatus  fsl_sd.o
    0x000039a8   0x000039a8   0x0000001e   Code   RO         3830    .text.SDMMCHOST_Init  fsl_sdmmc_host.o
    0x000039c6   0x000039c6   0x00000002   PAD
    0x000039c8   0x000039c8   0x00000014   Code   RO         3962    .text.SDMMCHOST_IsCardBusy  fsl_sd.o
    0x000039dc   0x000039dc   0x00000004   PAD
    0x000039e0   0x000039e0   0x000000c2   Code   RO         3844    .text.SDMMCHOST_ReceiveTuningBlock  fsl_sdmmc_host.o
    0x00003aa2   0x00003aa2   0x00000006   PAD
    0x00003aa8   0x00003aa8   0x0000000c   Code   RO         3916    .text.SDMMCHOST_SendCardActive  fsl_sd.o
    0x00003ab4   0x00003ab4   0x00000004   PAD
    0x00003ab8   0x00003ab8   0x0000001a   Code   RO         3822    .text.SDMMCHOST_SetCardBusWidth  fsl_sdmmc_host.o
    0x00003ad2   0x00003ad2   0x00000006   PAD
    0x00003ad8   0x00003ad8   0x00000010   Code   RO         3914    .text.SDMMCHOST_SetCardClock  fsl_sd.o
    0x00003ae8   0x00003ae8   0x00000002   Code   RO         3820    .text.SDMMCHOST_SetCardPower  fsl_sdmmc_host.o
    0x00003aea   0x00003aea   0x00000006   PAD
    0x00003af0   0x00003af0   0x00000012   Code   RO         3840    .text.SDMMCHOST_SwitchToVoltage  fsl_sdmmc_host.o
    0x00003b02   0x00003b02   0x00000006   PAD
    0x00003b08   0x00003b08   0x0000007c   Code   RO         3816    .text.SDMMCHOST_TransferFunction  fsl_sdmmc_host.o
    0x00003b84   0x00003b84   0x00000004   PAD
    0x00003b88   0x00003b88   0x00000038   Code   RO         3846    .text.SDMMC_CheckTuningResult  fsl_sdmmc_host.o
    0x00003bc0   0x00003bc0   0x00000030   Code   RO         3782    .text.SDMMC_GoIdle  fsl_sdmmc_common.o
    0x00003bf0   0x00003bf0   0x00000016   Code   RO         4020    .text.SDMMC_OSADelay  fsl_sdmmc_osa.o
    0x00003c06   0x00003c06   0x00000002   PAD
    0x00003c08   0x00003c08   0x00000054   Code   RO         3776    .text.SDMMC_SelectCard  fsl_sdmmc_common.o
    0x00003c5c   0x00003c5c   0x00000004   PAD
    0x00003c60   0x00003c60   0x00000058   Code   RO         3778    .text.SDMMC_SendApplicationCommand  fsl_sdmmc_common.o
    0x00003cb8   0x00003cb8   0x00000046   Code   RO         3784    .text.SDMMC_SetBlockSize  fsl_sdmmc_common.o
    0x00003cfe   0x00003cfe   0x00000002   PAD
    0x00003d00   0x00003d00   0x00000056   Code   RO         3920    .text.SD_AllSendCid  fsl_sd.o
    0x00003d56   0x00003d56   0x00000002   PAD
    0x00003d58   0x00003d58   0x00000094   Code   RO         3980    .text.SD_ApplicationSendOperationCondition  fsl_sd.o
    0x00003dec   0x00003dec   0x00000004   PAD
    0x00003df0   0x00003df0   0x000000e2   Code   RO         3912    .text.SD_CardInit   fsl_sd.o
    0x00003ed2   0x00003ed2   0x00000006   PAD
    0x00003ed8   0x00003ed8   0x0000005a   Code   RO         3990    .text.SD_DecodeCid  fsl_sd.o
    0x00003f32   0x00003f32   0x00000006   PAD
    0x00003f38   0x00003f38   0x000001de   Code   RO         3992    .text.SD_DecodeCsd  fsl_sd.o
    0x00004116   0x00004116   0x00000002   PAD
    0x00004118   0x00004118   0x000000b4   Code   RO         3994    .text.SD_DecodeScr  fsl_sd.o
    0x000041cc   0x000041cc   0x00000004   PAD
    0x000041d0   0x000041d0   0x0000005e   Code   RO         3888    .text.SD_DecodeStatus  fsl_sd.o
    0x0000422e   0x0000422e   0x00000002   PAD
    0x00004230   0x00004230   0x0000001a   Code   RO         3968    .text.SD_ExecuteTuning  fsl_sd.o
    0x0000424a   0x0000424a   0x00000006   PAD
    0x00004250   0x00004250   0x0000000a   Code   RO         3976    .text.SD_GoIdle     fsl_sd.o
    0x0000425a   0x0000425a   0x00000006   PAD
    0x00004260   0x00004260   0x00000030   Code   RO         3936    .text.SD_HostInit   fsl_sd.o
    0x00004290   0x00004290   0x00000040   Code   RO         3884    .text.SD_PollingCardStatusBusy  fsl_sd.o
    0x000042d0   0x000042d0   0x000000c8   Code   RO         3918    .text.SD_ProbeBusVoltage  fsl_sd.o
    0x00004398   0x00004398   0x000000dc   Code   RO         3882    .text.SD_ReadStatus  fsl_sd.o
    0x00004474   0x00004474   0x00000004   PAD
    0x00004478   0x00004478   0x00000124   Code   RO         3932    .text.SD_SelectBusTiming  fsl_sd.o
    0x0000459c   0x0000459c   0x00000004   PAD
    0x000045a0   0x000045a0   0x00000010   Code   RO         3890    .text.SD_SelectCard  fsl_sd.o
    0x000045b0   0x000045b0   0x0000013a   Code   RO         3894    .text.SD_SelectFunction  fsl_sd.o
    0x000046ea   0x000046ea   0x00000006   PAD
    0x000046f0   0x000046f0   0x0000000a   Code   RO         3886    .text.SD_SendApplicationCmd  fsl_sd.o
    0x000046fa   0x000046fa   0x00000006   PAD
    0x00004700   0x00004700   0x0000005a   Code   RO         3924    .text.SD_SendCsd    fsl_sd.o
    0x0000475a   0x0000475a   0x00000006   PAD
    0x00004760   0x00004760   0x0000005c   Code   RO         3978    .text.SD_SendInterfaceCondition  fsl_sd.o
    0x000047bc   0x000047bc   0x00000004   PAD
    0x000047c0   0x000047c0   0x0000003e   Code   RO         3922    .text.SD_SendRca    fsl_sd.o
    0x000047fe   0x000047fe   0x00000002   PAD
    0x00004800   0x00004800   0x000000b8   Code   RO         3926    .text.SD_SendScr    fsl_sd.o
    0x000048b8   0x000048b8   0x0000000e   Code   RO         3930    .text.SD_SetBlockSize  fsl_sd.o
    0x000048c6   0x000048c6   0x00000002   PAD
    0x000048c8   0x000048c8   0x0000001c   Code   RO         3940    .text.SD_SetCardPower  fsl_sd.o
    0x000048e4   0x000048e4   0x00000004   PAD
    0x000048e8   0x000048e8   0x00000046   Code   RO         3928    .text.SD_SetDataBusWidth  fsl_sd.o
    0x0000492e   0x0000492e   0x00000002   PAD
    0x00004930   0x00004930   0x0000003c   Code   RO         3966    .text.SD_StopTransmission  fsl_sd.o
    0x0000496c   0x0000496c   0x00000004   PAD
    0x00004970   0x00004970   0x0000006e   Code   RO         3972    .text.SD_SwitchFunction  fsl_sd.o
    0x000049de   0x000049de   0x00000002   PAD
    0x000049e0   0x000049e0   0x000000a6   Code   RO         3982    .text.SD_SwitchVoltage  fsl_sd.o
    0x00004a86   0x00004a86   0x00000002   PAD
    0x00004a88   0x00004a88   0x00000084   Code   RO         3964    .text.SD_Transfer   fsl_sd.o
    0x00004b0c   0x00004b0c   0x00000004   PAD
    0x00004b10   0x00004b10   0x00000062   Code   RO         3960    .text.SD_WaitWriteComplete  fsl_sd.o
    0x00004b72   0x00004b72   0x00000006   PAD
    0x00004b78   0x00004b78   0x00000004   Code   RO         3253    .text.SPDIF_ClearStatusFlags  fsl_spdif.o
    0x00004b7c   0x00004b7c   0x00000004   PAD
    0x00004b80   0x00004b80   0x0000000a   Code   RO         3249    .text.SPDIF_DisableInterrupts  fsl_spdif.o
    0x00004b8a   0x00004b8a   0x00000006   PAD
    0x00004b90   0x00004b90   0x00000042   Code   RO         3259    .text.SPDIF_DriverIRQHandler  fsl_spdif.o
    0x00004bd2   0x00004bd2   0x00000006   PAD
    0x00004bd8   0x00004bd8   0x00000004   Code   RO         3215    .text.SPDIF_GetStatusFlag  fsl_spdif.o
    0x00004bdc   0x00004bdc   0x00000004   PAD
    0x00004be0   0x00004be0   0x00000004   Code   RO         3223    .text.SPDIF_ReadLeftData  fsl_spdif.o
    0x00004be4   0x00004be4   0x00000004   PAD
    0x00004be8   0x00004be8   0x00000004   Code   RO         3255    .text.SPDIF_ReadQChannel  fsl_spdif.o
    0x00004bec   0x00004bec   0x00000004   PAD
    0x00004bf0   0x00004bf0   0x00000004   Code   RO         3225    .text.SPDIF_ReadRightData  fsl_spdif.o
    0x00004bf4   0x00004bf4   0x00000004   PAD
    0x00004bf8   0x00004bf8   0x00000004   Code   RO         3257    .text.SPDIF_ReadUChannel  fsl_spdif.o
    0x00004bfc   0x00004bfc   0x00000004   PAD
    0x00004c00   0x00004c00   0x0000002c   Code   RO         3251    .text.SPDIF_TransferAbortReceive  fsl_spdif.o
    0x00004c2c   0x00004c2c   0x00000004   PAD
    0x00004c30   0x00004c30   0x00000026   Code   RO         3247    .text.SPDIF_TransferAbortSend  fsl_spdif.o
    0x00004c56   0x00004c56   0x00000002   PAD
    0x00004c58   0x00004c58   0x000001fe   Code   RO         3235    .text.SPDIF_TransferRxHandleIRQ  fsl_spdif.o
    0x00004e56   0x00004e56   0x00000002   PAD
    0x00004e58   0x00004e58   0x00000104   Code   RO         3229    .text.SPDIF_TransferTxHandleIRQ  fsl_spdif.o
    0x00004f5c   0x00004f5c   0x00000004   PAD
    0x00004f60   0x00004f60   0x00000004   Code   RO         3217    .text.SPDIF_WriteLeftData  fsl_spdif.o
    0x00004f64   0x00004f64   0x00000004   PAD
    0x00004f68   0x00004f68   0x00000004   Code   RO         3219    .text.SPDIF_WriteRightData  fsl_spdif.o
    0x00004f6c   0x00004f6c   0x00000004   PAD
    0x00004f70   0x00004f70   0x0000013a   Code   RO           13    .text.SystemInit    system_mimxrt1062.o
    0x000050aa   0x000050aa   0x00000006   PAD
    0x000050b0   0x000050b0   0x00000002   Code   RO           15    .text.SystemInitHook  system_mimxrt1062.o
    0x000050b2   0x000050b2   0x00000006   PAD
    0x000050b8   0x000050b8   0x00000016   Code   RO         3834    .text.UDSHC_SelectVoltage  fsl_sdmmc_host.o
    0x000050ce   0x000050ce   0x00000002   PAD
    0x000050d0   0x000050d0   0x00000024   Code   RO         3510    .text.USDHC1_DriverIRQHandler  fsl_usdhc.o
    0x000050f4   0x000050f4   0x00000004   PAD
    0x000050f8   0x000050f8   0x00000026   Code   RO         3512    .text.USDHC2_DriverIRQHandler  fsl_usdhc.o
    0x0000511e   0x0000511e   0x00000002   PAD
    0x00005120   0x00005120   0x00000014   Code   RO         3484    .text.USDHC_AdjustDelayForManualTuning  fsl_usdhc.o
    0x00005134   0x00005134   0x00000004   PAD
    0x00005138   0x00005138   0x00000012   Code   RO         3802    .text.USDHC_CardDetectByData3  fsl_sdmmc_host.o
    0x0000514a   0x0000514a   0x00000006   PAD
    0x00005150   0x00005150   0x00000008   Code   RO         3872    .text.USDHC_CheckStdTuningResult  fsl_sdmmc_host.o
    0x00005158   0x00005158   0x00000008   Code   RO         3870    .text.USDHC_CheckTuningError  fsl_sdmmc_host.o
    0x00005160   0x00005160   0x00000004   Code   RO         3468    .text.USDHC_ClearInterruptStatusFlags  fsl_usdhc.o
    0x00005164   0x00005164   0x00000004   PAD
    0x00005168   0x00005168   0x00000004   Code   RO         3862    .text.USDHC_ClearInterruptStatusFlags  fsl_sdmmc_host.o
    0x0000516c   0x0000516c   0x00000004   PAD
    0x00005170   0x00005170   0x0000000a   Code   RO         3848    .text.USDHC_DisableInterruptStatus  fsl_sdmmc_host.o
    0x0000517a   0x0000517a   0x00000006   PAD
    0x00005180   0x00005180   0x00000012   Code   RO         3836    .text.USDHC_EnableAutoTuning  fsl_sdmmc_host.o
    0x00005192   0x00005192   0x00000006   PAD
    0x00005198   0x00005198   0x0000003e   Code   RO         3452    .text.USDHC_EnableDDRMode  fsl_usdhc.o
    0x000051d6   0x000051d6   0x00000002   PAD
    0x000051d8   0x000051d8   0x00000012   Code   RO         3470    .text.USDHC_EnableInternalDMA  fsl_usdhc.o
    0x000051ea   0x000051ea   0x00000006   PAD
    0x000051f0   0x000051f0   0x00000012   Code   RO         3860    .text.USDHC_EnableInternalDMA  fsl_sdmmc_host.o
    0x00005202   0x00005202   0x00000006   PAD
    0x00005208   0x00005208   0x00000008   Code   RO         3804    .text.USDHC_EnableInterruptStatus  fsl_sdmmc_host.o
    0x00005210   0x00005210   0x0000002a   Code   RO         3482    .text.USDHC_EnableManualTuning  fsl_usdhc.o
    0x0000523a   0x0000523a   0x00000006   PAD
    0x00005240   0x00005240   0x0000004e   Code   RO         3486    .text.USDHC_EnableStandardTuning  fsl_usdhc.o
    0x0000528e   0x0000528e   0x00000002   PAD
    0x00005290   0x00005290   0x00000016   Code   RO         3988    .text.USDHC_ForceClockOn  fsl_sd.o
    0x000052a6   0x000052a6   0x00000002   PAD
    0x000052a8   0x000052a8   0x00000008   Code   RO         3868    .text.USDHC_GetExecuteStdTuningStatus  fsl_sdmmc_host.o
    0x000052b0   0x000052b0   0x00000034   Code   RO         3438    .text.USDHC_GetInstance  fsl_usdhc.o
    0x000052e4   0x000052e4   0x00000004   PAD
    0x000052e8   0x000052e8   0x00000004   Code   RO         3466    .text.USDHC_GetInterruptStatusFlags  fsl_usdhc.o
    0x000052ec   0x000052ec   0x00000004   PAD
    0x000052f0   0x000052f0   0x00000004   Code   RO         3814    .text.USDHC_GetInterruptStatusFlags  fsl_sdmmc_host.o
    0x000052f4   0x000052f4   0x00000004   PAD
    0x000052f8   0x000052f8   0x00000004   Code   RO         3808    .text.USDHC_GetPresentStatusFlags  fsl_sdmmc_host.o
    0x000052fc   0x000052fc   0x00000004   PAD
    0x00005300   0x00005300   0x00000004   Code   RO         3970    .text.USDHC_GetPresentStatusFlags  fsl_sd.o
    0x00005304   0x00005304   0x00000004   PAD
    0x00005308   0x00005308   0x0000007e   Code   RO         3434    .text.USDHC_Init    fsl_usdhc.o
    0x00005386   0x00005386   0x00000002   PAD
    0x00005388   0x00005388   0x000000c2   Code   RO         3518    .text.USDHC_ReadByDataPortBlocking  fsl_usdhc.o
    0x0000544a   0x0000544a   0x00000006   PAD
    0x00005450   0x00005450   0x00000004   Code   RO         3524    .text.USDHC_ReadData  fsl_usdhc.o
    0x00005454   0x00005454   0x00000004   PAD
    0x00005458   0x00005458   0x00000004   Code   RO         3864    .text.USDHC_ReadData  fsl_sdmmc_host.o
    0x0000545c   0x0000545c   0x00000004   PAD
    0x00005460   0x00005460   0x0000005e   Code   RO         3522    .text.USDHC_ReadDataPort  fsl_usdhc.o
    0x000054be   0x000054be   0x00000002   PAD
    0x000054c0   0x000054c0   0x0000005c   Code   RO         3516    .text.USDHC_ReceiveCommandResponse  fsl_usdhc.o
    0x0000551c   0x0000551c   0x00000004   PAD
    0x00005520   0x00005520   0x00000026   Code   RO         3444    .text.USDHC_Reset   fsl_usdhc.o
    0x00005546   0x00005546   0x00000002   PAD
    0x00005548   0x00005548   0x00000084   Code   RO         3432    .text.USDHC_SendCommand  fsl_usdhc.o
    0x000055cc   0x000055cc   0x00000004   PAD
    0x000055d0   0x000055d0   0x000000ae   Code   RO         3456    .text.USDHC_SetADMA1Descriptor  fsl_usdhc.o
    0x0000567e   0x0000567e   0x00000002   PAD
    0x00005680   0x00005680   0x000000fc   Code   RO         3458    .text.USDHC_SetADMA2Descriptor  fsl_usdhc.o
    0x0000577c   0x0000577c   0x00000004   PAD
    0x00005780   0x00005780   0x00000086   Code   RO         3462    .text.USDHC_SetAdmaTableConfig  fsl_usdhc.o
    0x00005806   0x00005806   0x00000002   PAD
    0x00005808   0x00005808   0x00000024   Code   RO         3450    .text.USDHC_SetCardActive  fsl_usdhc.o
    0x0000582c   0x0000582c   0x00000004   PAD
    0x00005830   0x00005830   0x0000000a   Code   RO         3824    .text.USDHC_SetDataBusWidth  fsl_sdmmc_host.o
    0x0000583a   0x0000583a   0x00000006   PAD
    0x00005840   0x00005840   0x00000030   Code   RO         3430    .text.USDHC_SetDataConfig  fsl_usdhc.o
    0x00005870   0x00005870   0x00000058   Code   RO         3460    .text.USDHC_SetInternalDmaConfig  fsl_usdhc.o
    0x000058c8   0x000058c8   0x000000cc   Code   RO         3448    .text.USDHC_SetSdClock  fsl_usdhc.o
    0x00005994   0x00005994   0x00000004   PAD
    0x00005998   0x00005998   0x00000010   Code   RO         3866    .text.USDHC_SetStandardTuningCounter  fsl_sdmmc_host.o
    0x000059a8   0x000059a8   0x000000c8   Code   RO         3472    .text.USDHC_SetTransferConfig  fsl_usdhc.o
    0x00005a70   0x00005a70   0x00000112   Code   RO         3464    .text.USDHC_TransferBlocking  fsl_usdhc.o
    0x00005b82   0x00005b82   0x00000006   PAD
    0x00005b88   0x00005b88   0x00000092   Code   RO         3476    .text.USDHC_TransferDataBlocking  fsl_usdhc.o
    0x00005c1a   0x00005c1a   0x00000006   PAD
    0x00005c20   0x00005c20   0x00000040   Code   RO         3474    .text.USDHC_WaitCommandDone  fsl_usdhc.o
    0x00005c60   0x00005c60   0x000000d0   Code   RO         3520    .text.USDHC_WriteByDataPortBlocking  fsl_usdhc.o
    0x00005d30   0x00005d30   0x00000004   Code   RO         3528    .text.USDHC_WriteData  fsl_usdhc.o
    0x00005d34   0x00005d34   0x00000004   PAD
    0x00005d38   0x00005d38   0x0000005e   Code   RO         3526    .text.USDHC_WriteDataPort  fsl_usdhc.o
    0x00005d96   0x00005d96   0x00000002   PAD
    0x00005d98   0x00005d98   0x0000001c   Code   RO         3636    .text.bsp_led_ctl   bsp_led.o
    0x00005db4   0x00005db4   0x00000004   PAD
    0x00005db8   0x00005db8   0x0000002c   Code   RO         3634    .text.bsp_led_init  bsp_led.o
    0x00005de4   0x00005de4   0x00000004   PAD
    0x00005de8   0x00005de8   0x000000e2   Code   RO         3647    .text.bsp_lpuart_init  bsp_lpuart.o
    0x00005eca   0x00005eca   0x00000006   PAD
    0x00005ed0   0x00005ed0   0x00000042   Code   RO         3663    .text.bsp_usdhc_host_init  bsp_usdhc.o
    0x00005f12   0x00005f12   0x00000006   PAD
    0x00005f18   0x00005f18   0x00000188   Code   RO         3762    .text.ccm_clock_list  main.o
    0x000060a0   0x000060a0   0x00000020   Code   RO         3651    .text.fputc         bsp_lpuart.o
    0x000060c0   0x000060c0   0x000000a4   Code   RO         3764    .text.main          main.o
    0x00006164   0x00006164   0x00000004   PAD
    0x00006168   0x00006168   0x0000002a   Code   RO         3669    .text.sdcard_init   bsp_usdhc.o
    0x00006192   0x00006192   0x00000006   PAD
    0x00006198   0x00006198   0x00000008   Code   RO         3673    .text.sdcard_test   bsp_usdhc.o
    0x000061a0   0x000061a0   0x00000014   Code   RO         3665    .text.usdhc_clock_init  bsp_usdhc.o
    0x000061b4   0x000061b4   0x00000020   Code   RO         4205    i.__0printf$1       mc_w.l(printf1.o)
    0x000061d4   0x000061d4   0x0000000e   Code   RO         4495    i.__scatterload_copy  mc_w.l(handlers.o)
    0x000061e2   0x000061e2   0x00000002   Code   RO         4496    i.__scatterload_null  mc_w.l(handlers.o)
    0x000061e4   0x000061e4   0x0000000e   Code   RO         4497    i.__scatterload_zeroinit  mc_w.l(handlers.o)
    0x000061f2   0x000061f2   0x00000002   PAD
    0x000061f4   0x000061f4   0x00000154   Code   RO         4212    i._printf_core      mc_w.l(printf1.o)
    0x00006348   0x00006348   0x00000003   Data   RO         3638    .rodata..L__const.bsp_led_init.led_config  bsp_led.o
    0x0000634b   0x0000634b   0x00000001   PAD
    0x0000634c   0x0000634c   0x00000040   Data   RO         3788    .rodata.SDMMC_TuningBlockPattern4Bit  fsl_sdmmc_common.o
    0x0000638c   0x0000638c   0x00000008   Data   RO         3731    .rodata.armPllConfig_BOARD_BootClockRUN  clock_config.o
    0x00006394   0x00006394   0x00000010   Data   RO          293    .rodata.cst16       fsl_clock.o
    0x000063a4   0x000063a4   0x00000012   Data   RO         2482    .rodata.s_lpuartClock  fsl_lpuart.o
    0x000063b6   0x000063b6   0x00000006   Data   RO         3534    .rodata.s_usdhcClock  fsl_usdhc.o
    0x000063bc   0x000063bc   0x000000d2   Data   RO         3682    .rodata.str1.1      bsp_usdhc.o
    0x0000648e   0x0000648e   0x000000cd   Data   RO         3766    .rodata.str1.1      main.o
    0x0000655b   0x0000655b   0x00000001   PAD
    0x0000655c   0x0000655c   0x00000014   Data   RO         3732    .rodata.sysPllConfig_BOARD_BootClockRUN  clock_config.o
    0x00006570   0x00006570   0x00000002   Data   RO         3733    .rodata.usb1PllConfig_BOARD_BootClockRUN  clock_config.o
    0x00006572   0x00006572   0x00000002   PAD
    0x00006574   0x00006574   0x00000020   Data   RO         4494    Region$$Table       anon$$obj.o


    Execution Region RW_m_data (Exec base: 0x20000000, Load base: 0x00006594, Size: 0x000004d4, Max: 0x0001f800, ABSOLUTE)

    Exec Addr    Load Addr    Size         Type   Attr      Idx    E Section Name        Object

    0x20000000   0x00006594   0x00000004   Data   RW         4463    .data               mc_w.l(stdout.o)
    0x20000004   0x00006598   0x00000004   Data   RW           19    .data.SystemCoreClock  system_mimxrt1062.o
    0x20000008   0x0000659c   0x00000004   Data   RW         1108    .data.s_flexcanIsr  fsl_flexcan.o
    0x2000000c   0x000065a0   0x00000004   Data   RW         2484    .data.s_lpuartIsr   fsl_lpuart.o
    0x20000010   0x000065a4   0x00000004   Data   RW         3537    .data.s_usdhcIsr    fsl_usdhc.o
    0x20000014        -       0x00000004   Zero   RW         3535    .bss.NonCacheable   fsl_usdhc.o
    0x20000018        -       0x00000004   Zero   RW          295    .bss.g_rtcXtalFreq  fsl_clock.o
    0x2000001c        -       0x000002b0   Zero   RW         3767    .bss.g_sd           main.o
    0x200002cc        -       0x00000004   Zero   RW          294    .bss.g_xtalFreq     fsl_clock.o
    0x200002d0        -       0x00000080   Zero   RW          713    .bss.s_EDMAHandle   fsl_edma.o
    0x20000350        -       0x0000000c   Zero   RW          923    .bss.s_ENETHandle   fsl_enet.o
    0x2000035c        -       0x0000000c   Zero   RW          921    .bss.s_enetErrIsr   fsl_enet.o
    0x20000368        -       0x0000000c   Zero   RW          917    .bss.s_enetRxIsr    fsl_enet.o
    0x20000374        -       0x0000000c   Zero   RW          919    .bss.s_enetTxIsr    fsl_enet.o
    0x20000380        -       0x00000010   Zero   RW         1107    .bss.s_flexcanHandle  fsl_flexcan.o
    0x20000390        -       0x00000008   Zero   RW         1184    .bss.s_flexioHandle  fsl_flexio.o
    0x20000398        -       0x00000008   Zero   RW         1186    .bss.s_flexioIsr    fsl_flexio.o
    0x200003a0        -       0x00000008   Zero   RW         1185    .bss.s_flexioType   fsl_flexio.o
    0x200003a8        -       0x0000000c   Zero   RW         1922    .bss.s_flexspiHandle  fsl_flexspi.o
    0x200003b4        -       0x0000007c   Zero   RW         3681    .bss.s_host         bsp_usdhc.o
    0x20000430        -       0x00000014   Zero   RW         2171    .bss.s_lpi2cMasterHandle  fsl_lpi2c.o
    0x20000444        -       0x00000004   Zero   RW         2172    .bss.s_lpi2cMasterIsr  fsl_lpi2c.o
    0x20000448        -       0x00000014   Zero   RW         2174    .bss.s_lpi2cSlaveHandle  fsl_lpi2c.o
    0x2000045c        -       0x00000004   Zero   RW         2175    .bss.s_lpi2cSlaveIsr  fsl_lpi2c.o
    0x20000460        -       0x00000014   Zero   RW         2330    .bss.s_lpspiHandle  fsl_lpspi.o
    0x20000474        -       0x00000024   Zero   RW         2483    .bss.s_lpuartHandle  fsl_lpuart.o
    0x20000498        -       0x00000020   Zero   RW         2977    .bss.s_saiHandle    fsl_sai.o
    0x200004b8        -       0x00000008   Zero   RW         3265    .bss.s_spdifHandle  fsl_spdif.o
    0x200004c0        -       0x00000004   Zero   RW         3267    .bss.s_spdifRxIsr   fsl_spdif.o
    0x200004c4        -       0x00000004   Zero   RW         3266    .bss.s_spdifTxIsr   fsl_spdif.o
    0x200004c8        -       0x0000000c   Zero   RW         3536    .bss.s_usdhcHandle  fsl_usdhc.o


    Execution Region ARM_LIB_HEAP (Exec base: 0x200004d4, Load base: 0x000065a8, Size: 0x00000400, Max: 0x00000400, ABSOLUTE)

    Exec Addr    Load Addr    Size         Type   Attr      Idx    E Section Name        Object

    0x200004d4        -       0x00000400   Zero   RW            2    ARM_LIB_HEAP.bss    anon$$obj.o


    Execution Region ARM_LIB_STACK (Exec base: 0x2001fc00, Load base: 0x000065a8, Size: 0x00000400, Max: 0x00000400, ABSOLUTE)

    Exec Addr    Load Addr    Size         Type   Attr      Idx    E Section Name        Object

    0x2001fc00        -       0x00000400   Zero   RW            3    ARM_LIB_STACK.bss   anon$$obj.o


    Execution Region RW_m_ncache (Exec base: 0x20200000, Load base: 0x000065a8, Size: 0x00000000, Max: 0x00000000, ABSOLUTE)

    Exec Addr    Load Addr    Size         Type   Attr      Idx    E Section Name        Object

    0x20200000        -       0x00000000   Zero   RW            4    RW_m_ncache.bss     anon$$obj.o


    Execution Region RW_m_ncache_unused (Exec base: 0x20200000, Load base: 0x000065a8, Size: 0x000c0000, Max: 0x000c0000, ABSOLUTE)

    Exec Addr    Load Addr    Size         Type   Attr      Idx    E Section Name        Object

    0x20200000        -       0x000c0000   Zero   RW            5    RW_m_ncache_unused.bss  anon$$obj.o


==============================================================================

Image component sizes


      Code (inc. data)   RO Data    RW Data    ZI Data      Debug   Object Name

       616          0          0          0          0       7846   board.o
        72          0          3          0          0       1795   bsp_led.o
       268          8          0          0          0       4711   bsp_lpuart.o
       506        146        210          0        124      12691   bsp_usdhc.o
      1046          0         30          0          0       6536   clock_config.o
       108          0          0          0          0       4784   fsl_cache.o
      1826         48         16          0          8      24515   fsl_clock.o
        38          0          0          0          0       2111   fsl_common.o
      1180          0          0          0        128      29656   fsl_edma.o
       222         12          0          0         48      40376   fsl_enet.o
       112          0          0          4         16      43678   fsl_flexcan.o
        90          0          0          0         24      15748   fsl_flexio.o
       502          0          0          0         12      24585   fsl_flexspi.o
       384         58          0          0          0       7092   fsl_gpio.o
      1214          6          0          0         48      36107   fsl_lpi2c.o
      1410          8          0          0         20      32809   fsl_lpspi.o
       984         36         18          4         36      27489   fsl_lpuart.o
      1360          0          0          0         32      39460   fsl_sai.o
      3722          6          0          0          0      37670   fsl_sd.o
       290          0         64          0          0      10121   fsl_sdmmc_common.o
      1200          0          0          0          0      22204   fsl_sdmmc_host.o
        22          0          0          0          0       3147   fsl_sdmmc_osa.o
       960          0          0          0         16      22756   fsl_spdif.o
      3014         22          6          4         16      37091   fsl_usdhc.o
       556        184        205          0        688       9528   main.o
       232          0          0          0          0       5169   pin_mux.o
       500        244       1024          0          0       2537   startup_mimxrt1062.o
       316          0          0          4          0       6159   system_mimxrt1062.o

    ----------------------------------------------------------------------
     23648        798       1612         16     789696     518371   Object Totals
         0          0         32          0     788480          0   (incl. Generated)
       898         20          4          0          0          0   (incl. Padding)

    ----------------------------------------------------------------------

      Code (inc. data)   RO Data    RW Data    ZI Data      Debug   Library Member Name

         0          0          0          0          0          0   entry.o
         0          0          0          0          0          0   entry10a.o
         0          0          0          0          0          0   entry11a.o
         8          4          0          0          0          0   entry4.o
         4          0          0          0          0          0   entry5.o
         0          0          0          0          0          0   entry7b.o
         0          0          0          0          0          0   entry8b.o
         8          4          0          0          0          0   entry9a.o
        30          0          0          0          0          0   handlers.o
        36          8          0          0          0         68   init.o
        30          0          0          0          0         68   llshl.o
        32          0          0          0          0         68   llushr.o
        40          0          0          0          0         76   memcpy.o
        36          0          0          0          0        108   memseta.o
       372         14          0          0          0        184   printf1.o
         0          0          0          4          0          0   stdout.o
        44          0          0          0          0         80   uidiv.o
        98          0          0          0          0         92   uldiv.o

    ----------------------------------------------------------------------
       744         34          0          4          0        744   Library Totals
         6          4          0          0          0          0   (incl. Padding)

    ----------------------------------------------------------------------

      Code (inc. data)   RO Data    RW Data    ZI Data      Debug   Library Name

       738         30          0          4          0        744   mc_w.l

    ----------------------------------------------------------------------
       744         34          0          4          0        744   Library Totals

    ----------------------------------------------------------------------

==============================================================================


      Code (inc. data)   RO Data    RW Data    ZI Data      Debug   

     24392        832       1612         20     789696     518591   Grand Totals
     24392        832       1612         20     789696     518591   ELF Image Totals
     24392        832       1612         20          0          0   ROM Totals

==============================================================================

    Total RO  Size (Code + RO Data)                26004 (  25.39kB)
    Total RW  Size (RW Data + ZI Data)            789716 ( 771.21kB)
    Total ROM Size (Code + RO Data + RW Data)      26024 (  25.41kB)

==============================================================================

