<!doctype html public "-//w3c//dtd html 4.0 transitional//en">
<html><head>
<title>Static Call Graph - [.\Objects\TOS_EVB_RT1062.axf]</title></head>
<body><HR>
<H1>Static Call Graph for image .\Objects\TOS_EVB_RT1062.axf</H1><HR>
<BR><P>#&#060CALLGRAPH&#062# ARM Linker, 6140002: Last Updated: Wed Jun 30 19:52:12 2021
<BR><P>
<H3>Maximum Stack Usage =        472 bytes + Unknown(Functions without stacksize, Cycles, Untraceable Function Pointers)</H3><H3>
Call chain for Maximum Stack Depth:</H3>
main &rArr; sdcard_init &rArr; SD_CardInit &rArr; SD_ReadStatus &rArr; SD_PollingCardStatusBusy &rArr; SD_WaitWriteComplete &rArr; SD_Transfer &rArr;  SD_PollingCardStatusBusy (Cycle)
<P>
<H3>
Functions with no stack information
</H3><UL>
 <LI><a href="#[0]">Reset_Handler</a>
 <LI><a href="#[85]">ACMP1_IRQHandler</a>
 <LI><a href="#[86]">ACMP2_IRQHandler</a>
 <LI><a href="#[87]">ACMP3_IRQHandler</a>
 <LI><a href="#[88]">ACMP4_IRQHandler</a>
 <LI><a href="#[4d]">ADC1_IRQHandler</a>
 <LI><a href="#[4e]">ADC2_IRQHandler</a>
 <LI><a href="#[83]">ADC_ETC_ERROR_IRQ_IRQHandler</a>
 <LI><a href="#[80]">ADC_ETC_IRQ0_IRQHandler</a>
 <LI><a href="#[81]">ADC_ETC_IRQ1_IRQHandler</a>
 <LI><a href="#[82]">ADC_ETC_IRQ2_IRQHandler</a>
 <LI><a href="#[41]">BEE_IRQHandler</a>
 <LI><a href="#[4]">BusFault_Handler</a>
 <LI><a href="#[69]">CCM_1_IRQHandler</a>
 <LI><a href="#[6a]">CCM_2_IRQHandler</a>
 <LI><a href="#[1d]">CORE_IRQHandler</a>
 <LI><a href="#[35]">CSI_IRQHandler</a>
 <LI><a href="#[3b]">CSU_IRQHandler</a>
 <LI><a href="#[1b]">CTI0_ERROR_IRQHandler</a>
 <LI><a href="#[1c]">CTI1_ERROR_IRQHandler</a>
 <LI><a href="#[4f]">DCDC_IRQHandler</a>
 <LI><a href="#[3c]">DCP_IRQHandler</a>
 <LI><a href="#[3d]">DCP_VMI_IRQHandler</a>
 <LI><a href="#[bc]">DMA_ERROR_DriverIRQHandler</a>
 <LI><a href="#[7]">DebugMon_Handler</a>
 <LI><a href="#[a8]">DefaultISR</a>
 <LI><a href="#[8b]">ENC1_IRQHandler</a>
 <LI><a href="#[8c]">ENC2_IRQHandler</a>
 <LI><a href="#[8d]">ENC3_IRQHandler</a>
 <LI><a href="#[8e]">ENC4_IRQHandler</a>
 <LI><a href="#[dd]">ENET2_1588_Timer_DriverIRQHandler</a>
 <LI><a href="#[db]">ENET_1588_Timer_DriverIRQHandler</a>
 <LI><a href="#[68]">EWM_IRQHandler</a>
 <LI><a href="#[30]">FLEXRAM_IRQHandler</a>
 <LI><a href="#[d6]">FLEXSPI2_DriverIRQHandler</a>
 <LI><a href="#[6b]">GPC_IRQHandler</a>
 <LI><a href="#[5a]">GPIO1_Combined_0_15_IRQHandler</a>
 <LI><a href="#[5b]">GPIO1_Combined_16_31_IRQHandler</a>
 <LI><a href="#[52]">GPIO1_INT0_IRQHandler</a>
 <LI><a href="#[53]">GPIO1_INT1_IRQHandler</a>
 <LI><a href="#[54]">GPIO1_INT2_IRQHandler</a>
 <LI><a href="#[55]">GPIO1_INT3_IRQHandler</a>
 <LI><a href="#[56]">GPIO1_INT4_IRQHandler</a>
 <LI><a href="#[57]">GPIO1_INT5_IRQHandler</a>
 <LI><a href="#[58]">GPIO1_INT6_IRQHandler</a>
 <LI><a href="#[59]">GPIO1_INT7_IRQHandler</a>
 <LI><a href="#[5c]">GPIO2_Combined_0_15_IRQHandler</a>
 <LI><a href="#[5d]">GPIO2_Combined_16_31_IRQHandler</a>
 <LI><a href="#[5e]">GPIO3_Combined_0_15_IRQHandler</a>
 <LI><a href="#[5f]">GPIO3_Combined_16_31_IRQHandler</a>
 <LI><a href="#[60]">GPIO4_Combined_0_15_IRQHandler</a>
 <LI><a href="#[61]">GPIO4_Combined_16_31_IRQHandler</a>
 <LI><a href="#[62]">GPIO5_Combined_0_15_IRQHandler</a>
 <LI><a href="#[63]">GPIO5_Combined_16_31_IRQHandler</a>
 <LI><a href="#[a7]">GPIO6_7_8_9_IRQHandler</a>
 <LI><a href="#[33]">GPR_IRQ_IRQHandler</a>
 <LI><a href="#[6e]">GPT1_IRQHandler</a>
 <LI><a href="#[6f]">GPT2_IRQHandler</a>
 <LI><a href="#[31]">KPP_IRQHandler</a>
 <LI><a href="#[34]">LCDIF_IRQHandler</a>
 <LI><a href="#[3]">MemManage_Handler</a>
 <LI><a href="#[84]">PIT_IRQHandler</a>
 <LI><a href="#[47]">PMU_EVENT_IRQHandler</a>
 <LI><a href="#[70]">PWM1_0_IRQHandler</a>
 <LI><a href="#[71]">PWM1_1_IRQHandler</a>
 <LI><a href="#[72]">PWM1_2_IRQHandler</a>
 <LI><a href="#[73]">PWM1_3_IRQHandler</a>
 <LI><a href="#[74]">PWM1_FAULT_IRQHandler</a>
 <LI><a href="#[93]">PWM2_0_IRQHandler</a>
 <LI><a href="#[94]">PWM2_1_IRQHandler</a>
 <LI><a href="#[95]">PWM2_2_IRQHandler</a>
 <LI><a href="#[96]">PWM2_3_IRQHandler</a>
 <LI><a href="#[97]">PWM2_FAULT_IRQHandler</a>
 <LI><a href="#[98]">PWM3_0_IRQHandler</a>
 <LI><a href="#[99]">PWM3_1_IRQHandler</a>
 <LI><a href="#[9a]">PWM3_2_IRQHandler</a>
 <LI><a href="#[9b]">PWM3_3_IRQHandler</a>
 <LI><a href="#[9c]">PWM3_FAULT_IRQHandler</a>
 <LI><a href="#[9d]">PWM4_0_IRQHandler</a>
 <LI><a href="#[9e]">PWM4_1_IRQHandler</a>
 <LI><a href="#[9f]">PWM4_2_IRQHandler</a>
 <LI><a href="#[a0]">PWM4_3_IRQHandler</a>
 <LI><a href="#[a1]">PWM4_FAULT_IRQHandler</a>
 <LI><a href="#[36]">PXP_IRQHandler</a>
 <LI><a href="#[67]">RTWDOG_IRQHandler</a>
 <LI><a href="#[6d]">Reserved115_IRQHandler</a>
 <LI><a href="#[89]">Reserved143_IRQHandler</a>
 <LI><a href="#[8a]">Reserved144_IRQHandler</a>
 <LI><a href="#[a5]">Reserved171_IRQHandler</a>
 <LI><a href="#[3e]">Reserved68_IRQHandler</a>
 <LI><a href="#[48]">Reserved78_IRQHandler</a>
 <LI><a href="#[50]">Reserved86_IRQHandler</a>
 <LI><a href="#[51]">Reserved87_IRQHandler</a>
 <LI><a href="#[77]">SEMC_IRQHandler</a>
 <LI><a href="#[40]">SJC_IRQHandler</a>
 <LI><a href="#[38]">SNVS_HP_WRAPPER_IRQHandler</a>
 <LI><a href="#[39]">SNVS_HP_WRAPPER_TZ_IRQHandler</a>
 <LI><a href="#[3a]">SNVS_LP_WRAPPER_IRQHandler</a>
 <LI><a href="#[6c]">SRC_IRQHandler</a>
 <LI><a href="#[49]">TEMP_LOW_HIGH_IRQHandler</a>
 <LI><a href="#[4a]">TEMP_PANIC_IRQHandler</a>
 <LI><a href="#[8f]">TMR1_IRQHandler</a>
 <LI><a href="#[90]">TMR2_IRQHandler</a>
 <LI><a href="#[91]">TMR3_IRQHandler</a>
 <LI><a href="#[92]">TMR4_IRQHandler</a>
 <LI><a href="#[3f]">TRNG_IRQHandler</a>
 <LI><a href="#[32]">TSC_DIG_IRQHandler</a>
 <LI><a href="#[7b]">USB_OTG1_IRQHandler</a>
 <LI><a href="#[7a]">USB_OTG2_IRQHandler</a>
 <LI><a href="#[4b]">USB_PHY1_IRQHandler</a>
 <LI><a href="#[4c]">USB_PHY2_IRQHandler</a>
 <LI><a href="#[5]">UsageFault_Handler</a>
 <LI><a href="#[66]">WDOG1_IRQHandler</a>
 <LI><a href="#[37]">WDOG2_IRQHandler</a>
 <LI><a href="#[7e]">XBAR1_IRQ_0_1_IRQHandler</a>
 <LI><a href="#[7f]">XBAR1_IRQ_2_3_IRQHandler</a>
 <LI><a href="#[1]">NMI_Handler</a>
 <LI><a href="#[2]">HardFault_Handler</a>
 <LI><a href="#[6]">SVC_Handler</a>
 <LI><a href="#[8]">PendSV_Handler</a>
 <LI><a href="#[9]">SysTick_Handler</a>
 <LI><a href="#[a]">DMA0_DMA16_IRQHandler</a>
 <LI><a href="#[b]">DMA1_DMA17_IRQHandler</a>
 <LI><a href="#[c]">DMA2_DMA18_IRQHandler</a>
 <LI><a href="#[d]">DMA3_DMA19_IRQHandler</a>
 <LI><a href="#[e]">DMA4_DMA20_IRQHandler</a>
 <LI><a href="#[f]">DMA5_DMA21_IRQHandler</a>
 <LI><a href="#[10]">DMA6_DMA22_IRQHandler</a>
 <LI><a href="#[11]">DMA7_DMA23_IRQHandler</a>
 <LI><a href="#[12]">DMA8_DMA24_IRQHandler</a>
 <LI><a href="#[13]">DMA9_DMA25_IRQHandler</a>
 <LI><a href="#[14]">DMA10_DMA26_IRQHandler</a>
 <LI><a href="#[15]">DMA11_DMA27_IRQHandler</a>
 <LI><a href="#[16]">DMA12_DMA28_IRQHandler</a>
 <LI><a href="#[17]">DMA13_DMA29_IRQHandler</a>
 <LI><a href="#[18]">DMA14_DMA30_IRQHandler</a>
 <LI><a href="#[19]">DMA15_DMA31_IRQHandler</a>
 <LI><a href="#[1a]">DMA_ERROR_IRQHandler</a>
 <LI><a href="#[1e]">LPUART1_IRQHandler</a>
 <LI><a href="#[1f]">LPUART2_IRQHandler</a>
 <LI><a href="#[20]">LPUART3_IRQHandler</a>
 <LI><a href="#[21]">LPUART4_IRQHandler</a>
 <LI><a href="#[22]">LPUART5_IRQHandler</a>
 <LI><a href="#[23]">LPUART6_IRQHandler</a>
 <LI><a href="#[24]">LPUART7_IRQHandler</a>
 <LI><a href="#[25]">LPUART8_IRQHandler</a>
 <LI><a href="#[26]">LPI2C1_IRQHandler</a>
 <LI><a href="#[27]">LPI2C2_IRQHandler</a>
 <LI><a href="#[28]">LPI2C3_IRQHandler</a>
 <LI><a href="#[29]">LPI2C4_IRQHandler</a>
 <LI><a href="#[2a]">LPSPI1_IRQHandler</a>
 <LI><a href="#[2b]">LPSPI2_IRQHandler</a>
 <LI><a href="#[2c]">LPSPI3_IRQHandler</a>
 <LI><a href="#[2d]">LPSPI4_IRQHandler</a>
 <LI><a href="#[2e]">CAN1_IRQHandler</a>
 <LI><a href="#[2f]">CAN2_IRQHandler</a>
 <LI><a href="#[42]">SAI1_IRQHandler</a>
 <LI><a href="#[43]">SAI2_IRQHandler</a>
 <LI><a href="#[44]">SAI3_RX_IRQHandler</a>
 <LI><a href="#[45]">SAI3_TX_IRQHandler</a>
 <LI><a href="#[46]">SPDIF_IRQHandler</a>
 <LI><a href="#[64]">FLEXIO1_IRQHandler</a>
 <LI><a href="#[65]">FLEXIO2_IRQHandler</a>
 <LI><a href="#[75]">FLEXSPI2_IRQHandler</a>
 <LI><a href="#[76]">FLEXSPI_IRQHandler</a>
 <LI><a href="#[78]">USDHC1_IRQHandler</a>
 <LI><a href="#[79]">USDHC2_IRQHandler</a>
 <LI><a href="#[7c]">ENET_IRQHandler</a>
 <LI><a href="#[a2]">ENET2_IRQHandler</a>
 <LI><a href="#[a3]">ENET2_1588_Timer_IRQHandler</a>
 <LI><a href="#[a4]">CAN3_IRQHandler</a>
 <LI><a href="#[a6]">FLEXIO3_IRQHandler</a>
</UL>
</UL>
<P>
<H3>
Mutually Recursive functions
</H3> <LI><a href="#[1ad]">SD_Transfer</a>&nbsp;&nbsp;&nbsp;&rArr;&nbsp;&nbsp;&nbsp;<a href="#[1a1]">SD_PollingCardStatusBusy</a><BR>
</UL>
<P>
<H3>
Function Pointers
</H3><UL>
 <LI><a href="#[85]">ACMP1_IRQHandler</a> from startup_mimxrt1062.o(.text) referenced from startup_mimxrt1062.o(.isr_vector)
 <LI><a href="#[86]">ACMP2_IRQHandler</a> from startup_mimxrt1062.o(.text) referenced from startup_mimxrt1062.o(.isr_vector)
 <LI><a href="#[87]">ACMP3_IRQHandler</a> from startup_mimxrt1062.o(.text) referenced from startup_mimxrt1062.o(.isr_vector)
 <LI><a href="#[88]">ACMP4_IRQHandler</a> from startup_mimxrt1062.o(.text) referenced from startup_mimxrt1062.o(.isr_vector)
 <LI><a href="#[4d]">ADC1_IRQHandler</a> from startup_mimxrt1062.o(.text) referenced from startup_mimxrt1062.o(.isr_vector)
 <LI><a href="#[4e]">ADC2_IRQHandler</a> from startup_mimxrt1062.o(.text) referenced from startup_mimxrt1062.o(.isr_vector)
 <LI><a href="#[83]">ADC_ETC_ERROR_IRQ_IRQHandler</a> from startup_mimxrt1062.o(.text) referenced from startup_mimxrt1062.o(.isr_vector)
 <LI><a href="#[80]">ADC_ETC_IRQ0_IRQHandler</a> from startup_mimxrt1062.o(.text) referenced from startup_mimxrt1062.o(.isr_vector)
 <LI><a href="#[81]">ADC_ETC_IRQ1_IRQHandler</a> from startup_mimxrt1062.o(.text) referenced from startup_mimxrt1062.o(.isr_vector)
 <LI><a href="#[82]">ADC_ETC_IRQ2_IRQHandler</a> from startup_mimxrt1062.o(.text) referenced from startup_mimxrt1062.o(.isr_vector)
 <LI><a href="#[41]">BEE_IRQHandler</a> from startup_mimxrt1062.o(.text) referenced from startup_mimxrt1062.o(.isr_vector)
 <LI><a href="#[4]">BusFault_Handler</a> from startup_mimxrt1062.o(.text) referenced from startup_mimxrt1062.o(.isr_vector)
 <LI><a href="#[cd]">CAN1_DriverIRQHandler</a> from fsl_flexcan.o(.text.CAN1_DriverIRQHandler) referenced from startup_mimxrt1062.o(.text)
 <LI><a href="#[2e]">CAN1_IRQHandler</a> from startup_mimxrt1062.o(.text) referenced from startup_mimxrt1062.o(.isr_vector)
 <LI><a href="#[ce]">CAN2_DriverIRQHandler</a> from fsl_flexcan.o(.text.CAN2_DriverIRQHandler) referenced from startup_mimxrt1062.o(.text)
 <LI><a href="#[2f]">CAN2_IRQHandler</a> from startup_mimxrt1062.o(.text) referenced from startup_mimxrt1062.o(.isr_vector)
 <LI><a href="#[de]">CAN3_DriverIRQHandler</a> from fsl_flexcan.o(.text.CAN3_DriverIRQHandler) referenced from startup_mimxrt1062.o(.text)
 <LI><a href="#[a4]">CAN3_IRQHandler</a> from startup_mimxrt1062.o(.text) referenced from startup_mimxrt1062.o(.isr_vector)
 <LI><a href="#[69]">CCM_1_IRQHandler</a> from startup_mimxrt1062.o(.text) referenced from startup_mimxrt1062.o(.isr_vector)
 <LI><a href="#[6a]">CCM_2_IRQHandler</a> from startup_mimxrt1062.o(.text) referenced from startup_mimxrt1062.o(.isr_vector)
 <LI><a href="#[1d]">CORE_IRQHandler</a> from startup_mimxrt1062.o(.text) referenced from startup_mimxrt1062.o(.isr_vector)
 <LI><a href="#[35]">CSI_IRQHandler</a> from startup_mimxrt1062.o(.text) referenced from startup_mimxrt1062.o(.isr_vector)
 <LI><a href="#[3b]">CSU_IRQHandler</a> from startup_mimxrt1062.o(.text) referenced from startup_mimxrt1062.o(.isr_vector)
 <LI><a href="#[1b]">CTI0_ERROR_IRQHandler</a> from startup_mimxrt1062.o(.text) referenced from startup_mimxrt1062.o(.isr_vector)
 <LI><a href="#[1c]">CTI1_ERROR_IRQHandler</a> from startup_mimxrt1062.o(.text) referenced from startup_mimxrt1062.o(.isr_vector)
 <LI><a href="#[4f]">DCDC_IRQHandler</a> from startup_mimxrt1062.o(.text) referenced from startup_mimxrt1062.o(.isr_vector)
 <LI><a href="#[3c]">DCP_IRQHandler</a> from startup_mimxrt1062.o(.text) referenced from startup_mimxrt1062.o(.isr_vector)
 <LI><a href="#[3d]">DCP_VMI_IRQHandler</a> from startup_mimxrt1062.o(.text) referenced from startup_mimxrt1062.o(.isr_vector)
 <LI><a href="#[ac]">DMA0_DMA16_DriverIRQHandler</a> from fsl_edma.o(.text.DMA0_DMA16_DriverIRQHandler) referenced from startup_mimxrt1062.o(.text)
 <LI><a href="#[a]">DMA0_DMA16_IRQHandler</a> from startup_mimxrt1062.o(.text) referenced from startup_mimxrt1062.o(.isr_vector)
 <LI><a href="#[b6]">DMA10_DMA26_DriverIRQHandler</a> from fsl_edma.o(.text.DMA10_DMA26_DriverIRQHandler) referenced from startup_mimxrt1062.o(.text)
 <LI><a href="#[14]">DMA10_DMA26_IRQHandler</a> from startup_mimxrt1062.o(.text) referenced from startup_mimxrt1062.o(.isr_vector)
 <LI><a href="#[b7]">DMA11_DMA27_DriverIRQHandler</a> from fsl_edma.o(.text.DMA11_DMA27_DriverIRQHandler) referenced from startup_mimxrt1062.o(.text)
 <LI><a href="#[15]">DMA11_DMA27_IRQHandler</a> from startup_mimxrt1062.o(.text) referenced from startup_mimxrt1062.o(.isr_vector)
 <LI><a href="#[b8]">DMA12_DMA28_DriverIRQHandler</a> from fsl_edma.o(.text.DMA12_DMA28_DriverIRQHandler) referenced from startup_mimxrt1062.o(.text)
 <LI><a href="#[16]">DMA12_DMA28_IRQHandler</a> from startup_mimxrt1062.o(.text) referenced from startup_mimxrt1062.o(.isr_vector)
 <LI><a href="#[b9]">DMA13_DMA29_DriverIRQHandler</a> from fsl_edma.o(.text.DMA13_DMA29_DriverIRQHandler) referenced from startup_mimxrt1062.o(.text)
 <LI><a href="#[17]">DMA13_DMA29_IRQHandler</a> from startup_mimxrt1062.o(.text) referenced from startup_mimxrt1062.o(.isr_vector)
 <LI><a href="#[ba]">DMA14_DMA30_DriverIRQHandler</a> from fsl_edma.o(.text.DMA14_DMA30_DriverIRQHandler) referenced from startup_mimxrt1062.o(.text)
 <LI><a href="#[18]">DMA14_DMA30_IRQHandler</a> from startup_mimxrt1062.o(.text) referenced from startup_mimxrt1062.o(.isr_vector)
 <LI><a href="#[bb]">DMA15_DMA31_DriverIRQHandler</a> from fsl_edma.o(.text.DMA15_DMA31_DriverIRQHandler) referenced from startup_mimxrt1062.o(.text)
 <LI><a href="#[19]">DMA15_DMA31_IRQHandler</a> from startup_mimxrt1062.o(.text) referenced from startup_mimxrt1062.o(.isr_vector)
 <LI><a href="#[ad]">DMA1_DMA17_DriverIRQHandler</a> from fsl_edma.o(.text.DMA1_DMA17_DriverIRQHandler) referenced from startup_mimxrt1062.o(.text)
 <LI><a href="#[b]">DMA1_DMA17_IRQHandler</a> from startup_mimxrt1062.o(.text) referenced from startup_mimxrt1062.o(.isr_vector)
 <LI><a href="#[ae]">DMA2_DMA18_DriverIRQHandler</a> from fsl_edma.o(.text.DMA2_DMA18_DriverIRQHandler) referenced from startup_mimxrt1062.o(.text)
 <LI><a href="#[c]">DMA2_DMA18_IRQHandler</a> from startup_mimxrt1062.o(.text) referenced from startup_mimxrt1062.o(.isr_vector)
 <LI><a href="#[af]">DMA3_DMA19_DriverIRQHandler</a> from fsl_edma.o(.text.DMA3_DMA19_DriverIRQHandler) referenced from startup_mimxrt1062.o(.text)
 <LI><a href="#[d]">DMA3_DMA19_IRQHandler</a> from startup_mimxrt1062.o(.text) referenced from startup_mimxrt1062.o(.isr_vector)
 <LI><a href="#[b0]">DMA4_DMA20_DriverIRQHandler</a> from fsl_edma.o(.text.DMA4_DMA20_DriverIRQHandler) referenced from startup_mimxrt1062.o(.text)
 <LI><a href="#[e]">DMA4_DMA20_IRQHandler</a> from startup_mimxrt1062.o(.text) referenced from startup_mimxrt1062.o(.isr_vector)
 <LI><a href="#[b1]">DMA5_DMA21_DriverIRQHandler</a> from fsl_edma.o(.text.DMA5_DMA21_DriverIRQHandler) referenced from startup_mimxrt1062.o(.text)
 <LI><a href="#[f]">DMA5_DMA21_IRQHandler</a> from startup_mimxrt1062.o(.text) referenced from startup_mimxrt1062.o(.isr_vector)
 <LI><a href="#[b2]">DMA6_DMA22_DriverIRQHandler</a> from fsl_edma.o(.text.DMA6_DMA22_DriverIRQHandler) referenced from startup_mimxrt1062.o(.text)
 <LI><a href="#[10]">DMA6_DMA22_IRQHandler</a> from startup_mimxrt1062.o(.text) referenced from startup_mimxrt1062.o(.isr_vector)
 <LI><a href="#[b3]">DMA7_DMA23_DriverIRQHandler</a> from fsl_edma.o(.text.DMA7_DMA23_DriverIRQHandler) referenced from startup_mimxrt1062.o(.text)
 <LI><a href="#[11]">DMA7_DMA23_IRQHandler</a> from startup_mimxrt1062.o(.text) referenced from startup_mimxrt1062.o(.isr_vector)
 <LI><a href="#[b4]">DMA8_DMA24_DriverIRQHandler</a> from fsl_edma.o(.text.DMA8_DMA24_DriverIRQHandler) referenced from startup_mimxrt1062.o(.text)
 <LI><a href="#[12]">DMA8_DMA24_IRQHandler</a> from startup_mimxrt1062.o(.text) referenced from startup_mimxrt1062.o(.isr_vector)
 <LI><a href="#[b5]">DMA9_DMA25_DriverIRQHandler</a> from fsl_edma.o(.text.DMA9_DMA25_DriverIRQHandler) referenced from startup_mimxrt1062.o(.text)
 <LI><a href="#[13]">DMA9_DMA25_IRQHandler</a> from startup_mimxrt1062.o(.text) referenced from startup_mimxrt1062.o(.isr_vector)
 <LI><a href="#[bc]">DMA_ERROR_DriverIRQHandler</a> from startup_mimxrt1062.o(.text) referenced from startup_mimxrt1062.o(.text)
 <LI><a href="#[1a]">DMA_ERROR_IRQHandler</a> from startup_mimxrt1062.o(.text) referenced from startup_mimxrt1062.o(.isr_vector)
 <LI><a href="#[7]">DebugMon_Handler</a> from startup_mimxrt1062.o(.text) referenced from startup_mimxrt1062.o(.isr_vector)
 <LI><a href="#[a8]">DefaultISR</a> from startup_mimxrt1062.o(.text) referenced from fsl_flexcan.o(.data.s_flexcanIsr)
 <LI><a href="#[a8]">DefaultISR</a> from startup_mimxrt1062.o(.text) referenced from fsl_lpuart.o(.data.s_lpuartIsr)
 <LI><a href="#[a8]">DefaultISR</a> from startup_mimxrt1062.o(.text) referenced from fsl_usdhc.o(.data.s_usdhcIsr)
 <LI><a href="#[a8]">DefaultISR</a> from startup_mimxrt1062.o(.text) referenced 81 times from startup_mimxrt1062.o(.isr_vector)
 <LI><a href="#[8b]">ENC1_IRQHandler</a> from startup_mimxrt1062.o(.text) referenced from startup_mimxrt1062.o(.isr_vector)
 <LI><a href="#[8c]">ENC2_IRQHandler</a> from startup_mimxrt1062.o(.text) referenced from startup_mimxrt1062.o(.isr_vector)
 <LI><a href="#[8d]">ENC3_IRQHandler</a> from startup_mimxrt1062.o(.text) referenced from startup_mimxrt1062.o(.isr_vector)
 <LI><a href="#[8e]">ENC4_IRQHandler</a> from startup_mimxrt1062.o(.text) referenced from startup_mimxrt1062.o(.isr_vector)
 <LI><a href="#[dd]">ENET2_1588_Timer_DriverIRQHandler</a> from startup_mimxrt1062.o(.text) referenced from startup_mimxrt1062.o(.text)
 <LI><a href="#[a3]">ENET2_1588_Timer_IRQHandler</a> from startup_mimxrt1062.o(.text) referenced from startup_mimxrt1062.o(.isr_vector)
 <LI><a href="#[dc]">ENET2_DriverIRQHandler</a> from fsl_enet.o(.text.ENET2_DriverIRQHandler) referenced from startup_mimxrt1062.o(.text)
 <LI><a href="#[a2]">ENET2_IRQHandler</a> from startup_mimxrt1062.o(.text) referenced from startup_mimxrt1062.o(.isr_vector)
 <LI><a href="#[db]">ENET_1588_Timer_DriverIRQHandler</a> from startup_mimxrt1062.o(.text) referenced from startup_mimxrt1062.o(.text)
 <LI><a href="#[7d]">ENET_1588_Timer_IRQHandler</a> from fsl_enet.o(.text.ENET_1588_Timer_IRQHandler) referenced from startup_mimxrt1062.o(.isr_vector)
 <LI><a href="#[da]">ENET_DriverIRQHandler</a> from fsl_enet.o(.text.ENET_DriverIRQHandler) referenced from startup_mimxrt1062.o(.text)
 <LI><a href="#[7c]">ENET_IRQHandler</a> from startup_mimxrt1062.o(.text) referenced from startup_mimxrt1062.o(.isr_vector)
 <LI><a href="#[68]">EWM_IRQHandler</a> from startup_mimxrt1062.o(.text) referenced from startup_mimxrt1062.o(.isr_vector)
 <LI><a href="#[d4]">FLEXIO1_DriverIRQHandler</a> from fsl_flexio.o(.text.FLEXIO1_DriverIRQHandler) referenced from startup_mimxrt1062.o(.text)
 <LI><a href="#[64]">FLEXIO1_IRQHandler</a> from startup_mimxrt1062.o(.text) referenced from startup_mimxrt1062.o(.isr_vector)
 <LI><a href="#[d5]">FLEXIO2_DriverIRQHandler</a> from fsl_flexio.o(.text.FLEXIO2_DriverIRQHandler) referenced from startup_mimxrt1062.o(.text)
 <LI><a href="#[65]">FLEXIO2_IRQHandler</a> from startup_mimxrt1062.o(.text) referenced from startup_mimxrt1062.o(.isr_vector)
 <LI><a href="#[df]">FLEXIO3_DriverIRQHandler</a> from fsl_flexio.o(.text.FLEXIO3_DriverIRQHandler) referenced from startup_mimxrt1062.o(.text)
 <LI><a href="#[a6]">FLEXIO3_IRQHandler</a> from startup_mimxrt1062.o(.text) referenced from startup_mimxrt1062.o(.isr_vector)
 <LI><a href="#[30]">FLEXRAM_IRQHandler</a> from startup_mimxrt1062.o(.text) referenced from startup_mimxrt1062.o(.isr_vector)
 <LI><a href="#[d6]">FLEXSPI2_DriverIRQHandler</a> from startup_mimxrt1062.o(.text) referenced from startup_mimxrt1062.o(.text)
 <LI><a href="#[75]">FLEXSPI2_IRQHandler</a> from startup_mimxrt1062.o(.text) referenced from startup_mimxrt1062.o(.isr_vector)
 <LI><a href="#[d7]">FLEXSPI_DriverIRQHandler</a> from fsl_flexspi.o(.text.FLEXSPI_DriverIRQHandler) referenced from startup_mimxrt1062.o(.text)
 <LI><a href="#[76]">FLEXSPI_IRQHandler</a> from startup_mimxrt1062.o(.text) referenced from startup_mimxrt1062.o(.isr_vector)
 <LI><a href="#[6b]">GPC_IRQHandler</a> from startup_mimxrt1062.o(.text) referenced from startup_mimxrt1062.o(.isr_vector)
 <LI><a href="#[5a]">GPIO1_Combined_0_15_IRQHandler</a> from startup_mimxrt1062.o(.text) referenced from startup_mimxrt1062.o(.isr_vector)
 <LI><a href="#[5b]">GPIO1_Combined_16_31_IRQHandler</a> from startup_mimxrt1062.o(.text) referenced from startup_mimxrt1062.o(.isr_vector)
 <LI><a href="#[52]">GPIO1_INT0_IRQHandler</a> from startup_mimxrt1062.o(.text) referenced from startup_mimxrt1062.o(.isr_vector)
 <LI><a href="#[53]">GPIO1_INT1_IRQHandler</a> from startup_mimxrt1062.o(.text) referenced from startup_mimxrt1062.o(.isr_vector)
 <LI><a href="#[54]">GPIO1_INT2_IRQHandler</a> from startup_mimxrt1062.o(.text) referenced from startup_mimxrt1062.o(.isr_vector)
 <LI><a href="#[55]">GPIO1_INT3_IRQHandler</a> from startup_mimxrt1062.o(.text) referenced from startup_mimxrt1062.o(.isr_vector)
 <LI><a href="#[56]">GPIO1_INT4_IRQHandler</a> from startup_mimxrt1062.o(.text) referenced from startup_mimxrt1062.o(.isr_vector)
 <LI><a href="#[57]">GPIO1_INT5_IRQHandler</a> from startup_mimxrt1062.o(.text) referenced from startup_mimxrt1062.o(.isr_vector)
 <LI><a href="#[58]">GPIO1_INT6_IRQHandler</a> from startup_mimxrt1062.o(.text) referenced from startup_mimxrt1062.o(.isr_vector)
 <LI><a href="#[59]">GPIO1_INT7_IRQHandler</a> from startup_mimxrt1062.o(.text) referenced from startup_mimxrt1062.o(.isr_vector)
 <LI><a href="#[5c]">GPIO2_Combined_0_15_IRQHandler</a> from startup_mimxrt1062.o(.text) referenced from startup_mimxrt1062.o(.isr_vector)
 <LI><a href="#[5d]">GPIO2_Combined_16_31_IRQHandler</a> from startup_mimxrt1062.o(.text) referenced from startup_mimxrt1062.o(.isr_vector)
 <LI><a href="#[5e]">GPIO3_Combined_0_15_IRQHandler</a> from startup_mimxrt1062.o(.text) referenced from startup_mimxrt1062.o(.isr_vector)
 <LI><a href="#[5f]">GPIO3_Combined_16_31_IRQHandler</a> from startup_mimxrt1062.o(.text) referenced from startup_mimxrt1062.o(.isr_vector)
 <LI><a href="#[60]">GPIO4_Combined_0_15_IRQHandler</a> from startup_mimxrt1062.o(.text) referenced from startup_mimxrt1062.o(.isr_vector)
 <LI><a href="#[61]">GPIO4_Combined_16_31_IRQHandler</a> from startup_mimxrt1062.o(.text) referenced from startup_mimxrt1062.o(.isr_vector)
 <LI><a href="#[62]">GPIO5_Combined_0_15_IRQHandler</a> from startup_mimxrt1062.o(.text) referenced from startup_mimxrt1062.o(.isr_vector)
 <LI><a href="#[63]">GPIO5_Combined_16_31_IRQHandler</a> from startup_mimxrt1062.o(.text) referenced from startup_mimxrt1062.o(.isr_vector)
 <LI><a href="#[a7]">GPIO6_7_8_9_IRQHandler</a> from startup_mimxrt1062.o(.text) referenced from startup_mimxrt1062.o(.isr_vector)
 <LI><a href="#[33]">GPR_IRQ_IRQHandler</a> from startup_mimxrt1062.o(.text) referenced from startup_mimxrt1062.o(.isr_vector)
 <LI><a href="#[6e]">GPT1_IRQHandler</a> from startup_mimxrt1062.o(.text) referenced from startup_mimxrt1062.o(.isr_vector)
 <LI><a href="#[6f]">GPT2_IRQHandler</a> from startup_mimxrt1062.o(.text) referenced from startup_mimxrt1062.o(.isr_vector)
 <LI><a href="#[2]">HardFault_Handler</a> from startup_mimxrt1062.o(.text) referenced from startup_mimxrt1062.o(.isr_vector)
 <LI><a href="#[2]">HardFault_Handler</a> from startup_mimxrt1062.o(.text) referenced from startup_mimxrt1062.o(.text)
 <LI><a href="#[31]">KPP_IRQHandler</a> from startup_mimxrt1062.o(.text) referenced from startup_mimxrt1062.o(.isr_vector)
 <LI><a href="#[34]">LCDIF_IRQHandler</a> from startup_mimxrt1062.o(.text) referenced from startup_mimxrt1062.o(.isr_vector)
 <LI><a href="#[c5]">LPI2C1_DriverIRQHandler</a> from fsl_lpi2c.o(.text.LPI2C1_DriverIRQHandler) referenced from startup_mimxrt1062.o(.text)
 <LI><a href="#[26]">LPI2C1_IRQHandler</a> from startup_mimxrt1062.o(.text) referenced from startup_mimxrt1062.o(.isr_vector)
 <LI><a href="#[c6]">LPI2C2_DriverIRQHandler</a> from fsl_lpi2c.o(.text.LPI2C2_DriverIRQHandler) referenced from startup_mimxrt1062.o(.text)
 <LI><a href="#[27]">LPI2C2_IRQHandler</a> from startup_mimxrt1062.o(.text) referenced from startup_mimxrt1062.o(.isr_vector)
 <LI><a href="#[c7]">LPI2C3_DriverIRQHandler</a> from fsl_lpi2c.o(.text.LPI2C3_DriverIRQHandler) referenced from startup_mimxrt1062.o(.text)
 <LI><a href="#[28]">LPI2C3_IRQHandler</a> from startup_mimxrt1062.o(.text) referenced from startup_mimxrt1062.o(.isr_vector)
 <LI><a href="#[c8]">LPI2C4_DriverIRQHandler</a> from fsl_lpi2c.o(.text.LPI2C4_DriverIRQHandler) referenced from startup_mimxrt1062.o(.text)
 <LI><a href="#[29]">LPI2C4_IRQHandler</a> from startup_mimxrt1062.o(.text) referenced from startup_mimxrt1062.o(.isr_vector)
 <LI><a href="#[c9]">LPSPI1_DriverIRQHandler</a> from fsl_lpspi.o(.text.LPSPI1_DriverIRQHandler) referenced from startup_mimxrt1062.o(.text)
 <LI><a href="#[2a]">LPSPI1_IRQHandler</a> from startup_mimxrt1062.o(.text) referenced from startup_mimxrt1062.o(.isr_vector)
 <LI><a href="#[ca]">LPSPI2_DriverIRQHandler</a> from fsl_lpspi.o(.text.LPSPI2_DriverIRQHandler) referenced from startup_mimxrt1062.o(.text)
 <LI><a href="#[2b]">LPSPI2_IRQHandler</a> from startup_mimxrt1062.o(.text) referenced from startup_mimxrt1062.o(.isr_vector)
 <LI><a href="#[cb]">LPSPI3_DriverIRQHandler</a> from fsl_lpspi.o(.text.LPSPI3_DriverIRQHandler) referenced from startup_mimxrt1062.o(.text)
 <LI><a href="#[2c]">LPSPI3_IRQHandler</a> from startup_mimxrt1062.o(.text) referenced from startup_mimxrt1062.o(.isr_vector)
 <LI><a href="#[cc]">LPSPI4_DriverIRQHandler</a> from fsl_lpspi.o(.text.LPSPI4_DriverIRQHandler) referenced from startup_mimxrt1062.o(.text)
 <LI><a href="#[2d]">LPSPI4_IRQHandler</a> from startup_mimxrt1062.o(.text) referenced from startup_mimxrt1062.o(.isr_vector)
 <LI><a href="#[bd]">LPUART1_DriverIRQHandler</a> from fsl_lpuart.o(.text.LPUART1_DriverIRQHandler) referenced from startup_mimxrt1062.o(.text)
 <LI><a href="#[1e]">LPUART1_IRQHandler</a> from startup_mimxrt1062.o(.text) referenced from startup_mimxrt1062.o(.isr_vector)
 <LI><a href="#[be]">LPUART2_DriverIRQHandler</a> from fsl_lpuart.o(.text.LPUART2_DriverIRQHandler) referenced from startup_mimxrt1062.o(.text)
 <LI><a href="#[1f]">LPUART2_IRQHandler</a> from startup_mimxrt1062.o(.text) referenced from startup_mimxrt1062.o(.isr_vector)
 <LI><a href="#[bf]">LPUART3_DriverIRQHandler</a> from fsl_lpuart.o(.text.LPUART3_DriverIRQHandler) referenced from startup_mimxrt1062.o(.text)
 <LI><a href="#[20]">LPUART3_IRQHandler</a> from startup_mimxrt1062.o(.text) referenced from startup_mimxrt1062.o(.isr_vector)
 <LI><a href="#[c0]">LPUART4_DriverIRQHandler</a> from fsl_lpuart.o(.text.LPUART4_DriverIRQHandler) referenced from startup_mimxrt1062.o(.text)
 <LI><a href="#[21]">LPUART4_IRQHandler</a> from startup_mimxrt1062.o(.text) referenced from startup_mimxrt1062.o(.isr_vector)
 <LI><a href="#[c1]">LPUART5_DriverIRQHandler</a> from fsl_lpuart.o(.text.LPUART5_DriverIRQHandler) referenced from startup_mimxrt1062.o(.text)
 <LI><a href="#[22]">LPUART5_IRQHandler</a> from startup_mimxrt1062.o(.text) referenced from startup_mimxrt1062.o(.isr_vector)
 <LI><a href="#[c2]">LPUART6_DriverIRQHandler</a> from fsl_lpuart.o(.text.LPUART6_DriverIRQHandler) referenced from startup_mimxrt1062.o(.text)
 <LI><a href="#[23]">LPUART6_IRQHandler</a> from startup_mimxrt1062.o(.text) referenced from startup_mimxrt1062.o(.isr_vector)
 <LI><a href="#[c3]">LPUART7_DriverIRQHandler</a> from fsl_lpuart.o(.text.LPUART7_DriverIRQHandler) referenced from startup_mimxrt1062.o(.text)
 <LI><a href="#[24]">LPUART7_IRQHandler</a> from startup_mimxrt1062.o(.text) referenced from startup_mimxrt1062.o(.isr_vector)
 <LI><a href="#[c4]">LPUART8_DriverIRQHandler</a> from fsl_lpuart.o(.text.LPUART8_DriverIRQHandler) referenced from startup_mimxrt1062.o(.text)
 <LI><a href="#[25]">LPUART8_IRQHandler</a> from startup_mimxrt1062.o(.text) referenced from startup_mimxrt1062.o(.isr_vector)
 <LI><a href="#[3]">MemManage_Handler</a> from startup_mimxrt1062.o(.text) referenced from startup_mimxrt1062.o(.isr_vector)
 <LI><a href="#[1]">NMI_Handler</a> from startup_mimxrt1062.o(.text) referenced from startup_mimxrt1062.o(.isr_vector)
 <LI><a href="#[1]">NMI_Handler</a> from startup_mimxrt1062.o(.text) referenced from startup_mimxrt1062.o(.text)
 <LI><a href="#[84]">PIT_IRQHandler</a> from startup_mimxrt1062.o(.text) referenced from startup_mimxrt1062.o(.isr_vector)
 <LI><a href="#[47]">PMU_EVENT_IRQHandler</a> from startup_mimxrt1062.o(.text) referenced from startup_mimxrt1062.o(.isr_vector)
 <LI><a href="#[70]">PWM1_0_IRQHandler</a> from startup_mimxrt1062.o(.text) referenced from startup_mimxrt1062.o(.isr_vector)
 <LI><a href="#[71]">PWM1_1_IRQHandler</a> from startup_mimxrt1062.o(.text) referenced from startup_mimxrt1062.o(.isr_vector)
 <LI><a href="#[72]">PWM1_2_IRQHandler</a> from startup_mimxrt1062.o(.text) referenced from startup_mimxrt1062.o(.isr_vector)
 <LI><a href="#[73]">PWM1_3_IRQHandler</a> from startup_mimxrt1062.o(.text) referenced from startup_mimxrt1062.o(.isr_vector)
 <LI><a href="#[74]">PWM1_FAULT_IRQHandler</a> from startup_mimxrt1062.o(.text) referenced from startup_mimxrt1062.o(.isr_vector)
 <LI><a href="#[93]">PWM2_0_IRQHandler</a> from startup_mimxrt1062.o(.text) referenced from startup_mimxrt1062.o(.isr_vector)
 <LI><a href="#[94]">PWM2_1_IRQHandler</a> from startup_mimxrt1062.o(.text) referenced from startup_mimxrt1062.o(.isr_vector)
 <LI><a href="#[95]">PWM2_2_IRQHandler</a> from startup_mimxrt1062.o(.text) referenced from startup_mimxrt1062.o(.isr_vector)
 <LI><a href="#[96]">PWM2_3_IRQHandler</a> from startup_mimxrt1062.o(.text) referenced from startup_mimxrt1062.o(.isr_vector)
 <LI><a href="#[97]">PWM2_FAULT_IRQHandler</a> from startup_mimxrt1062.o(.text) referenced from startup_mimxrt1062.o(.isr_vector)
 <LI><a href="#[98]">PWM3_0_IRQHandler</a> from startup_mimxrt1062.o(.text) referenced from startup_mimxrt1062.o(.isr_vector)
 <LI><a href="#[99]">PWM3_1_IRQHandler</a> from startup_mimxrt1062.o(.text) referenced from startup_mimxrt1062.o(.isr_vector)
 <LI><a href="#[9a]">PWM3_2_IRQHandler</a> from startup_mimxrt1062.o(.text) referenced from startup_mimxrt1062.o(.isr_vector)
 <LI><a href="#[9b]">PWM3_3_IRQHandler</a> from startup_mimxrt1062.o(.text) referenced from startup_mimxrt1062.o(.isr_vector)
 <LI><a href="#[9c]">PWM3_FAULT_IRQHandler</a> from startup_mimxrt1062.o(.text) referenced from startup_mimxrt1062.o(.isr_vector)
 <LI><a href="#[9d]">PWM4_0_IRQHandler</a> from startup_mimxrt1062.o(.text) referenced from startup_mimxrt1062.o(.isr_vector)
 <LI><a href="#[9e]">PWM4_1_IRQHandler</a> from startup_mimxrt1062.o(.text) referenced from startup_mimxrt1062.o(.isr_vector)
 <LI><a href="#[9f]">PWM4_2_IRQHandler</a> from startup_mimxrt1062.o(.text) referenced from startup_mimxrt1062.o(.isr_vector)
 <LI><a href="#[a0]">PWM4_3_IRQHandler</a> from startup_mimxrt1062.o(.text) referenced from startup_mimxrt1062.o(.isr_vector)
 <LI><a href="#[a1]">PWM4_FAULT_IRQHandler</a> from startup_mimxrt1062.o(.text) referenced from startup_mimxrt1062.o(.isr_vector)
 <LI><a href="#[36]">PXP_IRQHandler</a> from startup_mimxrt1062.o(.text) referenced from startup_mimxrt1062.o(.isr_vector)
 <LI><a href="#[8]">PendSV_Handler</a> from startup_mimxrt1062.o(.text) referenced from startup_mimxrt1062.o(.isr_vector)
 <LI><a href="#[8]">PendSV_Handler</a> from startup_mimxrt1062.o(.text) referenced from startup_mimxrt1062.o(.text)
 <LI><a href="#[67]">RTWDOG_IRQHandler</a> from startup_mimxrt1062.o(.text) referenced from startup_mimxrt1062.o(.isr_vector)
 <LI><a href="#[6d]">Reserved115_IRQHandler</a> from startup_mimxrt1062.o(.text) referenced from startup_mimxrt1062.o(.isr_vector)
 <LI><a href="#[89]">Reserved143_IRQHandler</a> from startup_mimxrt1062.o(.text) referenced from startup_mimxrt1062.o(.isr_vector)
 <LI><a href="#[8a]">Reserved144_IRQHandler</a> from startup_mimxrt1062.o(.text) referenced from startup_mimxrt1062.o(.isr_vector)
 <LI><a href="#[a5]">Reserved171_IRQHandler</a> from startup_mimxrt1062.o(.text) referenced from startup_mimxrt1062.o(.isr_vector)
 <LI><a href="#[3e]">Reserved68_IRQHandler</a> from startup_mimxrt1062.o(.text) referenced from startup_mimxrt1062.o(.isr_vector)
 <LI><a href="#[48]">Reserved78_IRQHandler</a> from startup_mimxrt1062.o(.text) referenced from startup_mimxrt1062.o(.isr_vector)
 <LI><a href="#[50]">Reserved86_IRQHandler</a> from startup_mimxrt1062.o(.text) referenced from startup_mimxrt1062.o(.isr_vector)
 <LI><a href="#[51]">Reserved87_IRQHandler</a> from startup_mimxrt1062.o(.text) referenced from startup_mimxrt1062.o(.isr_vector)
 <LI><a href="#[0]">Reset_Handler</a> from startup_mimxrt1062.o(.text) referenced from startup_mimxrt1062.o(.isr_vector)
 <LI><a href="#[cf]">SAI1_DriverIRQHandler</a> from fsl_sai.o(.text.SAI1_DriverIRQHandler) referenced from startup_mimxrt1062.o(.text)
 <LI><a href="#[42]">SAI1_IRQHandler</a> from startup_mimxrt1062.o(.text) referenced from startup_mimxrt1062.o(.isr_vector)
 <LI><a href="#[d0]">SAI2_DriverIRQHandler</a> from fsl_sai.o(.text.SAI2_DriverIRQHandler) referenced from startup_mimxrt1062.o(.text)
 <LI><a href="#[43]">SAI2_IRQHandler</a> from startup_mimxrt1062.o(.text) referenced from startup_mimxrt1062.o(.isr_vector)
 <LI><a href="#[d1]">SAI3_RX_DriverIRQHandler</a> from fsl_sai.o(.text.SAI3_RX_DriverIRQHandler) referenced from startup_mimxrt1062.o(.text)
 <LI><a href="#[44]">SAI3_RX_IRQHandler</a> from startup_mimxrt1062.o(.text) referenced from startup_mimxrt1062.o(.isr_vector)
 <LI><a href="#[d2]">SAI3_TX_DriverIRQHandler</a> from fsl_sai.o(.text.SAI3_TX_DriverIRQHandler) referenced from startup_mimxrt1062.o(.text)
 <LI><a href="#[45]">SAI3_TX_IRQHandler</a> from startup_mimxrt1062.o(.text) referenced from startup_mimxrt1062.o(.isr_vector)
 <LI><a href="#[77]">SEMC_IRQHandler</a> from startup_mimxrt1062.o(.text) referenced from startup_mimxrt1062.o(.isr_vector)
 <LI><a href="#[40]">SJC_IRQHandler</a> from startup_mimxrt1062.o(.text) referenced from startup_mimxrt1062.o(.isr_vector)
 <LI><a href="#[38]">SNVS_HP_WRAPPER_IRQHandler</a> from startup_mimxrt1062.o(.text) referenced from startup_mimxrt1062.o(.isr_vector)
 <LI><a href="#[39]">SNVS_HP_WRAPPER_TZ_IRQHandler</a> from startup_mimxrt1062.o(.text) referenced from startup_mimxrt1062.o(.isr_vector)
 <LI><a href="#[3a]">SNVS_LP_WRAPPER_IRQHandler</a> from startup_mimxrt1062.o(.text) referenced from startup_mimxrt1062.o(.isr_vector)
 <LI><a href="#[d3]">SPDIF_DriverIRQHandler</a> from fsl_spdif.o(.text.SPDIF_DriverIRQHandler) referenced from startup_mimxrt1062.o(.text)
 <LI><a href="#[46]">SPDIF_IRQHandler</a> from startup_mimxrt1062.o(.text) referenced from startup_mimxrt1062.o(.isr_vector)
 <LI><a href="#[6c]">SRC_IRQHandler</a> from startup_mimxrt1062.o(.text) referenced from startup_mimxrt1062.o(.isr_vector)
 <LI><a href="#[6]">SVC_Handler</a> from startup_mimxrt1062.o(.text) referenced from startup_mimxrt1062.o(.isr_vector)
 <LI><a href="#[6]">SVC_Handler</a> from startup_mimxrt1062.o(.text) referenced from startup_mimxrt1062.o(.text)
 <LI><a href="#[9]">SysTick_Handler</a> from startup_mimxrt1062.o(.text) referenced from startup_mimxrt1062.o(.isr_vector)
 <LI><a href="#[9]">SysTick_Handler</a> from startup_mimxrt1062.o(.text) referenced from startup_mimxrt1062.o(.text)
 <LI><a href="#[aa]">SystemInit</a> from system_mimxrt1062.o(.text.SystemInit) referenced from startup_mimxrt1062.o(.text)
 <LI><a href="#[49]">TEMP_LOW_HIGH_IRQHandler</a> from startup_mimxrt1062.o(.text) referenced from startup_mimxrt1062.o(.isr_vector)
 <LI><a href="#[4a]">TEMP_PANIC_IRQHandler</a> from startup_mimxrt1062.o(.text) referenced from startup_mimxrt1062.o(.isr_vector)
 <LI><a href="#[8f]">TMR1_IRQHandler</a> from startup_mimxrt1062.o(.text) referenced from startup_mimxrt1062.o(.isr_vector)
 <LI><a href="#[90]">TMR2_IRQHandler</a> from startup_mimxrt1062.o(.text) referenced from startup_mimxrt1062.o(.isr_vector)
 <LI><a href="#[91]">TMR3_IRQHandler</a> from startup_mimxrt1062.o(.text) referenced from startup_mimxrt1062.o(.isr_vector)
 <LI><a href="#[92]">TMR4_IRQHandler</a> from startup_mimxrt1062.o(.text) referenced from startup_mimxrt1062.o(.isr_vector)
 <LI><a href="#[3f]">TRNG_IRQHandler</a> from startup_mimxrt1062.o(.text) referenced from startup_mimxrt1062.o(.isr_vector)
 <LI><a href="#[32]">TSC_DIG_IRQHandler</a> from startup_mimxrt1062.o(.text) referenced from startup_mimxrt1062.o(.isr_vector)
 <LI><a href="#[7b]">USB_OTG1_IRQHandler</a> from startup_mimxrt1062.o(.text) referenced from startup_mimxrt1062.o(.isr_vector)
 <LI><a href="#[7a]">USB_OTG2_IRQHandler</a> from startup_mimxrt1062.o(.text) referenced from startup_mimxrt1062.o(.isr_vector)
 <LI><a href="#[4b]">USB_PHY1_IRQHandler</a> from startup_mimxrt1062.o(.text) referenced from startup_mimxrt1062.o(.isr_vector)
 <LI><a href="#[4c]">USB_PHY2_IRQHandler</a> from startup_mimxrt1062.o(.text) referenced from startup_mimxrt1062.o(.isr_vector)
 <LI><a href="#[d8]">USDHC1_DriverIRQHandler</a> from fsl_usdhc.o(.text.USDHC1_DriverIRQHandler) referenced from startup_mimxrt1062.o(.text)
 <LI><a href="#[78]">USDHC1_IRQHandler</a> from startup_mimxrt1062.o(.text) referenced from startup_mimxrt1062.o(.isr_vector)
 <LI><a href="#[d9]">USDHC2_DriverIRQHandler</a> from fsl_usdhc.o(.text.USDHC2_DriverIRQHandler) referenced from startup_mimxrt1062.o(.text)
 <LI><a href="#[79]">USDHC2_IRQHandler</a> from startup_mimxrt1062.o(.text) referenced from startup_mimxrt1062.o(.isr_vector)
 <LI><a href="#[5]">UsageFault_Handler</a> from startup_mimxrt1062.o(.text) referenced from startup_mimxrt1062.o(.isr_vector)
 <LI><a href="#[66]">WDOG1_IRQHandler</a> from startup_mimxrt1062.o(.text) referenced from startup_mimxrt1062.o(.isr_vector)
 <LI><a href="#[37]">WDOG2_IRQHandler</a> from startup_mimxrt1062.o(.text) referenced from startup_mimxrt1062.o(.isr_vector)
 <LI><a href="#[7e]">XBAR1_IRQ_0_1_IRQHandler</a> from startup_mimxrt1062.o(.text) referenced from startup_mimxrt1062.o(.isr_vector)
 <LI><a href="#[7f]">XBAR1_IRQ_2_3_IRQHandler</a> from startup_mimxrt1062.o(.text) referenced from startup_mimxrt1062.o(.isr_vector)
 <LI><a href="#[ab]">__main</a> from entry.o(.ARM.Collect$$$$00000000) referenced from startup_mimxrt1062.o(.text)
 <LI><a href="#[e0]">fputc</a> from bsp_lpuart.o(.text.fputc) referenced from printf1.o(i.__0printf$1)
 <LI><a href="#[a9]">main</a> from main.o(.text.main) referenced from entry9a.o(.ARM.Collect$$$$0000000B)
</UL>
<P>
<H3>
Global Symbols
</H3>
<P><STRONG><a name="[ab]"></a>__main</STRONG> (Thumb, 0 bytes, Stack size unknown bytes, entry.o(.ARM.Collect$$$$00000000))
<BR>[Address Reference Count : 1]<UL><LI> startup_mimxrt1062.o(.text)
</UL>
<P><STRONG><a name="[1df]"></a>_main_stk</STRONG> (Thumb, 0 bytes, Stack size unknown bytes, entry4.o(.ARM.Collect$$$$00000003))

<P><STRONG><a name="[e1]"></a>_main_scatterload</STRONG> (Thumb, 0 bytes, Stack size unknown bytes, entry5.o(.ARM.Collect$$$$00000004))
<BR><BR>[Calls]<UL><LI><a href="#[e2]">&gt;&gt;</a>&nbsp;&nbsp;&nbsp;__scatterload
</UL>

<P><STRONG><a name="[e9]"></a>__main_after_scatterload</STRONG> (Thumb, 0 bytes, Stack size unknown bytes, entry5.o(.ARM.Collect$$$$00000004))
<BR><BR>[Called By]<UL><LI><a href="#[e2]">&gt;&gt;</a>&nbsp;&nbsp;&nbsp;__scatterload
</UL>

<P><STRONG><a name="[1e0]"></a>_main_clock</STRONG> (Thumb, 0 bytes, Stack size unknown bytes, entry7b.o(.ARM.Collect$$$$00000008))

<P><STRONG><a name="[1e1]"></a>_main_cpp_init</STRONG> (Thumb, 0 bytes, Stack size unknown bytes, entry8b.o(.ARM.Collect$$$$0000000A))

<P><STRONG><a name="[1e2]"></a>_main_init</STRONG> (Thumb, 0 bytes, Stack size unknown bytes, entry9a.o(.ARM.Collect$$$$0000000B))

<P><STRONG><a name="[1e3]"></a>__rt_final_cpp</STRONG> (Thumb, 0 bytes, Stack size unknown bytes, entry10a.o(.ARM.Collect$$$$0000000D))

<P><STRONG><a name="[1e4]"></a>__rt_final_exit</STRONG> (Thumb, 0 bytes, Stack size unknown bytes, entry11a.o(.ARM.Collect$$$$0000000F))

<P><STRONG><a name="[0]"></a>Reset_Handler</STRONG> (Thumb, 40 bytes, Stack size unknown bytes, startup_mimxrt1062.o(.text))
<BR>[Address Reference Count : 1]<UL><LI> startup_mimxrt1062.o(.isr_vector)
</UL>
<P><STRONG><a name="[85]"></a>ACMP1_IRQHandler</STRONG> (Thumb, 4 bytes, Stack size unknown bytes, startup_mimxrt1062.o(.text))
<BR><BR>[Calls]<UL><LI><a href="#[a8]">&gt;&gt;</a>&nbsp;&nbsp;&nbsp;DefaultISR
</UL>
<BR>[Address Reference Count : 1]<UL><LI> startup_mimxrt1062.o(.isr_vector)
</UL>
<P><STRONG><a name="[86]"></a>ACMP2_IRQHandler</STRONG> (Thumb, 4 bytes, Stack size unknown bytes, startup_mimxrt1062.o(.text))
<BR>[Address Reference Count : 1]<UL><LI> startup_mimxrt1062.o(.isr_vector)
</UL>
<P><STRONG><a name="[87]"></a>ACMP3_IRQHandler</STRONG> (Thumb, 4 bytes, Stack size unknown bytes, startup_mimxrt1062.o(.text))
<BR>[Address Reference Count : 1]<UL><LI> startup_mimxrt1062.o(.isr_vector)
</UL>
<P><STRONG><a name="[88]"></a>ACMP4_IRQHandler</STRONG> (Thumb, 4 bytes, Stack size unknown bytes, startup_mimxrt1062.o(.text))
<BR>[Address Reference Count : 1]<UL><LI> startup_mimxrt1062.o(.isr_vector)
</UL>
<P><STRONG><a name="[4d]"></a>ADC1_IRQHandler</STRONG> (Thumb, 4 bytes, Stack size unknown bytes, startup_mimxrt1062.o(.text))
<BR>[Address Reference Count : 1]<UL><LI> startup_mimxrt1062.o(.isr_vector)
</UL>
<P><STRONG><a name="[4e]"></a>ADC2_IRQHandler</STRONG> (Thumb, 4 bytes, Stack size unknown bytes, startup_mimxrt1062.o(.text))
<BR>[Address Reference Count : 1]<UL><LI> startup_mimxrt1062.o(.isr_vector)
</UL>
<P><STRONG><a name="[83]"></a>ADC_ETC_ERROR_IRQ_IRQHandler</STRONG> (Thumb, 4 bytes, Stack size unknown bytes, startup_mimxrt1062.o(.text))
<BR>[Address Reference Count : 1]<UL><LI> startup_mimxrt1062.o(.isr_vector)
</UL>
<P><STRONG><a name="[80]"></a>ADC_ETC_IRQ0_IRQHandler</STRONG> (Thumb, 4 bytes, Stack size unknown bytes, startup_mimxrt1062.o(.text))
<BR>[Address Reference Count : 1]<UL><LI> startup_mimxrt1062.o(.isr_vector)
</UL>
<P><STRONG><a name="[81]"></a>ADC_ETC_IRQ1_IRQHandler</STRONG> (Thumb, 4 bytes, Stack size unknown bytes, startup_mimxrt1062.o(.text))
<BR>[Address Reference Count : 1]<UL><LI> startup_mimxrt1062.o(.isr_vector)
</UL>
<P><STRONG><a name="[82]"></a>ADC_ETC_IRQ2_IRQHandler</STRONG> (Thumb, 4 bytes, Stack size unknown bytes, startup_mimxrt1062.o(.text))
<BR>[Address Reference Count : 1]<UL><LI> startup_mimxrt1062.o(.isr_vector)
</UL>
<P><STRONG><a name="[41]"></a>BEE_IRQHandler</STRONG> (Thumb, 4 bytes, Stack size unknown bytes, startup_mimxrt1062.o(.text))
<BR>[Address Reference Count : 1]<UL><LI> startup_mimxrt1062.o(.isr_vector)
</UL>
<P><STRONG><a name="[4]"></a>BusFault_Handler</STRONG> (Thumb, 4 bytes, Stack size unknown bytes, startup_mimxrt1062.o(.text))
<BR>[Address Reference Count : 1]<UL><LI> startup_mimxrt1062.o(.isr_vector)
</UL>
<P><STRONG><a name="[69]"></a>CCM_1_IRQHandler</STRONG> (Thumb, 4 bytes, Stack size unknown bytes, startup_mimxrt1062.o(.text))
<BR>[Address Reference Count : 1]<UL><LI> startup_mimxrt1062.o(.isr_vector)
</UL>
<P><STRONG><a name="[6a]"></a>CCM_2_IRQHandler</STRONG> (Thumb, 4 bytes, Stack size unknown bytes, startup_mimxrt1062.o(.text))
<BR>[Address Reference Count : 1]<UL><LI> startup_mimxrt1062.o(.isr_vector)
</UL>
<P><STRONG><a name="[1d]"></a>CORE_IRQHandler</STRONG> (Thumb, 4 bytes, Stack size unknown bytes, startup_mimxrt1062.o(.text))
<BR>[Address Reference Count : 1]<UL><LI> startup_mimxrt1062.o(.isr_vector)
</UL>
<P><STRONG><a name="[35]"></a>CSI_IRQHandler</STRONG> (Thumb, 4 bytes, Stack size unknown bytes, startup_mimxrt1062.o(.text))
<BR>[Address Reference Count : 1]<UL><LI> startup_mimxrt1062.o(.isr_vector)
</UL>
<P><STRONG><a name="[3b]"></a>CSU_IRQHandler</STRONG> (Thumb, 4 bytes, Stack size unknown bytes, startup_mimxrt1062.o(.text))
<BR>[Address Reference Count : 1]<UL><LI> startup_mimxrt1062.o(.isr_vector)
</UL>
<P><STRONG><a name="[1b]"></a>CTI0_ERROR_IRQHandler</STRONG> (Thumb, 4 bytes, Stack size unknown bytes, startup_mimxrt1062.o(.text))
<BR>[Address Reference Count : 1]<UL><LI> startup_mimxrt1062.o(.isr_vector)
</UL>
<P><STRONG><a name="[1c]"></a>CTI1_ERROR_IRQHandler</STRONG> (Thumb, 4 bytes, Stack size unknown bytes, startup_mimxrt1062.o(.text))
<BR>[Address Reference Count : 1]<UL><LI> startup_mimxrt1062.o(.isr_vector)
</UL>
<P><STRONG><a name="[4f]"></a>DCDC_IRQHandler</STRONG> (Thumb, 4 bytes, Stack size unknown bytes, startup_mimxrt1062.o(.text))
<BR>[Address Reference Count : 1]<UL><LI> startup_mimxrt1062.o(.isr_vector)
</UL>
<P><STRONG><a name="[3c]"></a>DCP_IRQHandler</STRONG> (Thumb, 4 bytes, Stack size unknown bytes, startup_mimxrt1062.o(.text))
<BR>[Address Reference Count : 1]<UL><LI> startup_mimxrt1062.o(.isr_vector)
</UL>
<P><STRONG><a name="[3d]"></a>DCP_VMI_IRQHandler</STRONG> (Thumb, 4 bytes, Stack size unknown bytes, startup_mimxrt1062.o(.text))
<BR>[Address Reference Count : 1]<UL><LI> startup_mimxrt1062.o(.isr_vector)
</UL>
<P><STRONG><a name="[bc]"></a>DMA_ERROR_DriverIRQHandler</STRONG> (Thumb, 4 bytes, Stack size unknown bytes, startup_mimxrt1062.o(.text))
<BR>[Address Reference Count : 1]<UL><LI> startup_mimxrt1062.o(.text)
</UL>
<P><STRONG><a name="[7]"></a>DebugMon_Handler</STRONG> (Thumb, 4 bytes, Stack size unknown bytes, startup_mimxrt1062.o(.text))
<BR>[Address Reference Count : 1]<UL><LI> startup_mimxrt1062.o(.isr_vector)
</UL>
<P><STRONG><a name="[a8]"></a>DefaultISR</STRONG> (Thumb, 4 bytes, Stack size unknown bytes, startup_mimxrt1062.o(.text))
<BR><BR>[Called By]<UL><LI><a href="#[85]">&gt;&gt;</a>&nbsp;&nbsp;&nbsp;ACMP1_IRQHandler
</UL>
<BR>[Address Reference Count : 4]<UL><LI> startup_mimxrt1062.o(.isr_vector)
<LI> fsl_flexcan.o(.data.s_flexcanIsr)
<LI> fsl_lpuart.o(.data.s_lpuartIsr)
<LI> fsl_usdhc.o(.data.s_usdhcIsr)
</UL>
<P><STRONG><a name="[8b]"></a>ENC1_IRQHandler</STRONG> (Thumb, 4 bytes, Stack size unknown bytes, startup_mimxrt1062.o(.text))
<BR>[Address Reference Count : 1]<UL><LI> startup_mimxrt1062.o(.isr_vector)
</UL>
<P><STRONG><a name="[8c]"></a>ENC2_IRQHandler</STRONG> (Thumb, 4 bytes, Stack size unknown bytes, startup_mimxrt1062.o(.text))
<BR>[Address Reference Count : 1]<UL><LI> startup_mimxrt1062.o(.isr_vector)
</UL>
<P><STRONG><a name="[8d]"></a>ENC3_IRQHandler</STRONG> (Thumb, 4 bytes, Stack size unknown bytes, startup_mimxrt1062.o(.text))
<BR>[Address Reference Count : 1]<UL><LI> startup_mimxrt1062.o(.isr_vector)
</UL>
<P><STRONG><a name="[8e]"></a>ENC4_IRQHandler</STRONG> (Thumb, 4 bytes, Stack size unknown bytes, startup_mimxrt1062.o(.text))
<BR>[Address Reference Count : 1]<UL><LI> startup_mimxrt1062.o(.isr_vector)
</UL>
<P><STRONG><a name="[dd]"></a>ENET2_1588_Timer_DriverIRQHandler</STRONG> (Thumb, 4 bytes, Stack size unknown bytes, startup_mimxrt1062.o(.text))
<BR>[Address Reference Count : 1]<UL><LI> startup_mimxrt1062.o(.text)
</UL>
<P><STRONG><a name="[db]"></a>ENET_1588_Timer_DriverIRQHandler</STRONG> (Thumb, 4 bytes, Stack size unknown bytes, startup_mimxrt1062.o(.text))
<BR>[Address Reference Count : 1]<UL><LI> startup_mimxrt1062.o(.text)
</UL>
<P><STRONG><a name="[68]"></a>EWM_IRQHandler</STRONG> (Thumb, 4 bytes, Stack size unknown bytes, startup_mimxrt1062.o(.text))
<BR>[Address Reference Count : 1]<UL><LI> startup_mimxrt1062.o(.isr_vector)
</UL>
<P><STRONG><a name="[30]"></a>FLEXRAM_IRQHandler</STRONG> (Thumb, 4 bytes, Stack size unknown bytes, startup_mimxrt1062.o(.text))
<BR>[Address Reference Count : 1]<UL><LI> startup_mimxrt1062.o(.isr_vector)
</UL>
<P><STRONG><a name="[d6]"></a>FLEXSPI2_DriverIRQHandler</STRONG> (Thumb, 4 bytes, Stack size unknown bytes, startup_mimxrt1062.o(.text))
<BR>[Address Reference Count : 1]<UL><LI> startup_mimxrt1062.o(.text)
</UL>
<P><STRONG><a name="[6b]"></a>GPC_IRQHandler</STRONG> (Thumb, 4 bytes, Stack size unknown bytes, startup_mimxrt1062.o(.text))
<BR>[Address Reference Count : 1]<UL><LI> startup_mimxrt1062.o(.isr_vector)
</UL>
<P><STRONG><a name="[5a]"></a>GPIO1_Combined_0_15_IRQHandler</STRONG> (Thumb, 4 bytes, Stack size unknown bytes, startup_mimxrt1062.o(.text))
<BR>[Address Reference Count : 1]<UL><LI> startup_mimxrt1062.o(.isr_vector)
</UL>
<P><STRONG><a name="[5b]"></a>GPIO1_Combined_16_31_IRQHandler</STRONG> (Thumb, 4 bytes, Stack size unknown bytes, startup_mimxrt1062.o(.text))
<BR>[Address Reference Count : 1]<UL><LI> startup_mimxrt1062.o(.isr_vector)
</UL>
<P><STRONG><a name="[52]"></a>GPIO1_INT0_IRQHandler</STRONG> (Thumb, 4 bytes, Stack size unknown bytes, startup_mimxrt1062.o(.text))
<BR>[Address Reference Count : 1]<UL><LI> startup_mimxrt1062.o(.isr_vector)
</UL>
<P><STRONG><a name="[53]"></a>GPIO1_INT1_IRQHandler</STRONG> (Thumb, 4 bytes, Stack size unknown bytes, startup_mimxrt1062.o(.text))
<BR>[Address Reference Count : 1]<UL><LI> startup_mimxrt1062.o(.isr_vector)
</UL>
<P><STRONG><a name="[54]"></a>GPIO1_INT2_IRQHandler</STRONG> (Thumb, 4 bytes, Stack size unknown bytes, startup_mimxrt1062.o(.text))
<BR>[Address Reference Count : 1]<UL><LI> startup_mimxrt1062.o(.isr_vector)
</UL>
<P><STRONG><a name="[55]"></a>GPIO1_INT3_IRQHandler</STRONG> (Thumb, 4 bytes, Stack size unknown bytes, startup_mimxrt1062.o(.text))
<BR>[Address Reference Count : 1]<UL><LI> startup_mimxrt1062.o(.isr_vector)
</UL>
<P><STRONG><a name="[56]"></a>GPIO1_INT4_IRQHandler</STRONG> (Thumb, 4 bytes, Stack size unknown bytes, startup_mimxrt1062.o(.text))
<BR>[Address Reference Count : 1]<UL><LI> startup_mimxrt1062.o(.isr_vector)
</UL>
<P><STRONG><a name="[57]"></a>GPIO1_INT5_IRQHandler</STRONG> (Thumb, 4 bytes, Stack size unknown bytes, startup_mimxrt1062.o(.text))
<BR>[Address Reference Count : 1]<UL><LI> startup_mimxrt1062.o(.isr_vector)
</UL>
<P><STRONG><a name="[58]"></a>GPIO1_INT6_IRQHandler</STRONG> (Thumb, 4 bytes, Stack size unknown bytes, startup_mimxrt1062.o(.text))
<BR>[Address Reference Count : 1]<UL><LI> startup_mimxrt1062.o(.isr_vector)
</UL>
<P><STRONG><a name="[59]"></a>GPIO1_INT7_IRQHandler</STRONG> (Thumb, 4 bytes, Stack size unknown bytes, startup_mimxrt1062.o(.text))
<BR>[Address Reference Count : 1]<UL><LI> startup_mimxrt1062.o(.isr_vector)
</UL>
<P><STRONG><a name="[5c]"></a>GPIO2_Combined_0_15_IRQHandler</STRONG> (Thumb, 4 bytes, Stack size unknown bytes, startup_mimxrt1062.o(.text))
<BR>[Address Reference Count : 1]<UL><LI> startup_mimxrt1062.o(.isr_vector)
</UL>
<P><STRONG><a name="[5d]"></a>GPIO2_Combined_16_31_IRQHandler</STRONG> (Thumb, 4 bytes, Stack size unknown bytes, startup_mimxrt1062.o(.text))
<BR>[Address Reference Count : 1]<UL><LI> startup_mimxrt1062.o(.isr_vector)
</UL>
<P><STRONG><a name="[5e]"></a>GPIO3_Combined_0_15_IRQHandler</STRONG> (Thumb, 4 bytes, Stack size unknown bytes, startup_mimxrt1062.o(.text))
<BR>[Address Reference Count : 1]<UL><LI> startup_mimxrt1062.o(.isr_vector)
</UL>
<P><STRONG><a name="[5f]"></a>GPIO3_Combined_16_31_IRQHandler</STRONG> (Thumb, 4 bytes, Stack size unknown bytes, startup_mimxrt1062.o(.text))
<BR>[Address Reference Count : 1]<UL><LI> startup_mimxrt1062.o(.isr_vector)
</UL>
<P><STRONG><a name="[60]"></a>GPIO4_Combined_0_15_IRQHandler</STRONG> (Thumb, 4 bytes, Stack size unknown bytes, startup_mimxrt1062.o(.text))
<BR>[Address Reference Count : 1]<UL><LI> startup_mimxrt1062.o(.isr_vector)
</UL>
<P><STRONG><a name="[61]"></a>GPIO4_Combined_16_31_IRQHandler</STRONG> (Thumb, 4 bytes, Stack size unknown bytes, startup_mimxrt1062.o(.text))
<BR>[Address Reference Count : 1]<UL><LI> startup_mimxrt1062.o(.isr_vector)
</UL>
<P><STRONG><a name="[62]"></a>GPIO5_Combined_0_15_IRQHandler</STRONG> (Thumb, 4 bytes, Stack size unknown bytes, startup_mimxrt1062.o(.text))
<BR>[Address Reference Count : 1]<UL><LI> startup_mimxrt1062.o(.isr_vector)
</UL>
<P><STRONG><a name="[63]"></a>GPIO5_Combined_16_31_IRQHandler</STRONG> (Thumb, 4 bytes, Stack size unknown bytes, startup_mimxrt1062.o(.text))
<BR>[Address Reference Count : 1]<UL><LI> startup_mimxrt1062.o(.isr_vector)
</UL>
<P><STRONG><a name="[a7]"></a>GPIO6_7_8_9_IRQHandler</STRONG> (Thumb, 4 bytes, Stack size unknown bytes, startup_mimxrt1062.o(.text))
<BR>[Address Reference Count : 1]<UL><LI> startup_mimxrt1062.o(.isr_vector)
</UL>
<P><STRONG><a name="[33]"></a>GPR_IRQ_IRQHandler</STRONG> (Thumb, 4 bytes, Stack size unknown bytes, startup_mimxrt1062.o(.text))
<BR>[Address Reference Count : 1]<UL><LI> startup_mimxrt1062.o(.isr_vector)
</UL>
<P><STRONG><a name="[6e]"></a>GPT1_IRQHandler</STRONG> (Thumb, 4 bytes, Stack size unknown bytes, startup_mimxrt1062.o(.text))
<BR>[Address Reference Count : 1]<UL><LI> startup_mimxrt1062.o(.isr_vector)
</UL>
<P><STRONG><a name="[6f]"></a>GPT2_IRQHandler</STRONG> (Thumb, 4 bytes, Stack size unknown bytes, startup_mimxrt1062.o(.text))
<BR>[Address Reference Count : 1]<UL><LI> startup_mimxrt1062.o(.isr_vector)
</UL>
<P><STRONG><a name="[31]"></a>KPP_IRQHandler</STRONG> (Thumb, 4 bytes, Stack size unknown bytes, startup_mimxrt1062.o(.text))
<BR>[Address Reference Count : 1]<UL><LI> startup_mimxrt1062.o(.isr_vector)
</UL>
<P><STRONG><a name="[34]"></a>LCDIF_IRQHandler</STRONG> (Thumb, 4 bytes, Stack size unknown bytes, startup_mimxrt1062.o(.text))
<BR>[Address Reference Count : 1]<UL><LI> startup_mimxrt1062.o(.isr_vector)
</UL>
<P><STRONG><a name="[3]"></a>MemManage_Handler</STRONG> (Thumb, 4 bytes, Stack size unknown bytes, startup_mimxrt1062.o(.text))
<BR>[Address Reference Count : 1]<UL><LI> startup_mimxrt1062.o(.isr_vector)
</UL>
<P><STRONG><a name="[84]"></a>PIT_IRQHandler</STRONG> (Thumb, 4 bytes, Stack size unknown bytes, startup_mimxrt1062.o(.text))
<BR>[Address Reference Count : 1]<UL><LI> startup_mimxrt1062.o(.isr_vector)
</UL>
<P><STRONG><a name="[47]"></a>PMU_EVENT_IRQHandler</STRONG> (Thumb, 4 bytes, Stack size unknown bytes, startup_mimxrt1062.o(.text))
<BR>[Address Reference Count : 1]<UL><LI> startup_mimxrt1062.o(.isr_vector)
</UL>
<P><STRONG><a name="[70]"></a>PWM1_0_IRQHandler</STRONG> (Thumb, 4 bytes, Stack size unknown bytes, startup_mimxrt1062.o(.text))
<BR>[Address Reference Count : 1]<UL><LI> startup_mimxrt1062.o(.isr_vector)
</UL>
<P><STRONG><a name="[71]"></a>PWM1_1_IRQHandler</STRONG> (Thumb, 4 bytes, Stack size unknown bytes, startup_mimxrt1062.o(.text))
<BR>[Address Reference Count : 1]<UL><LI> startup_mimxrt1062.o(.isr_vector)
</UL>
<P><STRONG><a name="[72]"></a>PWM1_2_IRQHandler</STRONG> (Thumb, 4 bytes, Stack size unknown bytes, startup_mimxrt1062.o(.text))
<BR>[Address Reference Count : 1]<UL><LI> startup_mimxrt1062.o(.isr_vector)
</UL>
<P><STRONG><a name="[73]"></a>PWM1_3_IRQHandler</STRONG> (Thumb, 4 bytes, Stack size unknown bytes, startup_mimxrt1062.o(.text))
<BR>[Address Reference Count : 1]<UL><LI> startup_mimxrt1062.o(.isr_vector)
</UL>
<P><STRONG><a name="[74]"></a>PWM1_FAULT_IRQHandler</STRONG> (Thumb, 4 bytes, Stack size unknown bytes, startup_mimxrt1062.o(.text))
<BR>[Address Reference Count : 1]<UL><LI> startup_mimxrt1062.o(.isr_vector)
</UL>
<P><STRONG><a name="[93]"></a>PWM2_0_IRQHandler</STRONG> (Thumb, 4 bytes, Stack size unknown bytes, startup_mimxrt1062.o(.text))
<BR>[Address Reference Count : 1]<UL><LI> startup_mimxrt1062.o(.isr_vector)
</UL>
<P><STRONG><a name="[94]"></a>PWM2_1_IRQHandler</STRONG> (Thumb, 4 bytes, Stack size unknown bytes, startup_mimxrt1062.o(.text))
<BR>[Address Reference Count : 1]<UL><LI> startup_mimxrt1062.o(.isr_vector)
</UL>
<P><STRONG><a name="[95]"></a>PWM2_2_IRQHandler</STRONG> (Thumb, 4 bytes, Stack size unknown bytes, startup_mimxrt1062.o(.text))
<BR>[Address Reference Count : 1]<UL><LI> startup_mimxrt1062.o(.isr_vector)
</UL>
<P><STRONG><a name="[96]"></a>PWM2_3_IRQHandler</STRONG> (Thumb, 4 bytes, Stack size unknown bytes, startup_mimxrt1062.o(.text))
<BR>[Address Reference Count : 1]<UL><LI> startup_mimxrt1062.o(.isr_vector)
</UL>
<P><STRONG><a name="[97]"></a>PWM2_FAULT_IRQHandler</STRONG> (Thumb, 4 bytes, Stack size unknown bytes, startup_mimxrt1062.o(.text))
<BR>[Address Reference Count : 1]<UL><LI> startup_mimxrt1062.o(.isr_vector)
</UL>
<P><STRONG><a name="[98]"></a>PWM3_0_IRQHandler</STRONG> (Thumb, 4 bytes, Stack size unknown bytes, startup_mimxrt1062.o(.text))
<BR>[Address Reference Count : 1]<UL><LI> startup_mimxrt1062.o(.isr_vector)
</UL>
<P><STRONG><a name="[99]"></a>PWM3_1_IRQHandler</STRONG> (Thumb, 4 bytes, Stack size unknown bytes, startup_mimxrt1062.o(.text))
<BR>[Address Reference Count : 1]<UL><LI> startup_mimxrt1062.o(.isr_vector)
</UL>
<P><STRONG><a name="[9a]"></a>PWM3_2_IRQHandler</STRONG> (Thumb, 4 bytes, Stack size unknown bytes, startup_mimxrt1062.o(.text))
<BR>[Address Reference Count : 1]<UL><LI> startup_mimxrt1062.o(.isr_vector)
</UL>
<P><STRONG><a name="[9b]"></a>PWM3_3_IRQHandler</STRONG> (Thumb, 4 bytes, Stack size unknown bytes, startup_mimxrt1062.o(.text))
<BR>[Address Reference Count : 1]<UL><LI> startup_mimxrt1062.o(.isr_vector)
</UL>
<P><STRONG><a name="[9c]"></a>PWM3_FAULT_IRQHandler</STRONG> (Thumb, 4 bytes, Stack size unknown bytes, startup_mimxrt1062.o(.text))
<BR>[Address Reference Count : 1]<UL><LI> startup_mimxrt1062.o(.isr_vector)
</UL>
<P><STRONG><a name="[9d]"></a>PWM4_0_IRQHandler</STRONG> (Thumb, 4 bytes, Stack size unknown bytes, startup_mimxrt1062.o(.text))
<BR>[Address Reference Count : 1]<UL><LI> startup_mimxrt1062.o(.isr_vector)
</UL>
<P><STRONG><a name="[9e]"></a>PWM4_1_IRQHandler</STRONG> (Thumb, 4 bytes, Stack size unknown bytes, startup_mimxrt1062.o(.text))
<BR>[Address Reference Count : 1]<UL><LI> startup_mimxrt1062.o(.isr_vector)
</UL>
<P><STRONG><a name="[9f]"></a>PWM4_2_IRQHandler</STRONG> (Thumb, 4 bytes, Stack size unknown bytes, startup_mimxrt1062.o(.text))
<BR>[Address Reference Count : 1]<UL><LI> startup_mimxrt1062.o(.isr_vector)
</UL>
<P><STRONG><a name="[a0]"></a>PWM4_3_IRQHandler</STRONG> (Thumb, 4 bytes, Stack size unknown bytes, startup_mimxrt1062.o(.text))
<BR>[Address Reference Count : 1]<UL><LI> startup_mimxrt1062.o(.isr_vector)
</UL>
<P><STRONG><a name="[a1]"></a>PWM4_FAULT_IRQHandler</STRONG> (Thumb, 4 bytes, Stack size unknown bytes, startup_mimxrt1062.o(.text))
<BR>[Address Reference Count : 1]<UL><LI> startup_mimxrt1062.o(.isr_vector)
</UL>
<P><STRONG><a name="[36]"></a>PXP_IRQHandler</STRONG> (Thumb, 4 bytes, Stack size unknown bytes, startup_mimxrt1062.o(.text))
<BR>[Address Reference Count : 1]<UL><LI> startup_mimxrt1062.o(.isr_vector)
</UL>
<P><STRONG><a name="[67]"></a>RTWDOG_IRQHandler</STRONG> (Thumb, 4 bytes, Stack size unknown bytes, startup_mimxrt1062.o(.text))
<BR>[Address Reference Count : 1]<UL><LI> startup_mimxrt1062.o(.isr_vector)
</UL>
<P><STRONG><a name="[6d]"></a>Reserved115_IRQHandler</STRONG> (Thumb, 4 bytes, Stack size unknown bytes, startup_mimxrt1062.o(.text))
<BR>[Address Reference Count : 1]<UL><LI> startup_mimxrt1062.o(.isr_vector)
</UL>
<P><STRONG><a name="[89]"></a>Reserved143_IRQHandler</STRONG> (Thumb, 4 bytes, Stack size unknown bytes, startup_mimxrt1062.o(.text))
<BR>[Address Reference Count : 1]<UL><LI> startup_mimxrt1062.o(.isr_vector)
</UL>
<P><STRONG><a name="[8a]"></a>Reserved144_IRQHandler</STRONG> (Thumb, 4 bytes, Stack size unknown bytes, startup_mimxrt1062.o(.text))
<BR>[Address Reference Count : 1]<UL><LI> startup_mimxrt1062.o(.isr_vector)
</UL>
<P><STRONG><a name="[a5]"></a>Reserved171_IRQHandler</STRONG> (Thumb, 4 bytes, Stack size unknown bytes, startup_mimxrt1062.o(.text))
<BR>[Address Reference Count : 1]<UL><LI> startup_mimxrt1062.o(.isr_vector)
</UL>
<P><STRONG><a name="[3e]"></a>Reserved68_IRQHandler</STRONG> (Thumb, 4 bytes, Stack size unknown bytes, startup_mimxrt1062.o(.text))
<BR>[Address Reference Count : 1]<UL><LI> startup_mimxrt1062.o(.isr_vector)
</UL>
<P><STRONG><a name="[48]"></a>Reserved78_IRQHandler</STRONG> (Thumb, 4 bytes, Stack size unknown bytes, startup_mimxrt1062.o(.text))
<BR>[Address Reference Count : 1]<UL><LI> startup_mimxrt1062.o(.isr_vector)
</UL>
<P><STRONG><a name="[50]"></a>Reserved86_IRQHandler</STRONG> (Thumb, 4 bytes, Stack size unknown bytes, startup_mimxrt1062.o(.text))
<BR>[Address Reference Count : 1]<UL><LI> startup_mimxrt1062.o(.isr_vector)
</UL>
<P><STRONG><a name="[51]"></a>Reserved87_IRQHandler</STRONG> (Thumb, 4 bytes, Stack size unknown bytes, startup_mimxrt1062.o(.text))
<BR>[Address Reference Count : 1]<UL><LI> startup_mimxrt1062.o(.isr_vector)
</UL>
<P><STRONG><a name="[77]"></a>SEMC_IRQHandler</STRONG> (Thumb, 4 bytes, Stack size unknown bytes, startup_mimxrt1062.o(.text))
<BR>[Address Reference Count : 1]<UL><LI> startup_mimxrt1062.o(.isr_vector)
</UL>
<P><STRONG><a name="[40]"></a>SJC_IRQHandler</STRONG> (Thumb, 4 bytes, Stack size unknown bytes, startup_mimxrt1062.o(.text))
<BR>[Address Reference Count : 1]<UL><LI> startup_mimxrt1062.o(.isr_vector)
</UL>
<P><STRONG><a name="[38]"></a>SNVS_HP_WRAPPER_IRQHandler</STRONG> (Thumb, 4 bytes, Stack size unknown bytes, startup_mimxrt1062.o(.text))
<BR>[Address Reference Count : 1]<UL><LI> startup_mimxrt1062.o(.isr_vector)
</UL>
<P><STRONG><a name="[39]"></a>SNVS_HP_WRAPPER_TZ_IRQHandler</STRONG> (Thumb, 4 bytes, Stack size unknown bytes, startup_mimxrt1062.o(.text))
<BR>[Address Reference Count : 1]<UL><LI> startup_mimxrt1062.o(.isr_vector)
</UL>
<P><STRONG><a name="[3a]"></a>SNVS_LP_WRAPPER_IRQHandler</STRONG> (Thumb, 4 bytes, Stack size unknown bytes, startup_mimxrt1062.o(.text))
<BR>[Address Reference Count : 1]<UL><LI> startup_mimxrt1062.o(.isr_vector)
</UL>
<P><STRONG><a name="[6c]"></a>SRC_IRQHandler</STRONG> (Thumb, 4 bytes, Stack size unknown bytes, startup_mimxrt1062.o(.text))
<BR>[Address Reference Count : 1]<UL><LI> startup_mimxrt1062.o(.isr_vector)
</UL>
<P><STRONG><a name="[49]"></a>TEMP_LOW_HIGH_IRQHandler</STRONG> (Thumb, 4 bytes, Stack size unknown bytes, startup_mimxrt1062.o(.text))
<BR>[Address Reference Count : 1]<UL><LI> startup_mimxrt1062.o(.isr_vector)
</UL>
<P><STRONG><a name="[4a]"></a>TEMP_PANIC_IRQHandler</STRONG> (Thumb, 4 bytes, Stack size unknown bytes, startup_mimxrt1062.o(.text))
<BR>[Address Reference Count : 1]<UL><LI> startup_mimxrt1062.o(.isr_vector)
</UL>
<P><STRONG><a name="[8f]"></a>TMR1_IRQHandler</STRONG> (Thumb, 4 bytes, Stack size unknown bytes, startup_mimxrt1062.o(.text))
<BR>[Address Reference Count : 1]<UL><LI> startup_mimxrt1062.o(.isr_vector)
</UL>
<P><STRONG><a name="[90]"></a>TMR2_IRQHandler</STRONG> (Thumb, 4 bytes, Stack size unknown bytes, startup_mimxrt1062.o(.text))
<BR>[Address Reference Count : 1]<UL><LI> startup_mimxrt1062.o(.isr_vector)
</UL>
<P><STRONG><a name="[91]"></a>TMR3_IRQHandler</STRONG> (Thumb, 4 bytes, Stack size unknown bytes, startup_mimxrt1062.o(.text))
<BR>[Address Reference Count : 1]<UL><LI> startup_mimxrt1062.o(.isr_vector)
</UL>
<P><STRONG><a name="[92]"></a>TMR4_IRQHandler</STRONG> (Thumb, 4 bytes, Stack size unknown bytes, startup_mimxrt1062.o(.text))
<BR>[Address Reference Count : 1]<UL><LI> startup_mimxrt1062.o(.isr_vector)
</UL>
<P><STRONG><a name="[3f]"></a>TRNG_IRQHandler</STRONG> (Thumb, 4 bytes, Stack size unknown bytes, startup_mimxrt1062.o(.text))
<BR>[Address Reference Count : 1]<UL><LI> startup_mimxrt1062.o(.isr_vector)
</UL>
<P><STRONG><a name="[32]"></a>TSC_DIG_IRQHandler</STRONG> (Thumb, 4 bytes, Stack size unknown bytes, startup_mimxrt1062.o(.text))
<BR>[Address Reference Count : 1]<UL><LI> startup_mimxrt1062.o(.isr_vector)
</UL>
<P><STRONG><a name="[7b]"></a>USB_OTG1_IRQHandler</STRONG> (Thumb, 4 bytes, Stack size unknown bytes, startup_mimxrt1062.o(.text))
<BR>[Address Reference Count : 1]<UL><LI> startup_mimxrt1062.o(.isr_vector)
</UL>
<P><STRONG><a name="[7a]"></a>USB_OTG2_IRQHandler</STRONG> (Thumb, 4 bytes, Stack size unknown bytes, startup_mimxrt1062.o(.text))
<BR>[Address Reference Count : 1]<UL><LI> startup_mimxrt1062.o(.isr_vector)
</UL>
<P><STRONG><a name="[4b]"></a>USB_PHY1_IRQHandler</STRONG> (Thumb, 4 bytes, Stack size unknown bytes, startup_mimxrt1062.o(.text))
<BR>[Address Reference Count : 1]<UL><LI> startup_mimxrt1062.o(.isr_vector)
</UL>
<P><STRONG><a name="[4c]"></a>USB_PHY2_IRQHandler</STRONG> (Thumb, 4 bytes, Stack size unknown bytes, startup_mimxrt1062.o(.text))
<BR>[Address Reference Count : 1]<UL><LI> startup_mimxrt1062.o(.isr_vector)
</UL>
<P><STRONG><a name="[5]"></a>UsageFault_Handler</STRONG> (Thumb, 4 bytes, Stack size unknown bytes, startup_mimxrt1062.o(.text))
<BR>[Address Reference Count : 1]<UL><LI> startup_mimxrt1062.o(.isr_vector)
</UL>
<P><STRONG><a name="[66]"></a>WDOG1_IRQHandler</STRONG> (Thumb, 4 bytes, Stack size unknown bytes, startup_mimxrt1062.o(.text))
<BR>[Address Reference Count : 1]<UL><LI> startup_mimxrt1062.o(.isr_vector)
</UL>
<P><STRONG><a name="[37]"></a>WDOG2_IRQHandler</STRONG> (Thumb, 4 bytes, Stack size unknown bytes, startup_mimxrt1062.o(.text))
<BR>[Address Reference Count : 1]<UL><LI> startup_mimxrt1062.o(.isr_vector)
</UL>
<P><STRONG><a name="[7e]"></a>XBAR1_IRQ_0_1_IRQHandler</STRONG> (Thumb, 4 bytes, Stack size unknown bytes, startup_mimxrt1062.o(.text))
<BR>[Address Reference Count : 1]<UL><LI> startup_mimxrt1062.o(.isr_vector)
</UL>
<P><STRONG><a name="[7f]"></a>XBAR1_IRQ_2_3_IRQHandler</STRONG> (Thumb, 4 bytes, Stack size unknown bytes, startup_mimxrt1062.o(.text))
<BR>[Address Reference Count : 1]<UL><LI> startup_mimxrt1062.o(.isr_vector)
</UL>
<P><STRONG><a name="[1]"></a>NMI_Handler</STRONG> (Thumb, 4 bytes, Stack size unknown bytes, startup_mimxrt1062.o(.text))
<BR>[Address Reference Count : 2]<UL><LI> startup_mimxrt1062.o(.text)
<LI> startup_mimxrt1062.o(.isr_vector)
</UL>
<P><STRONG><a name="[2]"></a>HardFault_Handler</STRONG> (Thumb, 4 bytes, Stack size unknown bytes, startup_mimxrt1062.o(.text))
<BR>[Address Reference Count : 2]<UL><LI> startup_mimxrt1062.o(.text)
<LI> startup_mimxrt1062.o(.isr_vector)
</UL>
<P><STRONG><a name="[6]"></a>SVC_Handler</STRONG> (Thumb, 4 bytes, Stack size unknown bytes, startup_mimxrt1062.o(.text))
<BR>[Address Reference Count : 2]<UL><LI> startup_mimxrt1062.o(.text)
<LI> startup_mimxrt1062.o(.isr_vector)
</UL>
<P><STRONG><a name="[8]"></a>PendSV_Handler</STRONG> (Thumb, 4 bytes, Stack size unknown bytes, startup_mimxrt1062.o(.text))
<BR>[Address Reference Count : 2]<UL><LI> startup_mimxrt1062.o(.text)
<LI> startup_mimxrt1062.o(.isr_vector)
</UL>
<P><STRONG><a name="[9]"></a>SysTick_Handler</STRONG> (Thumb, 4 bytes, Stack size unknown bytes, startup_mimxrt1062.o(.text))
<BR>[Address Reference Count : 2]<UL><LI> startup_mimxrt1062.o(.text)
<LI> startup_mimxrt1062.o(.isr_vector)
</UL>
<P><STRONG><a name="[a]"></a>DMA0_DMA16_IRQHandler</STRONG> (Thumb, 4 bytes, Stack size unknown bytes, startup_mimxrt1062.o(.text))
<BR>[Address Reference Count : 1]<UL><LI> startup_mimxrt1062.o(.isr_vector)
</UL>
<P><STRONG><a name="[b]"></a>DMA1_DMA17_IRQHandler</STRONG> (Thumb, 4 bytes, Stack size unknown bytes, startup_mimxrt1062.o(.text))
<BR>[Address Reference Count : 1]<UL><LI> startup_mimxrt1062.o(.isr_vector)
</UL>
<P><STRONG><a name="[c]"></a>DMA2_DMA18_IRQHandler</STRONG> (Thumb, 4 bytes, Stack size unknown bytes, startup_mimxrt1062.o(.text))
<BR>[Address Reference Count : 1]<UL><LI> startup_mimxrt1062.o(.isr_vector)
</UL>
<P><STRONG><a name="[d]"></a>DMA3_DMA19_IRQHandler</STRONG> (Thumb, 4 bytes, Stack size unknown bytes, startup_mimxrt1062.o(.text))
<BR>[Address Reference Count : 1]<UL><LI> startup_mimxrt1062.o(.isr_vector)
</UL>
<P><STRONG><a name="[e]"></a>DMA4_DMA20_IRQHandler</STRONG> (Thumb, 4 bytes, Stack size unknown bytes, startup_mimxrt1062.o(.text))
<BR>[Address Reference Count : 1]<UL><LI> startup_mimxrt1062.o(.isr_vector)
</UL>
<P><STRONG><a name="[f]"></a>DMA5_DMA21_IRQHandler</STRONG> (Thumb, 4 bytes, Stack size unknown bytes, startup_mimxrt1062.o(.text))
<BR>[Address Reference Count : 1]<UL><LI> startup_mimxrt1062.o(.isr_vector)
</UL>
<P><STRONG><a name="[10]"></a>DMA6_DMA22_IRQHandler</STRONG> (Thumb, 4 bytes, Stack size unknown bytes, startup_mimxrt1062.o(.text))
<BR>[Address Reference Count : 1]<UL><LI> startup_mimxrt1062.o(.isr_vector)
</UL>
<P><STRONG><a name="[11]"></a>DMA7_DMA23_IRQHandler</STRONG> (Thumb, 4 bytes, Stack size unknown bytes, startup_mimxrt1062.o(.text))
<BR>[Address Reference Count : 1]<UL><LI> startup_mimxrt1062.o(.isr_vector)
</UL>
<P><STRONG><a name="[12]"></a>DMA8_DMA24_IRQHandler</STRONG> (Thumb, 4 bytes, Stack size unknown bytes, startup_mimxrt1062.o(.text))
<BR>[Address Reference Count : 1]<UL><LI> startup_mimxrt1062.o(.isr_vector)
</UL>
<P><STRONG><a name="[13]"></a>DMA9_DMA25_IRQHandler</STRONG> (Thumb, 4 bytes, Stack size unknown bytes, startup_mimxrt1062.o(.text))
<BR>[Address Reference Count : 1]<UL><LI> startup_mimxrt1062.o(.isr_vector)
</UL>
<P><STRONG><a name="[14]"></a>DMA10_DMA26_IRQHandler</STRONG> (Thumb, 4 bytes, Stack size unknown bytes, startup_mimxrt1062.o(.text))
<BR>[Address Reference Count : 1]<UL><LI> startup_mimxrt1062.o(.isr_vector)
</UL>
<P><STRONG><a name="[15]"></a>DMA11_DMA27_IRQHandler</STRONG> (Thumb, 4 bytes, Stack size unknown bytes, startup_mimxrt1062.o(.text))
<BR>[Address Reference Count : 1]<UL><LI> startup_mimxrt1062.o(.isr_vector)
</UL>
<P><STRONG><a name="[16]"></a>DMA12_DMA28_IRQHandler</STRONG> (Thumb, 4 bytes, Stack size unknown bytes, startup_mimxrt1062.o(.text))
<BR>[Address Reference Count : 1]<UL><LI> startup_mimxrt1062.o(.isr_vector)
</UL>
<P><STRONG><a name="[17]"></a>DMA13_DMA29_IRQHandler</STRONG> (Thumb, 4 bytes, Stack size unknown bytes, startup_mimxrt1062.o(.text))
<BR>[Address Reference Count : 1]<UL><LI> startup_mimxrt1062.o(.isr_vector)
</UL>
<P><STRONG><a name="[18]"></a>DMA14_DMA30_IRQHandler</STRONG> (Thumb, 4 bytes, Stack size unknown bytes, startup_mimxrt1062.o(.text))
<BR>[Address Reference Count : 1]<UL><LI> startup_mimxrt1062.o(.isr_vector)
</UL>
<P><STRONG><a name="[19]"></a>DMA15_DMA31_IRQHandler</STRONG> (Thumb, 4 bytes, Stack size unknown bytes, startup_mimxrt1062.o(.text))
<BR>[Address Reference Count : 1]<UL><LI> startup_mimxrt1062.o(.isr_vector)
</UL>
<P><STRONG><a name="[1a]"></a>DMA_ERROR_IRQHandler</STRONG> (Thumb, 4 bytes, Stack size unknown bytes, startup_mimxrt1062.o(.text))
<BR>[Address Reference Count : 1]<UL><LI> startup_mimxrt1062.o(.isr_vector)
</UL>
<P><STRONG><a name="[1e]"></a>LPUART1_IRQHandler</STRONG> (Thumb, 4 bytes, Stack size unknown bytes, startup_mimxrt1062.o(.text))
<BR>[Address Reference Count : 1]<UL><LI> startup_mimxrt1062.o(.isr_vector)
</UL>
<P><STRONG><a name="[1f]"></a>LPUART2_IRQHandler</STRONG> (Thumb, 4 bytes, Stack size unknown bytes, startup_mimxrt1062.o(.text))
<BR>[Address Reference Count : 1]<UL><LI> startup_mimxrt1062.o(.isr_vector)
</UL>
<P><STRONG><a name="[20]"></a>LPUART3_IRQHandler</STRONG> (Thumb, 4 bytes, Stack size unknown bytes, startup_mimxrt1062.o(.text))
<BR>[Address Reference Count : 1]<UL><LI> startup_mimxrt1062.o(.isr_vector)
</UL>
<P><STRONG><a name="[21]"></a>LPUART4_IRQHandler</STRONG> (Thumb, 4 bytes, Stack size unknown bytes, startup_mimxrt1062.o(.text))
<BR>[Address Reference Count : 1]<UL><LI> startup_mimxrt1062.o(.isr_vector)
</UL>
<P><STRONG><a name="[22]"></a>LPUART5_IRQHandler</STRONG> (Thumb, 4 bytes, Stack size unknown bytes, startup_mimxrt1062.o(.text))
<BR>[Address Reference Count : 1]<UL><LI> startup_mimxrt1062.o(.isr_vector)
</UL>
<P><STRONG><a name="[23]"></a>LPUART6_IRQHandler</STRONG> (Thumb, 4 bytes, Stack size unknown bytes, startup_mimxrt1062.o(.text))
<BR>[Address Reference Count : 1]<UL><LI> startup_mimxrt1062.o(.isr_vector)
</UL>
<P><STRONG><a name="[24]"></a>LPUART7_IRQHandler</STRONG> (Thumb, 4 bytes, Stack size unknown bytes, startup_mimxrt1062.o(.text))
<BR>[Address Reference Count : 1]<UL><LI> startup_mimxrt1062.o(.isr_vector)
</UL>
<P><STRONG><a name="[25]"></a>LPUART8_IRQHandler</STRONG> (Thumb, 4 bytes, Stack size unknown bytes, startup_mimxrt1062.o(.text))
<BR>[Address Reference Count : 1]<UL><LI> startup_mimxrt1062.o(.isr_vector)
</UL>
<P><STRONG><a name="[26]"></a>LPI2C1_IRQHandler</STRONG> (Thumb, 4 bytes, Stack size unknown bytes, startup_mimxrt1062.o(.text))
<BR>[Address Reference Count : 1]<UL><LI> startup_mimxrt1062.o(.isr_vector)
</UL>
<P><STRONG><a name="[27]"></a>LPI2C2_IRQHandler</STRONG> (Thumb, 4 bytes, Stack size unknown bytes, startup_mimxrt1062.o(.text))
<BR>[Address Reference Count : 1]<UL><LI> startup_mimxrt1062.o(.isr_vector)
</UL>
<P><STRONG><a name="[28]"></a>LPI2C3_IRQHandler</STRONG> (Thumb, 4 bytes, Stack size unknown bytes, startup_mimxrt1062.o(.text))
<BR>[Address Reference Count : 1]<UL><LI> startup_mimxrt1062.o(.isr_vector)
</UL>
<P><STRONG><a name="[29]"></a>LPI2C4_IRQHandler</STRONG> (Thumb, 4 bytes, Stack size unknown bytes, startup_mimxrt1062.o(.text))
<BR>[Address Reference Count : 1]<UL><LI> startup_mimxrt1062.o(.isr_vector)
</UL>
<P><STRONG><a name="[2a]"></a>LPSPI1_IRQHandler</STRONG> (Thumb, 4 bytes, Stack size unknown bytes, startup_mimxrt1062.o(.text))
<BR>[Address Reference Count : 1]<UL><LI> startup_mimxrt1062.o(.isr_vector)
</UL>
<P><STRONG><a name="[2b]"></a>LPSPI2_IRQHandler</STRONG> (Thumb, 4 bytes, Stack size unknown bytes, startup_mimxrt1062.o(.text))
<BR>[Address Reference Count : 1]<UL><LI> startup_mimxrt1062.o(.isr_vector)
</UL>
<P><STRONG><a name="[2c]"></a>LPSPI3_IRQHandler</STRONG> (Thumb, 4 bytes, Stack size unknown bytes, startup_mimxrt1062.o(.text))
<BR>[Address Reference Count : 1]<UL><LI> startup_mimxrt1062.o(.isr_vector)
</UL>
<P><STRONG><a name="[2d]"></a>LPSPI4_IRQHandler</STRONG> (Thumb, 4 bytes, Stack size unknown bytes, startup_mimxrt1062.o(.text))
<BR>[Address Reference Count : 1]<UL><LI> startup_mimxrt1062.o(.isr_vector)
</UL>
<P><STRONG><a name="[2e]"></a>CAN1_IRQHandler</STRONG> (Thumb, 4 bytes, Stack size unknown bytes, startup_mimxrt1062.o(.text))
<BR>[Address Reference Count : 1]<UL><LI> startup_mimxrt1062.o(.isr_vector)
</UL>
<P><STRONG><a name="[2f]"></a>CAN2_IRQHandler</STRONG> (Thumb, 4 bytes, Stack size unknown bytes, startup_mimxrt1062.o(.text))
<BR>[Address Reference Count : 1]<UL><LI> startup_mimxrt1062.o(.isr_vector)
</UL>
<P><STRONG><a name="[42]"></a>SAI1_IRQHandler</STRONG> (Thumb, 4 bytes, Stack size unknown bytes, startup_mimxrt1062.o(.text))
<BR>[Address Reference Count : 1]<UL><LI> startup_mimxrt1062.o(.isr_vector)
</UL>
<P><STRONG><a name="[43]"></a>SAI2_IRQHandler</STRONG> (Thumb, 4 bytes, Stack size unknown bytes, startup_mimxrt1062.o(.text))
<BR>[Address Reference Count : 1]<UL><LI> startup_mimxrt1062.o(.isr_vector)
</UL>
<P><STRONG><a name="[44]"></a>SAI3_RX_IRQHandler</STRONG> (Thumb, 4 bytes, Stack size unknown bytes, startup_mimxrt1062.o(.text))
<BR>[Address Reference Count : 1]<UL><LI> startup_mimxrt1062.o(.isr_vector)
</UL>
<P><STRONG><a name="[45]"></a>SAI3_TX_IRQHandler</STRONG> (Thumb, 4 bytes, Stack size unknown bytes, startup_mimxrt1062.o(.text))
<BR>[Address Reference Count : 1]<UL><LI> startup_mimxrt1062.o(.isr_vector)
</UL>
<P><STRONG><a name="[46]"></a>SPDIF_IRQHandler</STRONG> (Thumb, 4 bytes, Stack size unknown bytes, startup_mimxrt1062.o(.text))
<BR>[Address Reference Count : 1]<UL><LI> startup_mimxrt1062.o(.isr_vector)
</UL>
<P><STRONG><a name="[64]"></a>FLEXIO1_IRQHandler</STRONG> (Thumb, 4 bytes, Stack size unknown bytes, startup_mimxrt1062.o(.text))
<BR>[Address Reference Count : 1]<UL><LI> startup_mimxrt1062.o(.isr_vector)
</UL>
<P><STRONG><a name="[65]"></a>FLEXIO2_IRQHandler</STRONG> (Thumb, 4 bytes, Stack size unknown bytes, startup_mimxrt1062.o(.text))
<BR>[Address Reference Count : 1]<UL><LI> startup_mimxrt1062.o(.isr_vector)
</UL>
<P><STRONG><a name="[75]"></a>FLEXSPI2_IRQHandler</STRONG> (Thumb, 4 bytes, Stack size unknown bytes, startup_mimxrt1062.o(.text))
<BR>[Address Reference Count : 1]<UL><LI> startup_mimxrt1062.o(.isr_vector)
</UL>
<P><STRONG><a name="[76]"></a>FLEXSPI_IRQHandler</STRONG> (Thumb, 4 bytes, Stack size unknown bytes, startup_mimxrt1062.o(.text))
<BR>[Address Reference Count : 1]<UL><LI> startup_mimxrt1062.o(.isr_vector)
</UL>
<P><STRONG><a name="[78]"></a>USDHC1_IRQHandler</STRONG> (Thumb, 4 bytes, Stack size unknown bytes, startup_mimxrt1062.o(.text))
<BR>[Address Reference Count : 1]<UL><LI> startup_mimxrt1062.o(.isr_vector)
</UL>
<P><STRONG><a name="[79]"></a>USDHC2_IRQHandler</STRONG> (Thumb, 4 bytes, Stack size unknown bytes, startup_mimxrt1062.o(.text))
<BR>[Address Reference Count : 1]<UL><LI> startup_mimxrt1062.o(.isr_vector)
</UL>
<P><STRONG><a name="[7c]"></a>ENET_IRQHandler</STRONG> (Thumb, 4 bytes, Stack size unknown bytes, startup_mimxrt1062.o(.text))
<BR>[Address Reference Count : 1]<UL><LI> startup_mimxrt1062.o(.isr_vector)
</UL>
<P><STRONG><a name="[a2]"></a>ENET2_IRQHandler</STRONG> (Thumb, 4 bytes, Stack size unknown bytes, startup_mimxrt1062.o(.text))
<BR>[Address Reference Count : 1]<UL><LI> startup_mimxrt1062.o(.isr_vector)
</UL>
<P><STRONG><a name="[a3]"></a>ENET2_1588_Timer_IRQHandler</STRONG> (Thumb, 4 bytes, Stack size unknown bytes, startup_mimxrt1062.o(.text))
<BR>[Address Reference Count : 1]<UL><LI> startup_mimxrt1062.o(.isr_vector)
</UL>
<P><STRONG><a name="[a4]"></a>CAN3_IRQHandler</STRONG> (Thumb, 4 bytes, Stack size unknown bytes, startup_mimxrt1062.o(.text))
<BR>[Address Reference Count : 1]<UL><LI> startup_mimxrt1062.o(.isr_vector)
</UL>
<P><STRONG><a name="[a6]"></a>FLEXIO3_IRQHandler</STRONG> (Thumb, 4 bytes, Stack size unknown bytes, startup_mimxrt1062.o(.text))
<BR>[Address Reference Count : 1]<UL><LI> startup_mimxrt1062.o(.isr_vector)
</UL>
<P><STRONG><a name="[e3]"></a>__aeabi_uldivmod</STRONG> (Thumb, 98 bytes, Stack size 40 bytes, uldiv.o(.text))
<BR><BR>[Stack]<UL><LI>Max Depth = 40<LI>Call Chain = __aeabi_uldivmod
</UL>
<BR>[Calls]<UL><LI><a href="#[e4]">&gt;&gt;</a>&nbsp;&nbsp;&nbsp;__aeabi_llsr
<LI><a href="#[e5]">&gt;&gt;</a>&nbsp;&nbsp;&nbsp;__aeabi_llsl
</UL>
<BR>[Called By]<UL><LI><a href="#[15a]">&gt;&gt;</a>&nbsp;&nbsp;&nbsp;SDK_DelayAtLeastUs
</UL>

<P><STRONG><a name="[1e5]"></a>___aeabi_memcpy4$ret</STRONG> (Thumb, 0 bytes, Stack size 8 bytes, memcpy.o(.text), UNUSED)

<P><STRONG><a name="[1e6]"></a>___aeabi_memcpy8$ret</STRONG> (Thumb, 0 bytes, Stack size 8 bytes, memcpy.o(.text), UNUSED)

<P><STRONG><a name="[1e7]"></a>__aeabi_memcpy</STRONG> (Thumb, 40 bytes, Stack size 8 bytes, memcpy.o(.text), UNUSED)

<P><STRONG><a name="[190]"></a>memcpy</STRONG> (Thumb, 0 bytes, Stack size 8 bytes, memcpy.o(.text))
<BR><BR>[Stack]<UL><LI>Max Depth = 8<LI>Call Chain = memcpy
</UL>
<BR>[Called By]<UL><LI><a href="#[197]">&gt;&gt;</a>&nbsp;&nbsp;&nbsp;SD_SendCsd
<LI><a href="#[18f]">&gt;&gt;</a>&nbsp;&nbsp;&nbsp;SD_AllSendCid
</UL>

<P><STRONG><a name="[e7]"></a>__aeabi_memset</STRONG> (Thumb, 14 bytes, Stack size 0 bytes, memseta.o(.text))
[...]
</UL>

<P><STRONG><a name="[185]"></a>USDHC_SetDataBusWidth</STRONG> (Thumb, 10 bytes, Stack size 0 bytes, fsl_sdmmc_host.o(.text.USDHC_SetDataBusWidth))
<BR><BR>[Called By]<UL><LI><a href="#[184]">&gt;&gt;</a>&nbsp;&nbsp;&nbsp;SDMMCHOST_SetCardBusWidth
</UL>

<P><STRONG><a name="[16f]"></a>USDHC_SetStandardTuningCounter</STRONG> (Thumb, 16 bytes, Stack size 0 bytes, fsl_sdmmc_host.o(.text.USDHC_SetStandardTuningCounter))
<BR><BR>[Called By]<UL><LI><a href="#[16c]">&gt;&gt;</a>&nbsp;&nbsp;&nbsp;SDMMCHOST_ExecuteStdTuning
</UL>

<P><STRONG><a name="[15f]"></a>SDMMCHOST_EnableDDRMode</STRONG> (Thumb, 14 bytes, Stack size 8 bytes, fsl_sd.o(.text.SDMMCHOST_EnableDDRMode))
<BR><BR>[Stack]<UL><LI>Max Depth = 8<LI>Call Chain = SDMMCHOST_EnableDDRMode
</UL>
<BR>[Calls]<UL><LI><a href="#[160]">&gt;&gt;</a>&nbsp;&nbsp;&nbsp;USDHC_EnableDDRMode
</UL>
<BR>[Called By]<UL><LI><a href="#[19c]">&gt;&gt;</a>&nbsp;&nbsp;&nbsp;SD_SelectBusTiming
</UL>

<P><STRONG><a name="[175]"></a>SDMMCHOST_ForceClockOn</STRONG> (Thumb, 10 bytes, Stack size 8 bytes, fsl_sd.o(.text.SDMMCHOST_ForceClockOn))
<BR><BR>[Stack]<UL><LI>Max Depth = 8<LI>Call Chain = SDMMCHOST_ForceClockOn
</UL>
<BR>[Calls]<UL><LI><a href="#[176]">&gt;&gt;</a>&nbsp;&nbsp;&nbsp;USDHC_ForceClockOn
</UL>
<BR>[Called By]<UL><LI><a href="#[1a4]">&gt;&gt;</a>&nbsp;&nbsp;&nbsp;SD_SwitchVoltage
</UL>

<P><STRONG><a name="[177]"></a>SDMMCHOST_GetSignalLineStatus</STRONG> (Thumb, 16 bytes, Stack size 8 bytes, fsl_sd.o(.text.SDMMCHOST_GetSignalLineStatus))
<BR><BR>[Stack]<UL><LI>Max Depth = 8<LI>Call Chain = SDMMCHOST_GetSignalLineStatus
</UL>
<BR>[Calls]<UL><LI><a href="#[178]">&gt;&gt;</a>&nbsp;&nbsp;&nbsp;USDHC_GetPresentStatusFlags
</UL>
<BR>[Called By]<UL><LI><a href="#[1a4]">&gt;&gt;</a>&nbsp;&nbsp;&nbsp;SD_SwitchVoltage
</UL>

<P><STRONG><a name="[17b]"></a>SDMMCHOST_IsCardBusy</STRONG> (Thumb, 20 bytes, Stack size 8 bytes, fsl_sd.o(.text.SDMMCHOST_IsCardBusy))
<BR><BR>[Stack]<UL><LI>Max Depth = 8<LI>Call Chain = SDMMCHOST_IsCardBusy
</UL>
<BR>[Calls]<UL><LI><a href="#[178]">&gt;&gt;</a>&nbsp;&nbsp;&nbsp;USDHC_GetPresentStatusFlags
</UL>
<BR>[Called By]<UL><LI><a href="#[1a1]">&gt;&gt;</a>&nbsp;&nbsp;&nbsp;SD_PollingCardStatusBusy
</UL>

<P><STRONG><a name="[182]"></a>SDMMCHOST_SendCardActive</STRONG> (Thumb, 12 bytes, Stack size 8 bytes, fsl_sd.o(.text.SDMMCHOST_SendCardActive))
<BR><BR>[Stack]<UL><LI>Max Depth = 8<LI>Call Chain = SDMMCHOST_SendCardActive
</UL>
<BR>[Calls]<UL><LI><a href="#[183]">&gt;&gt;</a>&nbsp;&nbsp;&nbsp;USDHC_SetCardActive
</UL>
<BR>[Called By]<UL><LI><a href="#[194]">&gt;&gt;</a>&nbsp;&nbsp;&nbsp;SD_CardInit
</UL>

<P><STRONG><a name="[186]"></a>SDMMCHOST_SetCardClock</STRONG> (Thumb, 16 bytes, Stack size 8 bytes, fsl_sd.o(.text.SDMMCHOST_SetCardClock))
<BR><BR>[Stack]<UL><LI>Max Depth = 24<LI>Call Chain = SDMMCHOST_SetCardClock &rArr; USDHC_SetSdClock
</UL>
<BR>[Calls]<UL><LI><a href="#[187]">&gt;&gt;</a>&nbsp;&nbsp;&nbsp;USDHC_SetSdClock
</UL>
<BR>[Called By]<UL><LI><a href="#[194]">&gt;&gt;</a>&nbsp;&nbsp;&nbsp;SD_CardInit
<LI><a href="#[19c]">&gt;&gt;</a>&nbsp;&nbsp;&nbsp;SD_SelectBusTiming
</UL>

<P><STRONG><a name="[18f]"></a>SD_AllSendCid</STRONG> (Thumb, 86 bytes, Stack size 64 bytes, fsl_sd.o(.text.SD_AllSendCid))
<BR><BR>[Stack]<UL><LI>Max Depth = 208<LI>Call Chain = SD_AllSendCid &rArr; SDMMCHOST_TransferFunction &rArr; USDHC_TransferBlocking &rArr; USDHC_TransferDataBlocking &rArr; USDHC_WriteByDataPortBlocking &rArr; USDHC_WriteDataPort
</UL>
<BR>[Calls]<UL><LI><a href="#[170]">&gt;&gt;</a>&nbsp;&nbsp;&nbsp;SDMMCHOST_TransferFunction
<LI><a href="#[16d]">&gt;&gt;</a>&nbsp;&nbsp;&nbsp;__aeabi_memclr4
<LI><a href="#[190]">&gt;&gt;</a>&nbsp;&nbsp;&nbsp;memcpy
<LI><a href="#[191]">&gt;&gt;</a>&nbsp;&nbsp;&nbsp;SD_DecodeCid
</UL>
<BR>[Called By]<UL><LI><a href="#[194]">&gt;&gt;</a>&nbsp;&nbsp;&nbsp;SD_CardInit
</UL>

<P><STRONG><a name="[192]"></a>SD_ApplicationSendOperationCondition</STRONG> (Thumb, 148 bytes, Stack size 80 bytes, fsl_sd.o(.text.SD_ApplicationSendOperationCondition))
<BR><BR>[Stack]<UL><LI>Max Depth = 304<LI>Call Chain = SD_ApplicationSendOperationCondition &rArr; SD_SendApplicationCmd &rArr; SDMMC_SendApplicationCommand &rArr; SDMMCHOST_TransferFunction &rArr; USDHC_TransferBlocking &rArr; USDHC_TransferDataBlocking &rArr; USDHC_WriteByDataPortBlocking &rArr; USDHC_WriteDataPort
</UL>
<BR>[Calls]<UL><LI><a href="#[169]">&gt;&gt;</a>&nbsp;&nbsp;&nbsp;SDMMC_OSADelay
<LI><a href="#[170]">&gt;&gt;</a>&nbsp;&nbsp;&nbsp;SDMMCHOST_TransferFunction
<LI><a href="#[16d]">&gt;&gt;</a>&nbsp;&nbsp;&nbsp;__aeabi_memclr4
<LI><a href="#[193]">&gt;&gt;</a>&nbsp;&nbsp;&nbsp;SD_SendApplicationCmd
</UL>
<BR>[Called By]<UL><LI><a href="#[195]">&gt;&gt;</a>&nbsp;&nbsp;&nbsp;SD_ProbeBusVoltage
</UL>

<P><STRONG><a name="[191]"></a>SD_DecodeCid</STRONG> (Thumb, 90 bytes, Stack size 8 bytes, fsl_sd.o(.text.SD_DecodeCid))
<BR><BR>[Stack]<UL><LI>Max Depth = 8<LI>Call Chain = SD_DecodeCid
</UL>
<BR>[Called By]<UL><LI><a href="#[18f]">&gt;&gt;</a>&nbsp;&nbsp;&nbsp;SD_AllSendCid
</UL>

<P><STRONG><a name="[1a8]"></a>SD_DecodeCsd</STRONG> (Thumb, 478 bytes, Stack size 8 bytes, fsl_sd.o(.text.SD_DecodeCsd))
<BR><BR>[Stack]<UL><LI>Max Depth = 8<LI>Call Chain = SD_DecodeCsd
</UL>
<BR>[Called By]<UL><LI><a href="#[197]">&gt;&gt;</a>&nbsp;&nbsp;&nbsp;SD_SendCsd
</UL>

<P><STRONG><a name="[1a9]"></a>SD_DecodeScr</STRONG> (Thumb, 180 bytes, Stack size 8 bytes, fsl_sd.o(.text.SD_DecodeScr))
<BR><BR>[Stack]<UL><LI>Max Depth = 8<LI>Call Chain = SD_DecodeScr
</UL>
<BR>[Called By]<UL><LI><a href="#[199]">&gt;&gt;</a>&nbsp;&nbsp;&nbsp;SD_SendScr
</UL>

<P><STRONG><a name="[1a5]"></a>SD_DecodeStatus</STRONG> (Thumb, 94 bytes, Stack size 0 bytes, fsl_sd.o(.text.SD_DecodeStatus))
<BR><BR>[Called By]<UL><LI><a href="#[19d]">&gt;&gt;</a>&nbsp;&nbsp;&nbsp;SD_ReadStatus
</UL>

<P><STRONG><a name="[19e]"></a>SD_ExecuteTuning</STRONG> (Thumb, 26 bytes, Stack size 8 bytes, fsl_sd.o(.text.SD_ExecuteTuning))
<BR><BR>[Stack]<UL><LI>Max Depth = 256<LI>Call Chain = SD_ExecuteTuning &rArr; SDMMCHOST_ExecuteTuning &rArr; SDMMCHOST_ExecuteStdTuning &rArr; SDMMCHOST_TransferFunction &rArr; USDHC_TransferBlocking &rArr; USDHC_TransferDataBlocking &rArr; USDHC_WriteByDataPortBlocking &rArr; USDHC_WriteDataPort
</UL>
<BR>[Calls]<UL><LI><a href="#[174]">&gt;&gt;</a>&nbsp;&nbsp;&nbsp;SDMMCHOST_ExecuteTuning
</UL>
<BR>[Called By]<UL><LI><a href="#[1ad]">&gt;&gt;</a>&nbsp;&nbsp;&nbsp;SD_Transfer
<LI><a href="#[19c]">&gt;&gt;</a>&nbsp;&nbsp;&nbsp;SD_SelectBusTiming
</UL>

<P><STRONG><a name="[19f]"></a>SD_GoIdle</STRONG> (Thumb, 10 bytes, Stack size 8 bytes, fsl_sd.o(.text.SD_GoIdle))
<BR><BR>[Stack]<UL><LI>Max Depth = 216<LI>Call Chain = SD_GoIdle &rArr; SDMMC_GoIdle &rArr; SDMMCHOST_TransferFunction &rArr; USDHC_TransferBlocking &rArr; USDHC_TransferDataBlocking &rArr; USDHC_WriteByDataPortBlocking &rArr; USDHC_WriteDataPort
</UL>
<BR>[Calls]<UL><LI><a href="#[18b]">&gt;&gt;</a>&nbsp;&nbsp;&nbsp;SDMMC_GoIdle
</UL>
<BR>[Called By]<UL><LI><a href="#[195]">&gt;&gt;</a>&nbsp;&nbsp;&nbsp;SD_ProbeBusVoltage
</UL>

<P><STRONG><a name="[1a1]"></a>SD_PollingCardStatusBusy</STRONG> (Thumb, 64 bytes, Stack size 16 bytes, fsl_sd.o(.text.SD_PollingCardStatusBusy))
<BR><BR>[Stack]<UL><LI>Max Depth = 376<LI>Call Chain = SD_PollingCardStatusBusy &rArr; SD_WaitWriteComplete &rArr; SD_Transfer &rArr;  SD_PollingCardStatusBusy (Cycle)
</UL>
<BR>[Calls]<UL><LI><a href="#[169]">&gt;&gt;</a>&nbsp;&nbsp;&nbsp;SDMMC_OSADelay
<LI><a href="#[1a2]">&gt;&gt;</a>&nbsp;&nbsp;&nbsp;SD_WaitWriteComplete
<LI><a href="#[17b]">&gt;&gt;</a>&nbsp;&nbsp;&nbsp;SDMMCHOST_IsCardBusy
</UL>
<BR>[Called By]<UL><LI><a href="#[19d]">&gt;&gt;</a>&nbsp;&nbsp;&nbsp;SD_ReadStatus
<LI><a href="#[1ad]">&gt;&gt;</a>&nbsp;&nbsp;&nbsp;SD_Transfer
</UL>

<P><STRONG><a name="[195]"></a>SD_ProbeBusVoltage</STRONG> (Thumb, 200 bytes, Stack size 16 bytes, fsl_sd.o(.text.SD_ProbeBusVoltage))
<BR><BR>[Stack]<UL><LI>Max Depth = 320<LI>Call Chain = SD_ProbeBusVoltage &rArr; SD_ApplicationSendOperationCondition &rArr; SD_SendApplicationCmd &rArr; SDMMC_SendApplicationCommand &rArr; SDMMCHOST_TransferFunction &rArr; USDHC_TransferBlocking &rArr; USDHC_TransferDataBlocking &rArr; USDHC_WriteByDataPortBlocking &rArr; USDHC_WriteDataPort
</UL>
<BR>[Calls]<UL><LI><a href="#[188]">&gt;&gt;</a>&nbsp;&nbsp;&nbsp;SDMMCHOST_SwitchToVoltage
<LI><a href="#[1a4]">&gt;&gt;</a>&nbsp;&nbsp;&nbsp;SD_SwitchVoltage
<LI><a href="#[1a3]">&gt;&gt;</a>&nbsp;&nbsp;&nbsp;SD_SendInterfaceCondition
<LI><a href="#[19f]">&gt;&gt;</a>&nbsp;&nbsp;&nbsp;SD_GoIdle
<LI><a href="#[192]">&gt;&gt;</a>&nbsp;&nbsp;&nbsp;SD_ApplicationSendOperationCondition
</UL>
<BR>[Called By]<UL><LI><a href="#[194]">&gt;&gt;</a>&nbsp;&nbsp;&nbsp;SD_CardInit
</UL>

<P><STRONG><a name="[19c]"></a>SD_SelectBusTiming</STRONG> (Thumb, 292 bytes, Stack size 16 bytes, fsl_sd.o(.text.SD_SelectBusTiming))
<BR><BR>[Stack]<UL><LI>Max Depth = 296<LI>Call Chain = SD_SelectBusTiming &rArr; SD_SelectFunction &rArr; SD_SwitchFunction &rArr; SDMMCHOST_TransferFunction &rArr; USDHC_TransferBlocking &rArr; USDHC_TransferDataBlocking &rArr; USDHC_WriteByDataPortBlocking &rArr; USDHC_WriteDataPort
</UL>
<BR>[Calls]<UL><LI><a href="#[1a6]">&gt;&gt;</a>&nbsp;&nbsp;&nbsp;SD_SelectFunction
<LI><a href="#[19e]">&gt;&gt;</a>&nbsp;&nbsp;&nbsp;SD_ExecuteTuning
<LI><a href="#[186]">&gt;&gt;</a>&nbsp;&nbsp;&nbsp;SDMMCHOST_SetCardClock
<LI><a href="#[15f]">&gt;&gt;</a>&nbsp;&nbsp;&nbsp;SDMMCHOST_EnableDDRMode
</UL>
<BR>[Called By]<UL><LI><a href="#[194]">&gt;&gt;</a>&nbsp;&nbsp;&nbsp;SD_CardInit
</UL>

<P><STRONG><a name="[1a6]"></a>SD_SelectFunction</STRONG> (Thumb, 314 bytes, Stack size 40 bytes, fsl_sd.o(.text.SD_SelectFunction))
<BR><BR>[Stack]<UL><LI>Max Depth = 280<LI>Call Chain = SD_SelectFunction &rArr; SD_SwitchFunction &rArr; SDMMCHOST_TransferFunction &rArr; USDHC_TransferBlocking &rArr; USDHC_TransferDataBlocking &rArr; USDHC_WriteByDataPortBlocking &rArr; USDHC_WriteDataPort
</UL>
<BR>[Calls]<UL><LI><a href="#[e8]">&gt;&gt;</a>&nbsp;&nbsp;&nbsp;memset
<LI><a href="#[1a7]">&gt;&gt;</a>&nbsp;&nbsp;&nbsp;SD_SwitchFunction
</UL>
<BR>[Called By]<UL><LI><a href="#[19c]">&gt;&gt;</a>&nbsp;&nbsp;&nbsp;SD_SelectBusTiming
</UL>

<P><STRONG><a name="[193]"></a>SD_SendApplicationCmd</STRONG> (Thumb, 10 bytes, Stack size 8 bytes, fsl_sd.o(.text.SD_SendApplicationCmd))
<BR><BR>[Stack]<UL><LI>Max Depth = 224<LI>Call Chain = SD_SendApplicationCmd &rArr; SDMMC_SendApplicationCommand &rArr; SDMMCHOST_TransferFunction &rArr; USDHC_TransferBlocking &rArr; USDHC_TransferDataBlocking &rArr; USDHC_WriteByDataPortBlocking &rArr; USDHC_WriteDataPort
</UL>
<BR>[Calls]<UL><LI><a href="#[18d]">&gt;&gt;</a>&nbsp;&nbsp;&nbsp;SDMMC_SendApplicationCommand
</UL>
<BR>[Called By]<UL><LI><a href="#[19d]">&gt;&gt;</a>&nbsp;&nbsp;&nbsp;SD_ReadStatus
<LI><a href="#[19a]">&gt;&gt;</a>&nbsp;&nbsp;&nbsp;SD_SetDataBusWidth
<LI><a href="#[199]">&gt;&gt;</a>&nbsp;&nbsp;&nbsp;SD_SendScr
<LI><a href="#[192]">&gt;&gt;</a>&nbsp;&nbsp;&nbsp;SD_ApplicationSendOperationCondition
</UL>

<P><STRONG><a name="[197]"></a>SD_SendCsd</STRONG> (Thumb, 90 bytes, Stack size 64 bytes, fsl_sd.o(.text.SD_SendCsd))
<BR><BR>[Stack]<UL><LI>Max Depth = 208<LI>Call Chain = SD_SendCsd &rArr; SDMMCHOST_TransferFunction &rArr; USDHC_TransferBlocking &rArr; USDHC_TransferDataBlocking &rArr; USDHC_WriteByDataPortBlocking &rArr; USDHC_WriteDataPort
</UL>
<BR>[Calls]<UL><LI><a href="#[170]">&gt;&gt;</a>&nbsp;&nbsp;&nbsp;SDMMCHOST_TransferFunction
<LI><a href="#[16d]">&gt;&gt;</a>&nbsp;&nbsp;&nbsp;__aeabi_memclr4
<LI><a href="#[190]">&gt;&gt;</a>&nbsp;&nbsp;&nbsp;memcpy
<LI><a href="#[1a8]">&gt;&gt;</a>&nbsp;&nbsp;&nbsp;SD_DecodeCsd
</UL>
<BR>[Called By]<UL><LI><a href="#[194]">&gt;&gt;</a>&nbsp;&nbsp;&nbsp;SD_CardInit
</UL>

<P><STRONG><a name="[1a3]"></a>SD_SendInterfaceCondition</STRONG> (Thumb, 92 bytes, Stack size 64 bytes, fsl_sd.o(.text.SD_SendInterfaceCondition))
<BR><BR>[Stack]<UL><LI>Max Depth = 208<LI>Call Chain = SD_SendInterfaceCondition &rArr; SDMMCHOST_TransferFunction &rArr; USDHC_TransferBlocking &rArr; USDHC_TransferDataBlocking &rArr; USDHC_WriteByDataPortBlocking &rArr; USDHC_WriteDataPort
</UL>
<BR>[Calls]<UL><LI><a href="#[170]">&gt;&gt;</a>&nbsp;&nbsp;&nbsp;SDMMCHOST_TransferFunction
<LI><a href="#[16d]">&gt;&gt;</a>&nbsp;&nbsp;&nbsp;__aeabi_memclr4
</UL>
<BR>[Called By]<UL><LI><a href="#[195]">&gt;&gt;</a>&nbsp;&nbsp;&nbsp;SD_ProbeBusVoltage
</UL>

<P><STRONG><a name="[196]"></a>SD_SendRca</STRONG> (Thumb, 62 bytes, Stack size 64 bytes, fsl_sd.o(.text.SD_SendRca))
<BR><BR>[Stack]<UL><LI>Max Depth = 208<LI>Call Chain = SD_SendRca &rArr; SDMMCHOST_TransferFunction &rArr; USDHC_TransferBlocking &rArr; USDHC_TransferDataBlocking &rArr; USDHC_WriteByDataPortBlocking &rArr; USDHC_WriteDataPort
</UL>
<BR>[Calls]<UL><LI><a href="#[170]">&gt;&gt;</a>&nbsp;&nbsp;&nbsp;SDMMCHOST_TransferFunction
<LI><a href="#[16d]">&gt;&gt;</a>&nbsp;&nbsp;&nbsp;__aeabi_memclr4
</UL>
<BR>[Called By]<UL><LI><a href="#[194]">&gt;&gt;</a>&nbsp;&nbsp;&nbsp;SD_CardInit
</UL>

<P><STRONG><a name="[199]"></a>SD_SendScr</STRONG> (Thumb, 184 bytes, Stack size 88 bytes, fsl_sd.o(.text.SD_SendScr))
<BR><BR>[Stack]<UL><LI>Max Depth = 312<LI>Call Chain = SD_SendScr &rArr; SD_SendApplicationCmd &rArr; SDMMC_SendApplicationCommand &rArr; SDMMCHOST_TransferFunction &rArr; USDHC_TransferBlocking &rArr; USDHC_TransferDataBlocking &rArr; USDHC_WriteByDataPortBlocking &rArr; USDHC_WriteDataPort
</UL>
<BR>[Calls]<UL><LI><a href="#[170]">&gt;&gt;</a>&nbsp;&nbsp;&nbsp;SDMMCHOST_TransferFunction
<LI><a href="#[e8]">&gt;&gt;</a>&nbsp;&nbsp;&nbsp;memset
<LI><a href="#[16d]">&gt;&gt;</a>&nbsp;&nbsp;&nbsp;__aeabi_memclr4
<LI><a href="#[193]">&gt;&gt;</a>&nbsp;&nbsp;&nbsp;SD_SendApplicationCmd
<LI><a href="#[1a9]">&gt;&gt;</a>&nbsp;&nbsp;&nbsp;SD_DecodeScr
</UL>
<BR>[Called By]<UL><LI><a href="#[194]">&gt;&gt;</a>&nbsp;&nbsp;&nbsp;SD_CardInit
</UL>

<P><STRONG><a name="[19b]"></a>SD_SetBlockSize</STRONG> (Thumb, 14 bytes, Stack size 8 bytes, fsl_sd.o(.text.SD_SetBlockSize))
<BR><BR>[Stack]<UL><LI>Max Depth = 224<LI>Call Chain = SD_SetBlockSize &rArr; SDMMC_SetBlockSize &rArr; SDMMCHOST_TransferFunction &rArr; USDHC_TransferBlocking &rArr; USDHC_TransferDataBlocking &rArr; USDHC_WriteByDataPortBlocking &rArr; USDHC_WriteDataPort
</UL>
<BR>[Calls]<UL><LI><a href="#[18e]">&gt;&gt;</a>&nbsp;&nbsp;&nbsp;SDMMC_SetBlockSize
</UL>
<BR>[Called By]<UL><LI><a href="#[194]">&gt;&gt;</a>&nbsp;&nbsp;&nbsp;SD_CardInit
</UL>

<P><STRONG><a name="[19a]"></a>SD_SetDataBusWidth</STRONG> (Thumb, 70 bytes, Stack size 64 bytes, fsl_sd.o(.text.SD_SetDataBusWidth))
<BR><BR>[Stack]<UL><LI>Max Depth = 288<LI>Call Chain = SD_SetDataBusWidth &rArr; SD_SendApplicationCmd &rArr; SDMMC_SendApplicationCommand &rArr; SDMMCHOST_TransferFunction &rArr; USDHC_TransferBlocking &rArr; USDHC_TransferDataBlocking &rArr; USDHC_WriteByDataPortBlocking &rArr; USDHC_WriteDataPort
</UL>
<BR>[Calls]<UL><LI><a href="#[170]">&gt;&gt;</a>&nbsp;&nbsp;&nbsp;SDMMCHOST_TransferFunction
<LI><a href="#[16d]">&gt;&gt;</a>&nbsp;&nbsp;&nbsp;__aeabi_memclr4
<LI><a href="#[193]">&gt;&gt;</a>&nbsp;&nbsp;&nbsp;SD_SendApplicationCmd
</UL>
<BR>[Called By]<UL><LI><a href="#[194]">&gt;&gt;</a>&nbsp;&nbsp;&nbsp;SD_CardInit
</UL>

<P><STRONG><a name="[1ac]"></a>SD_StopTransmission</STRONG> (Thumb, 60 bytes, Stack size 64 bytes, fsl_sd.o(.text.SD_StopTransmission))
<BR><BR>[Stack]<UL><LI>Max Depth = 208<LI>Call Chain = SD_StopTransmission &rArr; SDMMCHOST_TransferFunction &rArr; USDHC_TransferBlocking &rArr; USDHC_TransferDataBlocking &rArr; USDHC_WriteByDataPortBlocking &rArr; USDHC_WriteDataPort
</UL>
<BR>[Calls]<UL><LI><a href="#[170]">&gt;&gt;</a>&nbsp;&nbsp;&nbsp;SDMMCHOST_TransferFunction
<LI><a href="#[16d]">&gt;&gt;</a>&nbsp;&nbsp;&nbsp;__aeabi_memclr4
</UL>
<BR>[Called By]<UL><LI><a href="#[1ad]">&gt;&gt;</a>&nbsp;&nbsp;&nbsp;SD_Transfer
</UL>

<P><STRONG><a name="[1a7]"></a>SD_SwitchFunction</STRONG> (Thumb, 110 bytes, Stack size 96 bytes, fsl_sd.o(.text.SD_SwitchFunction))
<BR><BR>[Stack]<UL><LI>Max Depth = 240<LI>Call Chain = SD_SwitchFunction &rArr; SDMMCHOST_TransferFunction &rArr; USDHC_TransferBlocking &rArr; USDHC_TransferDataBlocking &rArr; USDHC_WriteByDataPortBlocking &rArr; USDHC_WriteDataPort
</UL>
<BR>[Calls]<UL><LI><a href="#[170]">&gt;&gt;</a>&nbsp;&nbsp;&nbsp;SDMMCHOST_TransferFunction
<LI><a href="#[16d]">&gt;&gt;</a>&nbsp;&nbsp;&nbsp;__aeabi_memclr4
</UL>
<BR>[Called By]<UL><LI><a href="#[1a6]">&gt;&gt;</a>&nbsp;&nbsp;&nbsp;SD_SelectFunction
</UL>

<P><STRONG><a name="[1a4]"></a>SD_SwitchVoltage</STRONG> (Thumb, 166 bytes, Stack size 64 bytes, fsl_sd.o(.text.SD_SwitchVoltage))
<BR><BR>[Stack]<UL><LI>Max Depth = 208<LI>Call Chain = SD_SwitchVoltage &rArr; SDMMCHOST_TransferFunction &rArr; USDHC_TransferBlocking &rArr; USDHC_TransferDataBlocking &rArr; USDHC_WriteByDataPortBlocking &rArr; USDHC_WriteDataPort
</UL>
<BR>[Calls]<UL><LI><a href="#[169]">&gt;&gt;</a>&nbsp;&nbsp;&nbsp;SDMMC_OSADelay
<LI><a href="#[188]">&gt;&gt;</a>&nbsp;&nbsp;&nbsp;SDMMCHOST_SwitchToVoltage
<LI><a href="#[170]">&gt;&gt;</a>&nbsp;&nbsp;&nbsp;SDMMCHOST_TransferFunction
<LI><a href="#[16d]">&gt;&gt;</a>&nbsp;&nbsp;&nbsp;__aeabi_memclr4
<LI><a href="#[1aa]">&gt;&gt;</a>&nbsp;&nbsp;&nbsp;SD_SetCardPower
<LI><a href="#[177]">&gt;&gt;</a>&nbsp;&nbsp;&nbsp;SDMMCHOST_GetSignalLineStatus
<LI><a href="#[175]">&gt;&gt;</a>&nbsp;&nbsp;&nbsp;SDMMCHOST_ForceClockOn
</UL>
<BR>[Called By]<UL><LI><a href="#[195]">&gt;&gt;</a>&nbsp;&nbsp;&nbsp;SD_ProbeBusVoltage
</UL>

<P><STRONG><a name="[1ad]"></a>SD_Transfer</STRONG> (Thumb, 132 bytes, Stack size 32 bytes, fsl_sd.o(.text.SD_Transfer))
<BR><BR>[Stack]<UL><LI>Max Depth = 288 + In Cycle
<LI>Call Chain = SD_Transfer &rArr;  SD_PollingCardStatusBusy (Cycle)
</UL>
<BR>[Calls]<UL><LI><a href="#[170]">&gt;&gt;</a>&nbsp;&nbsp;&nbsp;SDMMCHOST_TransferFunction
<LI><a href="#[1ac]">&gt;&gt;</a>&nbsp;&nbsp;&nbsp;SD_StopTransmission
<LI><a href="#[1a1]">&gt;&gt;</a>&nbsp;&nbsp;&nbsp;SD_PollingCardStatusBusy
<LI><a href="#[19e]">&gt;&gt;</a>&nbsp;&nbsp;&nbsp;SD_ExecuteTuning
</UL>
<BR>[Called By]<UL><LI><a href="#[1a2]">&gt;&gt;</a>&nbsp;&nbsp;&nbsp;SD_WaitWriteComplete
</UL>

<P><STRONG><a name="[1a2]"></a>SD_WaitWriteComplete</STRONG> (Thumb, 98 bytes, Stack size 72 bytes, fsl_sd.o(.text.SD_WaitWriteComplete))
<BR><BR>[Stack]<UL><LI>Max Depth = 360<LI>Call Chain = SD_WaitWriteComplete &rArr; SD_Transfer &rArr;  SD_PollingCardStatusBusy (Cycle)
</UL>
<BR>[Calls]<UL><LI><a href="#[16d]">&gt;&gt;</a>&nbsp;&nbsp;&nbsp;__aeabi_memclr4
<LI><a href="#[1ad]">&gt;&gt;</a>&nbsp;&nbsp;&nbsp;SD_Transfer
</UL>
<BR>[Called By]<UL><LI><a href="#[1a1]">&gt;&gt;</a>&nbsp;&nbsp;&nbsp;SD_PollingCardStatusBusy
</UL>

<P><STRONG><a name="[176]"></a>USDHC_ForceClockOn</STRONG> (Thumb, 22 bytes, Stack size 0 bytes, fsl_sd.o(.text.USDHC_ForceClockOn))
<BR><BR>[Called By]<UL><LI><a href="#[175]">&gt;&gt;</a>&nbsp;&nbsp;&nbsp;SDMMCHOST_ForceClockOn
</UL>

<P><STRONG><a name="[178]"></a>USDHC_GetPresentStatusFlags</STRONG> (Thumb, 4 bytes, Stack size 0 bytes, fsl_sd.o(.text.USDHC_GetPresentStatusFlags))
<BR><BR>[Called By]<UL><LI><a href="#[17b]">&gt;&gt;</a>&nbsp;&nbsp;&nbsp;SDMMCHOST_IsCardBusy
<LI><a href="#[177]">&gt;&gt;</a>&nbsp;&nbsp;&nbsp;SDMMCHOST_GetSignalLineStatus
</UL>

<P><STRONG><a name="[1dd]"></a>_printf_core</STRONG> (Thumb, 336 bytes, Stack size 88 bytes, printf1.o(i._printf_core), UNUSED)
<BR><BR>[Calls]<UL><LI><a href="#[1de]">&gt;&gt;</a>&nbsp;&nbsp;&nbsp;__aeabi_uidivmod
</UL>
<BR>[Called By]<UL><LI><a href="#[1dc]">&gt;&gt;</a>&nbsp;&nbsp;&nbsp;__0printf$1
</UL>
<P>
<H3>
Undefined Global Symbols
</H3><HR></body></html>
